<html>
<body>
<pre>
<h1>µVision Build Log</h1>
<h2>Project:</h2>
C:\Users\gxnu\Desktop\LCM_Board_3.17\lcd_controller.uvproj
Project File Date:  03/19/2017

<h2>Output:</h2>
Build target 'Target 1'
compiling user.c...
USER\user.c(789): warning:  #223-D: function "mymalloc" declared implicitly
USER\user.c(789): error:  #20: identifier "SRAMIN" is undefined
USER\user.c(789): error:  #513: a value of type "int" cannot be assigned to an entity of type "unsigned char *"
USER\user.c(790): warning:  #223-D: function "myfree" declared implicitly
USER\user.c(802): warning:  #223-D: function "myfree" declared implicitly
USER\user.c(803): warning:  #223-D: function "myfree" declared implicitly
USER\user.c(817): warning:  #223-D: function "myfree" declared implicitly
USER\user.c(847): warning:  #223-D: function "myfree" declared implicitly
USER\user.c(872): warning:  #223-D: function "mymalloc" declared implicitly
USER\user.c(872): error:  #20: identifier "SRAMIN" is undefined
USER\user.c(872): error:  #513: a value of type "int" cannot be assigned to an entity of type "unsigned char *"
USER\user.c(873): warning:  #223-D: function "myfree" declared implicitly
USER\user.c(885): warning:  #223-D: function "myfree" declared implicitly
USER\user.c(886): warning:  #223-D: function "myfree" declared implicitly
USER\user.c(900): warning:  #223-D: function "myfree" declared implicitly
USER\user.c(919): warning:  #223-D: function "myfree" declared implicitly
USER\user.c(944): warning:  #223-D: function "mymalloc" declared implicitly
USER\user.c(944): error:  #20: identifier "SRAMIN" is undefined
USER\user.c(944): error:  #513: a value of type "int" cannot be assigned to an entity of type "unsigned char *"
USER\user.c(945): warning:  #223-D: function "myfree" declared implicitly
USER\user.c(971): warning:  #223-D: function "myfree" declared implicitly
Target not created
Build target 'Target 1'
compiling main.c...
compiling user.c...
compiling gxnu.c...
compiling usb_endp.c...
compiling pc_com.c...
compiling usmart.c...
compiling usmart_config.c...
compiling YT70F21X0.c...
compiling YT52F10A1.c...
compiling YT55F96A6.c...
compiling malloc.c...
linking...
Program Size: Code=83344 RO-data=15924 RW-data=1176 ZI-data=44200  
FromELF: creating hex file...
".\Output\FHD_NT35596.axf" - 0 Error(s), 0 Warning(s).
Build target 'Target 1'
compiling main.c...
linking...
Program Size: Code=83344 RO-data=15924 RW-data=1240 ZI-data=44200  
FromELF: creating hex file...
".\Output\FHD_NT35596.axf" - 0 Error(s), 0 Warning(s).
Build target 'Target 1'
compiling main.c...
linking...
Program Size: Code=83356 RO-data=15928 RW-data=1240 ZI-data=44200  
FromELF: creating hex file...
".\Output\FHD_NT35596.axf" - 0 Error(s), 0 Warning(s).
Build target 'Target 1'
compiling main.c...
linking...
Program Size: Code=83336 RO-data=15924 RW-data=1240 ZI-data=44200  
FromELF: creating hex file...
".\Output\FHD_NT35596.axf" - 0 Error(s), 0 Warning(s).
Build target 'Target 1'
compiling main.c...
USER\main.c(153): error:  #20: identifier "srambuf" is undefined
Target not created
Build target 'Target 1'
compiling main.c...
linking...
Program Size: Code=83420 RO-data=15928 RW-data=1240 ZI-data=44200  
FromELF: creating hex file...
".\Output\FHD_NT35596.axf" - 0 Error(s), 0 Warning(s).
Build target 'Target 1'
compiling main.c...
linking...
Program Size: Code=83456 RO-data=15924 RW-data=1240 ZI-data=44200  
FromELF: creating hex file...
".\Output\FHD_NT35596.axf" - 0 Error(s), 0 Warning(s).
Build target 'Target 1'
compiling user.c...
linking...
Program Size: Code=83456 RO-data=15924 RW-data=1240 ZI-data=33384  
FromELF: creating hex file...
".\Output\FHD_NT35596.axf" - 0 Error(s), 0 Warning(s).
Build target 'Target 1'
compiling main.c...
compiling user.c...
compiling gxnu.c...
compiling usb_endp.c...
compiling pc_com.c...
compiling usmart.c...
compiling usmart_config.c...
compiling YT70F21X0.c...
compiling YT52F10A1.c...
compiling YT55F96A6.c...
compiling malloc.c...
linking...
Program Size: Code=83456 RO-data=15924 RW-data=1240 ZI-data=42088  
FromELF: creating hex file...
".\Output\FHD_NT35596.axf" - 0 Error(s), 0 Warning(s).
Build target 'Target 1'
linking...
Program Size: Code=83456 RO-data=15924 RW-data=1240 ZI-data=42088  
FromELF: creating hex file...
".\Output\FHD_NT35596.axf" - 0 Error(s), 0 Warning(s).
Build target 'Target 1'
assembling startup_stm32f10x_hd.s...
compiling main.c...
compiling stm32f10x_it.c...
compiling SysTick.c...
compiling ssd2828.c...
compiling in_img.c...
compiling showtext.c...
compiling gxnussd2828.c...
compiling bmp.c...
compiling bsp_sdio_sdcard.c...
compiling bsp_usart1.c...
compiling sdcard.c...
compiling user.c...
compiling gxnu.c...
compiling delay.c...
compiling stm32f10x_fsmc.c...
compiling stm32f10x_gpio.c...
compiling stm32f10x_sdio.c...
compiling stm32f10x_usart.c...
compiling stm32f10x_dma.c...
compiling misc.c...
compiling stm32f10x_tim.c...
compiling stm32f10x_spi.c...
compiling stm32f10x_i2c.c...
compiling stm32f10x_rcc.c...
compiling stm32f10x_flash.c...
compiling stm32f10x_exti.c...
compiling core_cm3.c...
compiling system_stm32f10x.c...
compiling diskio.c...
compiling ff.c...
compiling usb_core.c...
compiling usb_init.c...
compiling usb_int.c...
compiling usb_mem.c...
compiling usb_regs.c...
compiling usb_sil.c...
compiling hw_config.c...
compiling usb_desc.c...
compiling usb_endp.c...
compiling usb_istr.c...
compiling usb_prop.c...
compiling usb_pwr.c...
compiling pc_com.c...
compiling usmart.c...
compiling usmart_config.c...
compiling usmart_str.c...
compiling YT70F21X0.c...
compiling YT52F10A1.c...
compiling YT55F96A6.c...
compiling malloc.c...
linking...
Program Size: Code=83456 RO-data=15924 RW-data=1240 ZI-data=42088  
FromELF: creating hex file...
".\Output\hex\FHD_NT35596.axf" - 0 Error(s), 0 Warning(s).
