ARM Linker, 5.03 [Build 24] [MDK-ARM Professional]

==============================================================================

Section Cross References

    startup_stm32f10x_hd.o(RESET) refers to startup_stm32f10x_hd.o(STACK) for __initial_sp
    startup_stm32f10x_hd.o(RESET) refers to startup_stm32f10x_hd.o(.text) for Reset_Handler
    startup_stm32f10x_hd.o(RESET) refers to stm32f10x_it.o(.text) for NMI_Handler
    startup_stm32f10x_hd.o(RESET) refers to user.o(.text) for TIM3_IRQHandler
    startup_stm32f10x_hd.o(.text) refers to system_stm32f10x.o(.text) for SystemInit
    startup_stm32f10x_hd.o(.text) refers to entry.o(.ARM.Collect$$$$00000000) for __main
    main.o(.text) refers to printf8.o(i.__0printf$8) for __2printf
    main.o(.text) refers to lcd_drv.o(.text) for LcdDrvSetFrame
    main.o(.text) refers to in_img.o(.text) for Img_Full
    main.o(.text) refers to user.o(.text) for OutPutSdCardFileRollingover
    main.o(.text) refers to key.o(.text) for Key_Read
    main.o(.text) refers to system_stm32f10x.o(.text) for SystemInit
    main.o(.text) refers to malloc.o(.text) for my_mem_init
    main.o(.text) refers to bsp_sdio_sdcard.o(.text) for NVIC_Configuration
    main.o(.text) refers to delay.o(.text) for delay_init
    main.o(.text) refers to yt55f96a6.o(.text) for LCD_SSD_SET
    main.o(.text) refers to ssd2828.o(.text) for ssd_rdata
    main.o(.text) refers to main.o(.data) for loadpic
    main.o(.text) refers to main.o(.bss) for frame_delay_ms
    main.o(.text) refers to key.o(.data) for KeyTrg
    main.o(.text) refers to user.o(.data) for uTimerH
    main.o(.text) refers to systick.o(.data) for _1ms_ok
    main.o(.text) refers to usmart_config.o(.data) for usmart_dev
    stm32f10x_it.o(.text) refers to systick.o(.text) for TimingDelay_Decrement
    stm32f10x_it.o(.text) refers to sdcard.o(.text) for MISD_ProcessIRQSrc
    stm32f10x_it.o(.text) refers to usb_istr.o(.text) for USB_Istr
    stm32f10x_it.o(.text) refers to usb_int.o(.text) for CTR_HP
    systick.o(.text) refers to systick.o(.data) for TimingDelay
    systick.o(.text) refers to systick.o(.bss) for task_time_ms
    ssd2828.o(.text) refers to delay.o(.text) for Delay_10us
    ssd2828.o(.text) refers to stm32f10x_rcc.o(.text) for RCC_APB2PeriphClockCmd
    ssd2828.o(.text) refers to stm32f10x_gpio.o(.text) for GPIO_Init
    ssd2828.o(.text) refers to ssd2828.o(.data) for mode
    ssd2828.o(.text) refers to lcd_drv.o(.data) for Lcd_HSPW
    in_img.o(.text) refers to lcd_drv.o(.text) for LcdDrvWriteData
    in_img.o(.text) refers to lcd_drv.o(.data) for Lcd_LCDH
    showtext.o(.text) refers to delay.o(.text) for Delay_10us
    showtext.o(.text) refers to lcd_drv.o(.text) for LcdDrvGotoXy
    showtext.o(.text) refers to showtext.o(.constdata) for ascii_char
    gxnussd2828.o(.text) refers to ssd2828.o(.text) for Write_SSPI_REG
    gxnussd2828.o(.text) refers to printf8.o(i.__0printf$8) for __2printf
    gxnussd2828.o(.text) refers to delay.o(.text) for Delay_ms
    gxnussd2828.o(.text) refers to lcd_drv.o(.data) for Lcd_LCDH
    gxnussd2828.o(.text) refers to gxnussd2828.o(.data) for Lcd_fps
    bsp_sdio_sdcard.o(.text) refers to stm32f10x_sdio.o(.text) for SDIO_ClockCmd
    bsp_sdio_sdcard.o(.text) refers to stm32f10x_rcc.o(.text) for RCC_AHBPeriphClockCmd
    bsp_sdio_sdcard.o(.text) refers to stm32f10x_gpio.o(.text) for GPIO_Init
    bsp_sdio_sdcard.o(.text) refers to misc.o(.text) for NVIC_PriorityGroupConfig
    bsp_sdio_sdcard.o(.text) refers to stm32f10x_dma.o(.text) for DMA_GetFlagStatus
    bsp_sdio_sdcard.o(.text) refers to bsp_sdio_sdcard.o(.bss) for SDIO_CmdInitStructure
    bsp_sdio_sdcard.o(.text) refers to bsp_sdio_sdcard.o(.data) for RCA
    bsp_usart1.o(.text) refers to stm32f10x_rcc.o(.text) for RCC_APB2PeriphClockCmd
    bsp_usart1.o(.text) refers to stm32f10x_gpio.o(.text) for GPIO_Init
    bsp_usart1.o(.text) refers to stm32f10x_usart.o(.text) for USART_Init
    sdcard.o(.text) refers to stm32f10x_sdio.o(.text) for SDIO_ClearFlag
    sdcard.o(.text) refers to sdcard.o(.data) for CardType
    sdcard.o(.text) refers to bsp_sdio_sdcard.o(.bss) for SDIO_CmdInitStructure
    sdcard.o(.text) refers to sdcard.o(.bss) for CID_Tab
    sdcard.o(.text) refers to stm32f10x_rcc.o(.text) for RCC_APB2PeriphClockCmd
    sdcard.o(.text) refers to stm32f10x_gpio.o(.text) for GPIO_Init
    sdcard.o(.text) refers to stm32f10x_dma.o(.text) for DMA_ClearFlag
    user.o(.text) refers to lcd_drv.o(.text) for LcdDrvInit
    user.o(.text) refers to ssd2828.o(.text) for GP_LP
    user.o(.text) refers to stm32f10x_rcc.o(.text) for RCC_APB2PeriphClockCmd
    user.o(.text) refers to stm32f10x_usart.o(.text) for USART_DeInit
    user.o(.text) refers to stm32f10x_gpio.o(.text) for GPIO_Init
    user.o(.text) refers to misc.o(.text) for NVIC_Init
    user.o(.text) refers to stm32f10x_tim.o(.text) for TIM_TimeBaseInit
    user.o(.text) refers to lcd_drv.o(.data) for Lcd_MODE
    user.o(.text) refers to gxnussd2828.o(.data) for Lcd_fps
[...]
    SD_ReadMultiBlocks                       0x08004575   Thumb Code   248  bsp_sdio_sdcard.o(.text)
    SD_WaitReadOperation                     0x0800466d   Thumb Code    42  bsp_sdio_sdcard.o(.text)
    SD_WriteBlock                            0x08004697   Thumb Code   190  bsp_sdio_sdcard.o(.text)
    SD_WriteMultiBlocks                      0x08004755   Thumb Code   294  bsp_sdio_sdcard.o(.text)
    SD_WaitWriteOperation                    0x0800487b   Thumb Code    50  bsp_sdio_sdcard.o(.text)
    SD_GetTransferState                      0x080048ad   Thumb Code    18  bsp_sdio_sdcard.o(.text)
    SD_StopTransfer                          0x080048bf   Thumb Code    28  bsp_sdio_sdcard.o(.text)
    SD_Erase                                 0x08004a89   Thumb Code   290  bsp_sdio_sdcard.o(.text)
    SD_ProcessIRQSrc                         0x08004bab   Thumb Code    70  bsp_sdio_sdcard.o(.text)
    convert_from_bytes_to_power_of_two       0x08004bf1   Thumb Code    18  bsp_sdio_sdcard.o(.text)
    USART1_Config                            0x08004c25   Thumb Code   124  bsp_usart1.o(.text)
    fputc                                    0x08004ca1   Thumb Code    32  bsp_usart1.o(.text)
    fgetc                                    0x08004cc1   Thumb Code    26  bsp_usart1.o(.text)
    MISD_InitializeCards                     0x08004dbf   Thumb Code   300  sdcard.o(.text)
    MISD_PowerON                             0x080050b9   Thumb Code   418  sdcard.o(.text)
    MISD_Init                                0x08005291   Thumb Code    84  sdcard.o(.text)
    MISD_PowerOFF                            0x080052e5   Thumb Code    14  sdcard.o(.text)
    MISD_GetCardInfo                         0x080052f3   Thumb Code   780  sdcard.o(.text)
    MISD_EnableWideBusOperation              0x0800589b   Thumb Code   178  sdcard.o(.text)
    MISD_SetDeviceMode                       0x0800594d   Thumb Code    24  sdcard.o(.text)
    MISD_SelectDeselect                      0x08005965   Thumb Code    48  sdcard.o(.text)
    MISD_ReadBlock                           0x080059fd   Thumb Code   568  sdcard.o(.text)
    MISD_ReadMultiBlocks                     0x08005c35   Thumb Code   776  sdcard.o(.text)
    MISD_WriteBlock                          0x0800611f   Thumb Code   896  sdcard.o(.text)
    MISD_WriteMultiBlocks                    0x0800649f   Thumb Code  1020  sdcard.o(.text)
    MISD_GetTransferState                    0x0800689b   Thumb Code    18  sdcard.o(.text)
    MISD_StopTransfer                        0x080068ad   Thumb Code    46  sdcard.o(.text)
    MISD_Erase                               0x080068db   Thumb Code   354  sdcard.o(.text)
    MISD_SendStatus                          0x08006a3d   Thumb Code    76  sdcard.o(.text)
    MISD_SendSDStatus                        0x08006a89   Thumb Code   416  sdcard.o(.text)
    MISD_ProcessIRQSrc                       0x08006c29   Thumb Code   606  sdcard.o(.text)
    LCD_SSD_SETT                             0x08006e8d   Thumb Code   164  user.o(.text)
    LCD_INITT                                0x08006f31   Thumb Code    94  user.o(.text)
    Usart_Init                               0x08006f8f   Thumb Code   158  user.o(.text)
    LCDGPIO_Configuration                    0x0800702d   Thumb Code   276  user.o(.text)
    LCM_RST_1                                0x08007141   Thumb Code    36  user.o(.text)
    LCM_RST_0                                0x08007165   Thumb Code    36  user.o(.text)
    POWER_ON                                 0x08007189   Thumb Code    12  user.o(.text)
    POWER_OFF                                0x08007195   Thumb Code    12  user.o(.text)
    LCM_BIST_1                               0x080071a1   Thumb Code    12  user.o(.text)
    LCM_BIST_0                               0x080071ad   Thumb Code    12  user.o(.text)
    TIM3_Int_Init                            0x080071b9   Thumb Code    90  user.o(.text)
    TIM3_IRQHandler                          0x08007213   Thumb Code   222  user.o(.text)
    ReadVCOM                                 0x080072f1   Thumb Code    62  user.o(.text)
    printfk                                  0x0800732f   Thumb Code   134  user.o(.text)
    USB_SendString                           0x080073b5   Thumb Code    66  user.o(.text)
    hid_printf                               0x080073f7   Thumb Code   134  user.o(.text)
    usb_port_set                             0x0800747d   Thumb Code    68  user.o(.text)
    InitMipi_PanelInit                       0x080074c1   Thumb Code   144  user.o(.text)
    DisplayON_PanelInit                      0x08007551   Thumb Code   122  user.o(.text)
    exit_sleep                               0x080075cb   Thumb Code    22  user.o(.text)
    sleep                                    0x080075e1   Thumb Code    40  user.o(.text)
    DisplayOFF                               0x08007609   Thumb Code    96  user.o(.text)
    InitMipi_PanelInitr                      0x08007669   Thumb Code   438  user.o(.text)
    InitMipi_PanelInitTTTT                   0x0800781f   Thumb Code    68  user.o(.text)
    OutPutSdCardFileRollingover              0x08007863   Thumb Code   556  user.o(.text)
    OutPutSdCardFileOverturn                 0x08007a8f   Thumb Code   778  user.o(.text)
    OutPutSdCardFile                         0x08007d99   Thumb Code   326  user.o(.text)
    usb_hid_mass_init                        0x08007edf   Thumb Code    28  user.o(.text)
    SDcard_init                              0x08007efb   Thumb Code    90  user.o(.text)
    led_set                                  0x08007fc1   Thumb Code    74  gxnu.o(.text)
    test_fun                                 0x0800800b   Thumb Code    12  gxnu.o(.text)
    readline                                 0x08008017   Thumb Code   106  gxnu.o(.text)
    strcmp                                   0x08008081   Thumb Code    32  gxnu.o(.text)
    commd_fun                                0x080080a1   Thumb Code    84  gxnu.o(.text)
    strlenn                                  0x080080f5   Thumb Code    18  gxnu.o(.text)
    delay_init                               0x08008189   Thumb Code    54  delay.o(.text)
    Delay_ms                                 0x080081bf   Thumb Code    54  delay.o(.text)
    delay_us                                 0x080081f5   Thumb Code    54  delay.o(.text)
    Delay_10us                               0x0800822b   Thumb Code    22  delay.o(.text)
    FSMC_NORSRAMDeInit                       0x08008249   Thumb Code    56  stm32f10x_fsmc.o(.text)
    FSMC_NANDDeInit                          0x08008281   Thumb Code    62  stm32f10x_fsmc.o(.text)
    FSMC_PCCARDDeInit                        0x080082bf   Thumb Code    40  stm32f10x_fsmc.o(.text)
    FSMC_NORSRAMInit                         0x080082e7   Thumb Code   220  stm32f10x_fsmc.o(.text)
    FSMC_NANDInit                            0x080083c3   Thumb Code   130  stm32f10x_fsmc.o(.text)
    FSMC_PCCARDInit                          0x08008445   Thumb Code   124  stm32f10x_fsmc.o(.text)
    FSMC_NORSRAMStructInit                   0x080084c1   Thumb Code   112  stm32f10x_fsmc.o(.text)
    FSMC_NANDStructInit                      0x08008531   Thumb Code    54  stm32f10x_fsmc.o(.text)
    FSMC_PCCARDStructInit                    0x08008567   Thumb Code    60  stm32f10x_fsmc.o(.text)
    FSMC_NORSRAMCmd                          0x080085a3   Thumb Code    46  stm32f10x_fsmc.o(.text)
    FSMC_NANDCmd                             0x080085d1   Thumb Code    86  stm32f10x_fsmc.o(.text)
    FSMC_PCCARDCmd                           0x08008627   Thumb Code    40  stm32f10x_fsmc.o(.text)
    FSMC_NANDECCCmd                          0x0800864f   Thumb Code   118  stm32f10x_fsmc.o(.text)
    FSMC_GetECC                              0x080086c5   Thumb Code    22  stm32f10x_fsmc.o(.text)
    FSMC_ITConfig                            0x080086db   Thumb Code   128  stm32f10x_fsmc.o(.text)
    FSMC_GetFlagStatus                       0x0800875b   Thumb Code    48  stm32f10x_fsmc.o(.text)
    FSMC_ClearFlag                           0x0800878b   Thumb Code    62  stm32f10x_fsmc.o(.text)
    FSMC_GetITStatus                         0x080087c9   Thumb Code    60  stm32f10x_fsmc.o(.text)
    FSMC_ClearITPendingBit                   0x08008805   Thumb Code    64  stm32f10x_fsmc.o(.text)
    GPIO_DeInit                              0x08008859   Thumb Code   188  stm32f10x_gpio.o(.text)
    GPIO_AFIODeInit                          0x08008915   Thumb Code    20  stm32f10x_gpio.o(.text)
    GPIO_Init                                0x08008929   Thumb Code   274  stm32f10x_gpio.o(.text)
    GPIO_StructInit                          0x08008a3b   Thumb Code    16  stm32f10x_gpio.o(.text)
    GPIO_ReadInputDataBit                    0x08008a4b   Thumb Code    18  stm32f10x_gpio.o(.text)
    GPIO_ReadInputData                       0x08008a5d   Thumb Code     8  stm32f10x_gpio.o(.text)
    GPIO_ReadOutputDataBit                   0x08008a65   Thumb Code    18  stm32f10x_gpio.o(.text)
    GPIO_ReadOutputData                      0x08008a77   Thumb Code     8  stm32f10x_gpio.o(.text)
    GPIO_SetBits                             0x08008a7f   Thumb Code     4  stm32f10x_gpio.o(.text)
    GPIO_ResetBits                           0x08008a83   Thumb Code     4  stm32f10x_gpio.o(.text)
    GPIO_WriteBit                            0x08008a87   Thumb Code    10  stm32f10x_gpio.o(.text)
    GPIO_Write                               0x08008a91   Thumb Code     4  stm32f10x_gpio.o(.text)
    GPIO_PinLockConfig                       0x08008a95   Thumb Code    18  stm32f10x_gpio.o(.text)
    GPIO_EventOutputConfig                   0x08008aa7   Thumb Code    26  stm32f10x_gpio.o(.text)
    GPIO_EventOutputCmd                      0x08008ac1   Thumb Code     6  stm32f10x_gpio.o(.text)
    GPIO_PinRemapConfig                      0x08008ac7   Thumb Code   106  stm32f10x_gpio.o(.text)
    GPIO_EXTILineConfig                      0x08008b31   Thumb Code    66  stm32f10x_gpio.o(.text)
    SDIO_DeInit                              0x08008b85   Thumb Code    28  stm32f10x_sdio.o(.text)
    SDIO_Init                                0x08008ba1   Thumb Code    42  stm32f10x_sdio.o(.text)
    SDIO_StructInit                          0x08008bcb   Thumb Code    16  stm32f10x_sdio.o(.text)
    SDIO_ClockCmd                            0x08008bdb   Thumb Code     6  stm32f10x_sdio.o(.text)
    SDIO_SetPowerState                       0x08008be1   Thumb Code    22  stm32f10x_sdio.o(.text)
    SDIO_GetPowerState                       0x08008bf7   Thumb Code    10  stm32f10x_sdio.o(.text)
    SDIO_ITConfig                            0x08008c01   Thumb Code    26  stm32f10x_sdio.o(.text)
    SDIO_DMACmd                              0x08008c1b   Thumb Code     6  stm32f10x_sdio.o(.text)
    SDIO_SendCommand                         0x08008c21   Thumb Code    38  stm32f10x_sdio.o(.text)
    SDIO_CmdStructInit                       0x08008c47   Thumb Code    14  stm32f10x_sdio.o(.text)
    SDIO_GetCommandResponse                  0x08008c55   Thumb Code     8  stm32f10x_sdio.o(.text)
    SDIO_GetResponse                         0x08008c5d   Thumb Code    10  stm32f10x_sdio.o(.text)
    SDIO_DataConfig                          0x08008c67   Thumb Code    42  stm32f10x_sdio.o(.text)
    SDIO_DataStructInit                      0x08008c91   Thumb Code    20  stm32f10x_sdio.o(.text)
    SDIO_GetDataCounter                      0x08008ca5   Thumb Code     6  stm32f10x_sdio.o(.text)
    SDIO_ReadData                            0x08008cab   Thumb Code     6  stm32f10x_sdio.o(.text)
    SDIO_WriteData                           0x08008cb1   Thumb Code     6  stm32f10x_sdio.o(.text)
    SDIO_GetFIFOCount                        0x08008cb7   Thumb Code     6  stm32f10x_sdio.o(.text)
    SDIO_StartSDIOReadWait                   0x08008cbd   Thumb Code     8  stm32f10x_sdio.o(.text)
    SDIO_StopSDIOReadWait                    0x08008cc5   Thumb Code     8  stm32f10x_sdio.o(.text)
    SDIO_SetSDIOReadWaitMode                 0x08008ccd   Thumb Code     8  stm32f10x_sdio.o(.text)
    SDIO_SetSDIOOperation                    0x08008cd5   Thumb Code     8  stm32f10x_sdio.o(.text)
    SDIO_SendSDIOSuspendCmd                  0x08008cdd   Thumb Code     6  stm32f10x_sdio.o(.text)
    SDIO_CommandCompletionCmd                0x08008ce3   Thumb Code     6  stm32f10x_sdio.o(.text)
    SDIO_CEATAITCmd                          0x08008ce9   Thumb Code    10  stm32f10x_sdio.o(.text)
    SDIO_SendCEATACmd                        0x08008cf3   Thumb Code     6  stm32f10x_sdio.o(.text)
    SDIO_GetFlagStatus                       0x08008cf9   Thumb Code    20  stm32f10x_sdio.o(.text)
    SDIO_ClearFlag                           0x08008d0d   Thumb Code     6  stm32f10x_sdio.o(.text)
    SDIO_GetITStatus                         0x08008d13   Thumb Code    20  stm32f10x_sdio.o(.text)
    SDIO_ClearITPendingBit                   0x08008d27   Thumb Code     6  stm32f10x_sdio.o(.text)
    USART_DeInit                             0x08008d51   Thumb Code   146  stm32f10x_usart.o(.text)
    USART_Init                               0x08008de3   Thumb Code   150  stm32f10x_usart.o(.text)
    USART_StructInit                         0x08008e79   Thumb Code    24  stm32f10x_usart.o(.text)
    USART_ClockInit                          0x08008e91   Thumb Code    34  stm32f10x_usart.o(.text)
    USART_ClockStructInit                    0x08008eb3   Thumb Code    12  stm32f10x_usart.o(.text)
    USART_Cmd                                0x08008ebf   Thumb Code    24  stm32f10x_usart.o(.text)
    USART_ITConfig                           0x08008ed7   Thumb Code    64  stm32f10x_usart.o(.text)
    USART_DMACmd                             0x08008f17   Thumb Code    18  stm32f10x_usart.o(.text)
    USART_SetAddress                         0x08008f29   Thumb Code    18  stm32f10x_usart.o(.text)
    USART_WakeUpConfig                       0x08008f3b   Thumb Code    18  stm32f10x_usart.o(.text)
    USART_ReceiverWakeUpCmd                  0x08008f4d   Thumb Code    24  stm32f10x_usart.o(.text)
    USART_LINBreakDetectLengthConfig         0x08008f65   Thumb Code    18  stm32f10x_usart.o(.text)
    USART_LINCmd                             0x08008f77   Thumb Code    24  stm32f10x_usart.o(.text)
    USART_SendData                           0x08008f8f   Thumb Code     8  stm32f10x_usart.o(.text)
    USART_ReceiveData                        0x08008f97   Thumb Code    10  stm32f10x_usart.o(.text)
    USART_SendBreak                          0x08008fa1   Thumb Code    10  stm32f10x_usart.o(.text)
    USART_SetGuardTime                       0x08008fab   Thumb Code    16  stm32f10x_usart.o(.text)
    USART_SetPrescaler                       0x08008fbb   Thumb Code    16  stm32f10x_usart.o(.text)
    USART_SmartCardCmd                       0x08008fcb   Thumb Code    24  stm32f10x_usart.o(.text)
    USART_SmartCardNACKCmd                   0x08008fe3   Thumb Code    24  stm32f10x_usart.o(.text)
    USART_HalfDuplexCmd                      0x08008ffb   Thumb Code    24  stm32f10x_usart.o(.text)
    USART_IrDAConfig                         0x08009013   Thumb Code    18  stm32f10x_usart.o(.text)
    USART_IrDACmd                            0x08009025   Thumb Code    24  stm32f10x_usart.o(.text)
    USART_GetFlagStatus                      0x0800903d   Thumb Code    18  stm32f10x_usart.o(.text)
    USART_ClearFlag                          0x0800904f   Thumb Code     6  stm32f10x_usart.o(.text)
    USART_GetITStatus                        0x08009055   Thumb Code    76  stm32f10x_usart.o(.text)
    USART_ClearITPendingBit                  0x080090a1   Thumb Code    20  stm32f10x_usart.o(.text)
    DMA_DeInit                               0x080090c1   Thumb Code   306  stm32f10x_dma.o(.text)
    DMA_Init                                 0x080091f3   Thumb Code    60  stm32f10x_dma.o(.text)
    DMA_StructInit                           0x0800922f   Thumb Code    26  stm32f10x_dma.o(.text)
    DMA_Cmd                                  0x08009249   Thumb Code    22  stm32f10x_dma.o(.text)
    DMA_ITConfig                             0x0800925f   Thumb Code    18  stm32f10x_dma.o(.text)
    DMA_GetCurrDataCounter                   0x08009271   Thumb Code     8  stm32f10x_dma.o(.text)
    DMA_GetFlagStatus                        0x08009279   Thumb Code    38  stm32f10x_dma.o(.text)
    DMA_ClearFlag                            0x0800929f   Thumb Code    20  stm32f10x_dma.o(.text)
    DMA_GetITStatus                          0x080092b3   Thumb Code    38  stm32f10x_dma.o(.text)
    DMA_ClearITPendingBit                    0x080092d9   Thumb Code    20  stm32f10x_dma.o(.text)
    NVIC_PriorityGroupConfig                 0x080092fd   Thumb Code    10  misc.o(.text)
    NVIC_Init                                0x08009307   Thumb Code   102  misc.o(.text)
    NVIC_SetVectorTable                      0x0800936d   Thumb Code    14  misc.o(.text)
    NVIC_SystemLPConfig                      0x0800937b   Thumb Code    34  misc.o(.text)
    SysTick_CLKSourceConfig                  0x0800939d   Thumb Code    40  misc.o(.text)
    TIM_DeInit                               0x080093d9   Thumb Code   214  stm32f10x_tim.o(.text)
    TIM_TimeBaseInit                         0x080094af   Thumb Code    50  stm32f10x_tim.o(.text)
    TIM_OC1Init                              0x080094e1   Thumb Code   110  stm32f10x_tim.o(.text)
    TIM_OC2Init                              0x0800954f   Thumb Code   148  stm32f10x_tim.o(.text)
    TIM_OC3Init                              0x080095e3   Thumb Code   144  stm32f10x_tim.o(.text)
    TIM_OC4Init                              0x08009673   Thumb Code   106  stm32f10x_tim.o(.text)
    TIM_SetIC4Prescaler                      0x080096dd   Thumb Code    26  stm32f10x_tim.o(.text)
    TIM_SetIC3Prescaler                      0x08009749   Thumb Code    18  stm32f10x_tim.o(.text)
    TIM_SetIC2Prescaler                      0x080097a3   Thumb Code    42  stm32f10x_tim.o(.text)
    TIM_SetIC1Prescaler                      0x0800981d   Thumb Code    18  stm32f10x_tim.o(.text)
    TIM_ICInit                               0x08009867   Thumb Code   110  stm32f10x_tim.o(.text)
    TIM_PWMIConfig                           0x080098d5   Thumb Code   124  stm32f10x_tim.o(.text)
    TIM_BDTRConfig                           0x08009951   Thumb Code    32  stm32f10x_tim.o(.text)
    TIM_TimeBaseStructInit                   0x08009971   Thumb Code    18  stm32f10x_tim.o(.text)
    TIM_OCStructInit                         0x08009983   Thumb Code    20  stm32f10x_tim.o(.text)
    TIM_ICStructInit                         0x08009997   Thumb Code    18  stm32f10x_tim.o(.text)
    TIM_BDTRStructInit                       0x080099a9   Thumb Code    18  stm32f10x_tim.o(.text)
    TIM_Cmd                                  0x080099bb   Thumb Code    24  stm32f10x_tim.o(.text)
    TIM_CtrlPWMOutputs                       0x080099d3   Thumb Code    30  stm32f10x_tim.o(.text)
    TIM_ITConfig                             0x080099f1   Thumb Code    18  stm32f10x_tim.o(.text)
    TIM_GenerateEvent                        0x08009a03   Thumb Code     4  stm32f10x_tim.o(.text)
    TIM_DMAConfig                            0x08009a07   Thumb Code    10  stm32f10x_tim.o(.text)
    TIM_DMACmd                               0x08009a11   Thumb Code    18  stm32f10x_tim.o(.text)
    TIM_InternalClockConfig                  0x08009a23   Thumb Code    12  stm32f10x_tim.o(.text)
    TIM_SelectInputTrigger                   0x08009a2f   Thumb Code    18  stm32f10x_tim.o(.text)
    TIM_ITRxExternalClockConfig              0x08009a41   Thumb Code    24  stm32f10x_tim.o(.text)
    TIM_TIxExternalClockConfig               0x08009a59   Thumb Code    62  stm32f10x_tim.o(.text)
    TIM_ETRConfig                            0x08009a97   Thumb Code    30  stm32f10x_tim.o(.text)
    TIM_ETRClockMode1Config                  0x08009ab5   Thumb Code    54  stm32f10x_tim.o(.text)
    TIM_ETRClockMode2Config                  0x08009aeb   Thumb Code    32  stm32f10x_tim.o(.text)
    TIM_PrescalerConfig                      0x08009b0b   Thumb Code     6  stm32f10x_tim.o(.text)
    TIM_CounterModeConfig                    0x08009b11   Thumb Code    18  stm32f10x_tim.o(.text)
    TIM_EncoderInterfaceConfig               0x08009b23   Thumb Code    66  stm32f10x_tim.o(.text)
    TIM_ForcedOC1Config                      0x08009b65   Thumb Code    18  stm32f10x_tim.o(.text)
    TIM_ForcedOC2Config                      0x08009b77   Thumb Code    26  stm32f10x_tim.o(.text)
    TIM_ForcedOC3Config                      0x08009b91   Thumb Code    18  stm32f10x_tim.o(.text)
    TIM_ForcedOC4Config                      0x08009ba3   Thumb Code    26  stm32f10x_tim.o(.text)
    TIM_ARRPreloadConfig                     0x08009bbd   Thumb Code    24  stm32f10x_tim.o(.text)
    TIM_SelectCOM                            0x08009bd5   Thumb Code    24  stm32f10x_tim.o(.text)
    TIM_SelectCCDMA                          0x08009bed   Thumb Code    24  stm32f10x_tim.o(.text)
    TIM_CCPreloadControl                     0x08009c05   Thumb Code    24  stm32f10x_tim.o(.text)
    TIM_OC1PreloadConfig                     0x08009c1d   Thumb Code    18  stm32f10x_tim.o(.text)
    TIM_OC2PreloadConfig                     0x08009c2f   Thumb Code    26  stm32f10x_tim.o(.text)
    TIM_OC3PreloadConfig                     0x08009c49   Thumb Code    18  stm32f10x_tim.o(.text)
    TIM_OC4PreloadConfig                     0x08009c5b   Thumb Code    26  stm32f10x_tim.o(.text)
    TIM_OC1FastConfig                        0x08009c75   Thumb Code    18  stm32f10x_tim.o(.text)
    TIM_OC2FastConfig                        0x08009c87   Thumb Code    26  stm32f10x_tim.o(.text)
    TIM_OC3FastConfig                        0x08009ca1   Thumb Code    18  stm32f10x_tim.o(.text)
    TIM_OC4FastConfig                        0x08009cb3   Thumb Code    26  stm32f10x_tim.o(.text)
    TIM_ClearOC1Ref                          0x08009ccd   Thumb Code    18  stm32f10x_tim.o(.text)
    TIM_ClearOC2Ref                          0x08009cdf   Thumb Code    24  stm32f10x_tim.o(.text)
    TIM_ClearOC3Ref                          0x08009cf7   Thumb Code    18  stm32f10x_tim.o(.text)
    TIM_ClearOC4Ref                          0x08009d09   Thumb Code    24  stm32f10x_tim.o(.text)
    TIM_OC1PolarityConfig                    0x08009d21   Thumb Code    18  stm32f10x_tim.o(.text)
    TIM_OC1NPolarityConfig                   0x08009d33   Thumb Code    18  stm32f10x_tim.o(.text)
    TIM_OC2PolarityConfig                    0x08009d45   Thumb Code    26  stm32f10x_tim.o(.text)
    TIM_OC2NPolarityConfig                   0x08009d5f   Thumb Code    26  stm32f10x_tim.o(.text)
    TIM_OC3PolarityConfig                    0x08009d79   Thumb Code    26  stm32f10x_tim.o(.text)
    TIM_OC3NPolarityConfig                   0x08009d93   Thumb Code    26  stm32f10x_tim.o(.text)
    TIM_OC4PolarityConfig                    0x08009dad   Thumb Code    26  stm32f10x_tim.o(.text)
    TIM_CCxCmd                               0x08009dc7   Thumb Code    26  stm32f10x_tim.o(.text)
    TIM_CCxNCmd                              0x08009de1   Thumb Code    26  stm32f10x_tim.o(.text)
    TIM_SelectOCxM                           0x08009dfb   Thumb Code   134  stm32f10x_tim.o(.text)
    TIM_UpdateDisableConfig                  0x08009e81   Thumb Code    24  stm32f10x_tim.o(.text)
    TIM_UpdateRequestConfig                  0x08009e99   Thumb Code    24  stm32f10x_tim.o(.text)
    TIM_SelectHallSensor                     0x08009eb1   Thumb Code    24  stm32f10x_tim.o(.text)
    TIM_SelectOnePulseMode                   0x08009ec9   Thumb Code    18  stm32f10x_tim.o(.text)
    TIM_SelectOutputTrigger                  0x08009edb   Thumb Code    18  stm32f10x_tim.o(.text)
    TIM_SelectSlaveMode                      0x08009eed   Thumb Code    18  stm32f10x_tim.o(.text)
    TIM_SelectMasterSlaveMode                0x08009eff   Thumb Code    18  stm32f10x_tim.o(.text)
    TIM_SetCounter                           0x08009f11   Thumb Code     4  stm32f10x_tim.o(.text)
    TIM_SetAutoreload                        0x08009f15   Thumb Code     4  stm32f10x_tim.o(.text)
    TIM_SetCompare1                          0x08009f19   Thumb Code     4  stm32f10x_tim.o(.text)
    TIM_SetCompare2                          0x08009f1d   Thumb Code     4  stm32f10x_tim.o(.text)
    TIM_SetCompare3                          0x08009f21   Thumb Code     4  stm32f10x_tim.o(.text)
    TIM_SetCompare4                          0x08009f25   Thumb Code     6  stm32f10x_tim.o(.text)
    TIM_SetClockDivision                     0x08009f2b   Thumb Code    14  stm32f10x_tim.o(.text)
    TIM_GetCapture1                          0x08009f39   Thumb Code     6  stm32f10x_tim.o(.text)
    TIM_GetCapture2                          0x08009f3f   Thumb Code     6  stm32f10x_tim.o(.text)
    TIM_GetCapture3                          0x08009f45   Thumb Code     6  stm32f10x_tim.o(.text)
    TIM_GetCapture4                          0x08009f4b   Thumb Code     8  stm32f10x_tim.o(.text)
    TIM_GetCounter                           0x08009f53   Thumb Code     6  stm32f10x_tim.o(.text)
    TIM_GetPrescaler                         0x08009f59   Thumb Code     6  stm32f10x_tim.o(.text)
    TIM_GetFlagStatus                        0x08009f5f   Thumb Code    18  stm32f10x_tim.o(.text)
    TIM_ClearFlag                            0x08009f71   Thumb Code     6  stm32f10x_tim.o(.text)
    TIM_GetITStatus                          0x08009f77   Thumb Code    34  stm32f10x_tim.o(.text)
    TIM_ClearITPendingBit                    0x08009f99   Thumb Code     6  stm32f10x_tim.o(.text)
    I2C_DeInit                               0x08009fa1   Thumb Code    64  stm32f10x_i2c.o(.text)
    I2C_Init                                 0x08009fe1   Thumb Code   222  stm32f10x_i2c.o(.text)
    I2C_StructInit                           0x0800a0bf   Thumb Code    30  stm32f10x_i2c.o(.text)
    I2C_Cmd                                  0x0800a0dd   Thumb Code    24  stm32f10x_i2c.o(.text)
    I2C_DMACmd                               0x0800a0f5   Thumb Code    24  stm32f10x_i2c.o(.text)
    I2C_DMALastTransferCmd                   0x0800a10d   Thumb Code    24  stm32f10x_i2c.o(.text)
    I2C_GenerateSTART                        0x0800a125   Thumb Code    24  stm32f10x_i2c.o(.text)
    I2C_GenerateSTOP                         0x0800a13d   Thumb Code    24  stm32f10x_i2c.o(.text)
    I2C_AcknowledgeConfig                    0x0800a155   Thumb Code    24  stm32f10x_i2c.o(.text)
    I2C_OwnAddress2Config                    0x0800a16d   Thumb Code    22  stm32f10x_i2c.o(.text)
    I2C_DualAddressCmd                       0x0800a183   Thumb Code    24  stm32f10x_i2c.o(.text)
    I2C_GeneralCallCmd                       0x0800a19b   Thumb Code    24  stm32f10x_i2c.o(.text)
    I2C_ITConfig                             0x0800a1b3   Thumb Code    18  stm32f10x_i2c.o(.text)
    I2C_SendData                             0x0800a1c5   Thumb Code     4  stm32f10x_i2c.o(.text)
    I2C_ReceiveData                          0x0800a1c9   Thumb Code     8  stm32f10x_i2c.o(.text)
    I2C_Send7bitAddress                      0x0800a1d1   Thumb Code    18  stm32f10x_i2c.o(.text)
    I2C_ReadRegister                         0x0800a1e3   Thumb Code     6  stm32f10x_i2c.o(.text)
    I2C_SoftwareResetCmd                     0x0800a1e9   Thumb Code    22  stm32f10x_i2c.o(.text)
    I2C_SMBusAlertConfig                     0x0800a1ff   Thumb Code    28  stm32f10x_i2c.o(.text)
    I2C_TransmitPEC                          0x0800a21b   Thumb Code    24  stm32f10x_i2c.o(.text)
    I2C_PECPositionConfig                    0x0800a233   Thumb Code    28  stm32f10x_i2c.o(.text)
    I2C_CalculatePEC                         0x0800a24f   Thumb Code    24  stm32f10x_i2c.o(.text)
    I2C_GetPEC                               0x0800a267   Thumb Code     8  stm32f10x_i2c.o(.text)
    I2C_ARPCmd                               0x0800a26f   Thumb Code    24  stm32f10x_i2c.o(.text)
    I2C_StretchClockCmd                      0x0800a287   Thumb Code    24  stm32f10x_i2c.o(.text)
    I2C_FastModeDutyCycleConfig              0x0800a29f   Thumb Code    28  stm32f10x_i2c.o(.text)
    I2C_GetLastEvent                         0x0800a2bb   Thumb Code    26  stm32f10x_i2c.o(.text)
    I2C_CheckEvent                           0x0800a2d5   Thumb Code    38  stm32f10x_i2c.o(.text)
    I2C_GetFlagStatus                        0x0800a2fb   Thumb Code    58  stm32f10x_i2c.o(.text)
    I2C_ClearFlag                            0x0800a335   Thumb Code    12  stm32f10x_i2c.o(.text)
    I2C_GetITStatus                          0x0800a341   Thumb Code    38  stm32f10x_i2c.o(.text)
    I2C_ClearITPendingBit                    0x0800a367   Thumb Code    12  stm32f10x_i2c.o(.text)
    RCC_DeInit                               0x0800a385   Thumb Code    62  stm32f10x_rcc.o(.text)
    RCC_HSEConfig                            0x0800a3c3   Thumb Code    70  stm32f10x_rcc.o(.text)
    RCC_GetFlagStatus                        0x0800a409   Thumb Code    56  stm32f10x_rcc.o(.text)
    RCC_WaitForHSEStartUp                    0x0800a441   Thumb Code    54  stm32f10x_rcc.o(.text)
    RCC_AdjustHSICalibrationValue            0x0800a477   Thumb Code    20  stm32f10x_rcc.o(.text)
    RCC_HSICmd                               0x0800a48b   Thumb Code     6  stm32f10x_rcc.o(.text)
    RCC_PLLConfig                            0x0800a491   Thumb Code    24  stm32f10x_rcc.o(.text)
    RCC_PLLCmd                               0x0800a4a9   Thumb Code     6  stm32f10x_rcc.o(.text)
    RCC_SYSCLKConfig                         0x0800a4af   Thumb Code    18  stm32f10x_rcc.o(.text)
    RCC_GetSYSCLKSource                      0x0800a4c1   Thumb Code    10  stm32f10x_rcc.o(.text)
    RCC_HCLKConfig                           0x0800a4cb   Thumb Code    18  stm32f10x_rcc.o(.text)
    RCC_PCLK1Config                          0x0800a4dd   Thumb Code    18  stm32f10x_rcc.o(.text)
    RCC_PCLK2Config                          0x0800a4ef   Thumb Code    20  stm32f10x_rcc.o(.text)
    RCC_ITConfig                             0x0800a503   Thumb Code    26  stm32f10x_rcc.o(.text)
    RCC_USBCLKConfig                         0x0800a51d   Thumb Code     6  stm32f10x_rcc.o(.text)
    RCC_ADCCLKConfig                         0x0800a523   Thumb Code    18  stm32f10x_rcc.o(.text)
    RCC_LSEConfig                            0x0800a535   Thumb Code    44  stm32f10x_rcc.o(.text)
    RCC_LSICmd                               0x0800a561   Thumb Code     6  stm32f10x_rcc.o(.text)
    RCC_RTCCLKConfig                         0x0800a567   Thumb Code    12  stm32f10x_rcc.o(.text)
    RCC_RTCCLKCmd                            0x0800a573   Thumb Code     8  stm32f10x_rcc.o(.text)
    RCC_GetClocksFreq                        0x0800a57b   Thumb Code   192  stm32f10x_rcc.o(.text)
    RCC_AHBPeriphClockCmd                    0x0800a63b   Thumb Code    26  stm32f10x_rcc.o(.text)
    RCC_APB2PeriphClockCmd                   0x0800a655   Thumb Code    26  stm32f10x_rcc.o(.text)
    RCC_APB1PeriphClockCmd                   0x0800a66f   Thumb Code    26  stm32f10x_rcc.o(.text)
    RCC_APB2PeriphResetCmd                   0x0800a689   Thumb Code    26  stm32f10x_rcc.o(.text)
    RCC_APB1PeriphResetCmd                   0x0800a6a3   Thumb Code    26  stm32f10x_rcc.o(.text)
    RCC_BackupResetCmd                       0x0800a6bd   Thumb Code     8  stm32f10x_rcc.o(.text)
    RCC_ClockSecuritySystemCmd               0x0800a6c5   Thumb Code     6  stm32f10x_rcc.o(.text)
    RCC_MCOConfig                            0x0800a6cb   Thumb Code     6  stm32f10x_rcc.o(.text)
    RCC_ClearFlag                            0x0800a6d1   Thumb Code    14  stm32f10x_rcc.o(.text)
    RCC_GetITStatus                          0x0800a6df   Thumb Code    20  stm32f10x_rcc.o(.text)
    RCC_ClearITPendingBit                    0x0800a6f3   Thumb Code     6  stm32f10x_rcc.o(.text)
    EXTI_DeInit                              0x0800a725   Thumb Code    28  stm32f10x_exti.o(.text)
    EXTI_Init                                0x0800a741   Thumb Code   150  stm32f10x_exti.o(.text)
    EXTI_StructInit                          0x0800a7d7   Thumb Code    16  stm32f10x_exti.o(.text)
    EXTI_GenerateSWInterrupt                 0x0800a7e7   Thumb Code    16  stm32f10x_exti.o(.text)
    EXTI_GetFlagStatus                       0x0800a7f7   Thumb Code    22  stm32f10x_exti.o(.text)
    EXTI_ClearFlag                           0x0800a80d   Thumb Code     8  stm32f10x_exti.o(.text)
    EXTI_GetITStatus                         0x0800a815   Thumb Code    34  stm32f10x_exti.o(.text)
    EXTI_ClearITPendingBit                   0x0800a837   Thumb Code     8  stm32f10x_exti.o(.text)
    SystemInit                               0x0800a92b   Thumb Code    68  system_stm32f10x.o(.text)
    disk_initialize                          0x0800a981   Thumb Code     6  diskio.o(.text)
    disk_status                              0x0800a987   Thumb Code     6  diskio.o(.text)
    disk_read                                0x0800a98d   Thumb Code    48  diskio.o(.text)
    disk_write                               0x0800a9bd   Thumb Code    48  diskio.o(.text)
    disk_ioctl                               0x0800a9ed   Thumb Code     6  diskio.o(.text)
    get_fattime                              0x0800a9f3   Thumb Code     4  diskio.o(.text)
    f_mount                                  0x0800b83b   Thumb Code    38  ff.o(.text)
    f_open                                   0x0800b861   Thumb Code   392  ff.o(.text)
    f_read                                   0x0800b9e9   Thumb Code   480  ff.o(.text)
    f_write                                  0x0800bbc9   Thumb Code   526  ff.o(.text)
    f_sync                                   0x0800bdd7   Thumb Code   182  ff.o(.text)
    f_close                                  0x0800be8d   Thumb Code    22  ff.o(.text)
    f_lseek                                  0x0800bea3   Thumb Code   448  ff.o(.text)
    f_opendir                                0x0800c063   Thumb Code   104  ff.o(.text)
    f_readdir                                0x0800c0cb   Thumb Code    88  ff.o(.text)
    f_stat                                   0x0800c123   Thumb Code    58  ff.o(.text)
    f_getfree                                0x0800c15d   Thumb Code   272  ff.o(.text)
    f_truncate                               0x0800c26d   Thumb Code   158  ff.o(.text)
    f_unlink                                 0x0800c30b   Thumb Code   186  ff.o(.text)
    f_mkdir                                  0x0800c3c5   Thumb Code   390  ff.o(.text)
    f_chmod                                  0x0800c54b   Thumb Code    84  ff.o(.text)
    f_utime                                  0x0800c59f   Thumb Code    86  ff.o(.text)
    f_rename                                 0x0800c5f5   Thumb Code   280  ff.o(.text)
    Standard_GetConfiguration                0x0800c70d   Thumb Code    34  usb_core.o(.text)
    Standard_SetConfiguration                0x0800c72f   Thumb Code    60  usb_core.o(.text)
    Standard_GetInterface                    0x0800c76b   Thumb Code    34  usb_core.o(.text)
    Standard_SetInterface                    0x0800c78d   Thumb Code    96  usb_core.o(.text)
    Standard_GetStatus                       0x0800c7ed   Thumb Code   230  usb_core.o(.text)
    Standard_ClearFeature                    0x0800c8d3   Thumb Code   308  usb_core.o(.text)
    Standard_SetEndPointFeature              0x0800ca07   Thumb Code   168  usb_core.o(.text)
    Standard_SetDeviceFeature                0x0800caaf   Thumb Code    30  usb_core.o(.text)
    Standard_GetDescriptorData               0x0800cacd   Thumb Code    32  usb_core.o(.text)
    Post0_Process                            0x0800d00f   Thumb Code    54  usb_core.o(.text)
    Setup0_Process                           0x0800d045   Thumb Code   170  usb_core.o(.text)
    SetDeviceAddress                         0x0800d0ef   Thumb Code    66  usb_core.o(.text)
    In0_Process                              0x0800d131   Thumb Code    98  usb_core.o(.text)
    Out0_Process                             0x0800d193   Thumb Code    70  usb_core.o(.text)
    NOP_Process                              0x0800d1d9   Thumb Code     2  usb_core.o(.text)
    USB_Init                                 0x0800d205   Thumb Code    36  usb_init.o(.text)
    CTR_LP                                   0x0800d241   Thumb Code   582  usb_int.o(.text)
    CTR_HP                                   0x0800d487   Thumb Code   156  usb_int.o(.text)
    UserToPMABufferCopy                      0x0800d541   Thumb Code    52  usb_mem.o(.text)
    PMAToUserBufferCopy                      0x0800d575   Thumb Code    34  usb_mem.o(.text)
    SetCNTR                                  0x0800d59d   Thumb Code     6  usb_regs.o(.text)
    GetCNTR                                  0x0800d5a3   Thumb Code     8  usb_regs.o(.text)
    SetISTR                                  0x0800d5ab   Thumb Code     8  usb_regs.o(.text)
    GetISTR                                  0x0800d5b3   Thumb Code    10  usb_regs.o(.text)
    GetFNR                                   0x0800d5bd   Thumb Code    10  usb_regs.o(.text)
    SetDADDR                                 0x0800d5c7   Thumb Code     8  usb_regs.o(.text)
    GetDADDR                                 0x0800d5cf   Thumb Code    10  usb_regs.o(.text)
    SetBTABLE                                0x0800d5d9   Thumb Code    14  usb_regs.o(.text)
    GetBTABLE                                0x0800d5e7   Thumb Code    10  usb_regs.o(.text)
    SetENDPOINT                              0x0800d5f1   Thumb Code    10  usb_regs.o(.text)
    GetENDPOINT                              0x0800d5fb   Thumb Code    14  usb_regs.o(.text)
    SetEPType                                0x0800d609   Thumb Code    26  usb_regs.o(.text)
    GetEPType                                0x0800d623   Thumb Code    16  usb_regs.o(.text)
    SetEPTxStatus                            0x0800d633   Thumb Code    56  usb_regs.o(.text)
    SetEPRxStatus                            0x0800d66b   Thumb Code    56  usb_regs.o(.text)
    SetDouBleBuffEPStall                     0x0800d6a3   Thumb Code    50  usb_regs.o(.text)
    GetEPTxStatus                            0x0800d6d5   Thumb Code    16  usb_regs.o(.text)
    GetEPRxStatus                            0x0800d6e5   Thumb Code    16  usb_regs.o(.text)
    SetEPTxValid                             0x0800d6f5   Thumb Code    42  usb_regs.o(.text)
    SetEPRxValid                             0x0800d71f   Thumb Code    42  usb_regs.o(.text)
    SetEP_KIND                               0x0800d749   Thumb Code    34  usb_regs.o(.text)
    ClearEP_KIND                             0x0800d76b   Thumb Code    30  usb_regs.o(.text)
    Clear_Status_Out                         0x0800d789   Thumb Code    30  usb_regs.o(.text)
    Set_Status_Out                           0x0800d7a7   Thumb Code    34  usb_regs.o(.text)
    SetEPDoubleBuff                          0x0800d7c9   Thumb Code    34  usb_regs.o(.text)
    ClearEPDoubleBuff                        0x0800d7eb   Thumb Code    30  usb_regs.o(.text)
    GetTxStallStatus                         0x0800d809   Thumb Code    26  usb_regs.o(.text)
    GetRxStallStatus                         0x0800d823   Thumb Code    28  usb_regs.o(.text)
    ClearEP_CTR_RX                           0x0800d83f   Thumb Code    28  usb_regs.o(.text)
    ClearEP_CTR_TX                           0x0800d85b   Thumb Code    24  usb_regs.o(.text)
    ToggleDTOG_RX                            0x0800d873   Thumb Code    30  usb_regs.o(.text)
    ToggleDTOG_TX                            0x0800d891   Thumb Code    30  usb_regs.o(.text)
    ClearDTOG_RX                             0x0800d8af   Thumb Code    44  usb_regs.o(.text)
    ClearDTOG_TX                             0x0800d8db   Thumb Code    44  usb_regs.o(.text)
    SetEPAddress                             0x0800d907   Thumb Code    32  usb_regs.o(.text)
    GetEPAddress                             0x0800d927   Thumb Code    16  usb_regs.o(.text)
    SetEPTxAddr                              0x0800d937   Thumb Code    26  usb_regs.o(.text)
    SetEPRxAddr                              0x0800d951   Thumb Code    28  usb_regs.o(.text)
    GetEPTxAddr                              0x0800d96d   Thumb Code    32  usb_regs.o(.text)
    GetEPRxAddr                              0x0800d98d   Thumb Code    24  usb_regs.o(.text)
    SetEPTxCount                             0x0800d9a5   Thumb Code    20  usb_regs.o(.text)
    SetEPCountRxReg                          0x0800d9b9   Thumb Code    46  usb_regs.o(.text)
    SetEPRxCount                             0x0800d9e7   Thumb Code    66  usb_regs.o(.text)
    GetEPTxCount                             0x0800da29   Thumb Code    26  usb_regs.o(.text)
    GetEPRxCount                             0x0800da43   Thumb Code    26  usb_regs.o(.text)
    SetEPDblBuffAddr                         0x0800da5d   Thumb Code    44  usb_regs.o(.text)
    SetEPDblBuf0Addr                         0x0800da89   Thumb Code    24  usb_regs.o(.text)
    SetEPDblBuf1Addr                         0x0800daa1   Thumb Code    26  usb_regs.o(.text)
    GetEPDblBuf0Addr                         0x0800dabb   Thumb Code    22  usb_regs.o(.text)
    GetEPDblBuf1Addr                         0x0800dad1   Thumb Code    24  usb_regs.o(.text)
    SetEPDblBuffCount                        0x0800dae9   Thumb Code   182  usb_regs.o(.text)
    SetEPDblBuf0Count                        0x0800db9f   Thumb Code    94  usb_regs.o(.text)
    SetEPDblBuf1Count                        0x0800dbfd   Thumb Code    94  usb_regs.o(.text)
    GetEPDblBuf0Count                        0x0800dc5b   Thumb Code    26  usb_regs.o(.text)
    GetEPDblBuf1Count                        0x0800dc75   Thumb Code    26  usb_regs.o(.text)
    GetEPDblBufDir                           0x0800dc8f   Thumb Code    62  usb_regs.o(.text)
    FreeUserBuffer                           0x0800dccd   Thumb Code    68  usb_regs.o(.text)
    ToWord                                   0x0800dd11   Thumb Code     8  usb_regs.o(.text)
    ByteSwap                                 0x0800dd19   Thumb Code    12  usb_regs.o(.text)
    USB_SIL_Init                             0x0800dd2d   Thumb Code    28  usb_sil.o(.text)
    USB_SIL_Write                            0x0800dd49   Thumb Code    46  usb_sil.o(.text)
    USB_SIL_Read                             0x0800dd77   Thumb Code    46  usb_sil.o(.text)
    Set_USBClock                             0x0800ddad   Thumb Code    18  hw_config.o(.text)
    Enter_LowPowerMode                       0x0800ddbf   Thumb Code     8  hw_config.o(.text)
    Leave_LowPowerMode                       0x0800ddc7   Thumb Code    22  hw_config.o(.text)
    USB_Interrupts_Config                    0x0800dddd   Thumb Code    92  hw_config.o(.text)
    Joystick_Send                            0x0800de39   Thumb Code    48  hw_config.o(.text)
    Get_SerialNum                            0x0800dea7   Thumb Code    42  hw_config.o(.text)
    EP1_OUTT_Callback                        0x0800dee1   Thumb Code    76  usb_endp.o(.text)
    EP1_OUT_Callback                         0x0800df2d   Thumb Code   106  usb_endp.o(.text)
    EP2_IN_Callback                          0x0800df97   Thumb Code    56  usb_endp.o(.text)
    USB_Istr                                 0x0800e02d   Thumb Code   410  usb_istr.o(.text)
    Joystick_init                            0x0800e1e9   Thumb Code    30  usb_prop.o(.text)
    Joystick_Reset                           0x0800e207   Thumb Code   176  usb_prop.o(.text)
    Joystick_SetConfiguration                0x0800e2b7   Thumb Code    14  usb_prop.o(.text)
    Joystick_SetDeviceAddress                0x0800e2c5   Thumb Code     8  usb_prop.o(.text)
    Joystick_Status_In                       0x0800e2cd   Thumb Code     2  usb_prop.o(.text)
    Joystick_Status_Out                      0x0800e2cf   Thumb Code     2  usb_prop.o(.text)
    Joystick_GetProtocolValue                0x0800e2d1   Thumb Code    20  usb_prop.o(.text)
    Joystick_GetHIDDescriptor                0x0800e2e5   Thumb Code    14  usb_prop.o(.text)
    Joystick_GetReportDescriptor             0x0800e2f3   Thumb Code    14  usb_prop.o(.text)
    Joystick_Data_Setup                      0x0800e301   Thumb Code   114  usb_prop.o(.text)
    Joystick_SetProtocol                     0x0800e373   Thumb Code    14  usb_prop.o(.text)
    Joystick_NoData_Setup                    0x0800e381   Thumb Code    32  usb_prop.o(.text)
    Joystick_GetDeviceDescriptor             0x0800e3a1   Thumb Code    14  usb_prop.o(.text)
    Joystick_GetConfigDescriptor             0x0800e3af   Thumb Code    14  usb_prop.o(.text)
    Joystick_GetStringDescriptor             0x0800e3bd   Thumb Code    32  usb_prop.o(.text)
    Joystick_Get_Interface_Setting           0x0800e3dd   Thumb Code    22  usb_prop.o(.text)
    PowerOn                                  0x0800e421   Thumb Code    46  usb_pwr.o(.text)
    PowerOff                                 0x0800e44f   Thumb Code    22  usb_pwr.o(.text)
    Suspend                                  0x0800e465   Thumb Code    34  usb_pwr.o(.text)
    Resume_Init                              0x0800e487   Thumb Code    30  usb_pwr.o(.text)
    Resume                                   0x0800e4a5   Thumb Code   194  usb_pwr.o(.text)
    pc_ssd_rdata                             0x0800e579   Thumb Code    52  pc_com.o(.text)
    pc_DCS_Short_Read_NP                     0x0800e5ad   Thumb Code    90  pc_com.o(.text)
    PC_GP_R                                  0x0800e607   Thumb Code    70  pc_com.o(.text)
    readlin                                  0x0800e64d   Thumb Code   108  pc_com.o(.text)
    PC_DCS_Long_Write_FIFO                   0x0800e6b9   Thumb Code    78  pc_com.o(.text)
    PC_Generic_Long_Write_FIFO               0x0800e707   Thumb Code    78  pc_com.o(.text)
    usmart_sys_cmd_exe                       0x0800e79d   Thumb Code  1530  usmart.o(.text)
    usmart_init                              0x0800ed97   Thumb Code     8  usmart.o(.text)
    usmart_cmd_rec                           0x0800ed9f   Thumb Code   170  usmart.o(.text)
    usmart_exe                               0x0800ee49   Thumb Code   610  usmart.o(.text)
    usmart_scan                              0x0800f0ab   Thumb Code   152  usmart.o(.text)
    read_addr                                0x0800f143   Thumb Code     6  usmart.o(.text)
    write_addr                               0x0800f149   Thumb Code     4  usmart.o(.text)
    usmart_strcmp                            0x0800f1c5   Thumb Code    34  usmart_str.o(.text)
    usmart_strcopy                           0x0800f1e7   Thumb Code    22  usmart_str.o(.text)
    usmart_strlen                            0x0800f1fd   Thumb Code    24  usmart_str.o(.text)
    usmart_pow                               0x0800f215   Thumb Code    22  usmart_str.o(.text)
    usmart_str2num                           0x0800f22b   Thumb Code   202  usmart_str.o(.text)
    usmart_get_cmdname                       0x0800f2f5   Thumb Code    54  usmart_str.o(.text)
    usmart_search_nextc                      0x0800f32b   Thumb Code    22  usmart_str.o(.text)
    usmart_get_fname                         0x0800f341   Thumb Code   440  usmart_str.o(.text)
    usmart_get_aparm                         0x0800f4f9   Thumb Code   200  usmart_str.o(.text)
    usmart_get_parmpos                       0x0800f5c1   Thumb Code    26  usmart_str.o(.text)
    usmart_get_fparam                        0x0800f5db   Thumb Code   262  usmart_str.o(.text)
    LCD_SSD_SET                              0x0800f6ed   Thumb Code   164  yt55f96a6.o(.text)
    LCD_INIT                                 0x0800f791   Thumb Code    80  yt55f96a6.o(.text)
    mymemcpy                                 0x0800f839   Thumb Code    26  malloc.o(.text)
    mymemset                                 0x0800f853   Thumb Code    20  malloc.o(.text)
    my_mem_init                              0x0800f867   Thumb Code    54  malloc.o(.text)
    my_mem_perused                           0x0800f89d   Thumb Code    54  malloc.o(.text)
    my_mem_malloc                            0x0800f8d3   Thumb Code   154  malloc.o(.text)
    my_mem_free                              0x0800f96d   Thumb Code    94  malloc.o(.text)
    myfree                                   0x0800f9cb   Thumb Code    32  malloc.o(.text)
    mymalloc                                 0x0800f9eb   Thumb Code    34  malloc.o(.text)
    myrealloc                                0x0800fa0d   Thumb Code    66  malloc.o(.text)
    KeyLED6_OFF                              0x0800fae9   Thumb Code    22  key.o(.text)
    KeyLED5_OFF                              0x0800faff   Thumb Code    22  key.o(.text)
    Key_Init                                 0x0800fb15   Thumb Code    94  key.o(.text)
    Key_Read                                 0x0800fc05   Thumb Code   432  key.o(.text)
    Encoder_Read                             0x0800fdb5   Thumb Code   228  key.o(.text)
    KeyLED1_ON                               0x0800fe99   Thumb Code    22  key.o(.text)
    KeyLED1_OFF                              0x0800feaf   Thumb Code    22  key.o(.text)
    KeyLED2_ON                               0x0800fec5   Thumb Code    22  key.o(.text)
    KeyLED2_OFF                              0x0800fedb   Thumb Code    22  key.o(.text)
    KeyLED3_ON                               0x0800fef1   Thumb Code    22  key.o(.text)
    KeyLED3_OFF                              0x0800ff07   Thumb Code    22  key.o(.text)
    KeyLED4_ON                               0x0800ff1d   Thumb Code    22  key.o(.text)
    KeyLED4_OFF                              0x0800ff33   Thumb Code    22  key.o(.text)
    KeyLED5_ON                               0x0800ff49   Thumb Code    30  key.o(.text)
    KeyLED6_ON                               0x0800ff67   Thumb Code    30  key.o(.text)
    KeyLED7_ON                               0x0800ff85   Thumb Code    22  key.o(.text)
    KeyLED7_OFF                              0x0800ff9b   Thumb Code    22  key.o(.text)
    LcdDrvGPIOConfig                         0x0800ffb9   Thumb Code   102  lcd_drv.o(.text)
    LcdDrvFSMCInit                           0x0801001f   Thumb Code    92  lcd_drv.o(.text)
    LcdDrvWriteData                          0x0801007b   Thumb Code     6  lcd_drv.o(.text)
    LcdDrvWriteCmd                           0x08010081   Thumb Code    26  lcd_drv.o(.text)
    LcdDrvReadData                           0x0801009b   Thumb Code     6  lcd_drv.o(.text)
    BurstLength                              0x080100a1   Thumb Code    38  lcd_drv.o(.text)
    LcdDrvGotoXy                             0x080100c7   Thumb Code   110  lcd_drv.o(.text)
    LcdDrvWriteRgb                           0x08010135   Thumb Code    28  lcd_drv.o(.text)
    LcdDrvWriteRamBlock                      0x08010151   Thumb Code    78  lcd_drv.o(.text)
    LcdDrvSetFrame                           0x0801019f   Thumb Code    12  lcd_drv.o(.text)
    LcdDrvMapRamBlock                        0x080101ab   Thumb Code    54  lcd_drv.o(.text)
    LcdDrvDisplayFrame                       0x080101e1   Thumb Code    12  lcd_drv.o(.text)
    LcdDrv_RGB_ON                            0x080101ed   Thumb Code    16  lcd_drv.o(.text)
    LcdDrv_RGB_OFF                           0x080101fd   Thumb Code    16  lcd_drv.o(.text)
    LcdDrvInit                               0x0801020d   Thumb Code   570  lcd_drv.o(.text)
    CDCE913_WrReg                            0x080104f5   Thumb Code   112  i2c_clk.o(.text)
    CDCE913_RdReg                            0x08010565   Thumb Code   210  i2c_clk.o(.text)
    CDCE913_Init                             0x08010637   Thumb Code    52  i2c_clk.o(.text)
    CDCE913_Y2F                              0x0801066b   Thumb Code   330  i2c_clk.o(.text)
    strlen                                   0x080107cd   Thumb Code    14  strlen.o(.text)
    atoi                                     0x080107db   Thumb Code    26  atoi.o(.text)
    __aeabi_dmul                             0x080107f5   Thumb Code   228  dmul.o(.text)
    __aeabi_ddiv                             0x080108d9   Thumb Code   222  ddiv.o(.text)
    __aeabi_ui2d                             0x080109b7   Thumb Code    26  dfltui.o(.text)
    __aeabi_d2iz                             0x080109d1   Thumb Code    62  dfixi.o(.text)
    __aeabi_d2uiz                            0x08010a0f   Thumb Code    50  dfixui.o(.text)
    __aeabi_uidiv                            0x08010a41   Thumb Code     0  uidiv.o(.text)
    __aeabi_uidivmod                         0x08010a41   Thumb Code    44  uidiv.o(.text)
    __aeabi_uldivmod                         0x08010a6d   Thumb Code    98  uldiv.o(.text)
    __aeabi_llsr                             0x08010acf   Thumb Code    32  llushr.o(.text)
    _ll_ushift_r                             0x08010acf   Thumb Code     0  llushr.o(.text)
    strtol                                   0x08010aef   Thumb Code   112  strtol.o(.text)
    __I$use$fp                               0x08010b5f   Thumb Code     0  iusefp.o(.text)
    _double_round                            0x08010b5f   Thumb Code    26  depilogue.o(.text)
    _double_epilogue                         0x08010b79   Thumb Code   164  depilogue.o(.text)
    __aeabi_dadd                             0x08010c1d   Thumb Code   322  dadd.o(.text)
    __aeabi_dsub                             0x08010d5f   Thumb Code     6  dadd.o(.text)
    __aeabi_drsub                            0x08010d65   Thumb Code     6  dadd.o(.text)
    __ARM_scalbn                             0x08010d6b   Thumb Code    46  dscalb.o(.text)
    scalbn                                   0x08010d6b   Thumb Code     0  dscalb.o(.text)
    __aeabi_i2d                              0x08010d99   Thumb Code    34  dflti.o(.text)
    __aeabi_d2ulz                            0x08010dbb   Thumb Code    48  dfixul.o(.text)
    __aeabi_cdcmpeq                          0x08010ded   Thumb Code     0  cdcmple.o(.text)
    __aeabi_cdcmple                          0x08010ded   Thumb Code    38  cdcmple.o(.text)
    __aeabi_cdrcmple                         0x08010e15   Thumb Code    38  cdrcmple.o(.text)
    __scatterload                            0x08010e3d   Thumb Code    28  init.o(.text)
    __scatterload_rt2                        0x08010e3d   Thumb Code     0  init.o(.text)
    __aeabi_llsl                             0x08010e61   Thumb Code    30  llshl.o(.text)
    _ll_shift_l                              0x08010e61   Thumb Code     0  llshl.o(.text)
    __aeabi_lasr                             0x08010e7f   Thumb Code    36  llsshr.o(.text)
    _ll_sshift_r                             0x08010e7f   Thumb Code     0  llsshr.o(.text)
    __rt_ctype_table                         0x08010ea5   Thumb Code     4  ctype_o.o(.text)
    _strtoul                                 0x08010ead   Thumb Code   158  _strtoul.o(.text)
    _dsqrt                                   0x08010f4b   Thumb Code   162  dsqrt.o(.text)
    _chval                                   0x08010fed   Thumb Code    28  _chval.o(.text)
    __decompress                             0x08011009   Thumb Code     0  __dczerorl2.o(.text)
    __decompress1                            0x08011009   Thumb Code    92  __dczerorl2.o(.text)
    __0printf$8                              0x08011065   Thumb Code    22  printf8.o(i.__0printf$8)
    __1printf$8                              0x08011065   Thumb Code     0  printf8.o(i.__0printf$8)
    __2printf                                0x08011065   Thumb Code     0  printf8.o(i.__0printf$8)
    __0vsprintf                              0x08011085   Thumb Code    30  printfa.o(i.__0vsprintf)
    __1vsprintf                              0x08011085   Thumb Code     0  printfa.o(i.__0vsprintf)
    __2vsprintf                              0x08011085   Thumb Code     0  printfa.o(i.__0vsprintf)
    __c89vsprintf                            0x08011085   Thumb Code     0  printfa.o(i.__0vsprintf)
    vsprintf                                 0x08011085   Thumb Code     0  printfa.o(i.__0vsprintf)
    __ARM_fpclassify                         0x080110a9   Thumb Code    40  fpclassify.o(i.__ARM_fpclassify)
    __aeabi_errno_addr                       0x080110d1   Thumb Code     4  errno.o(i.__aeabi_errno_addr)
    __rt_errno_addr                          0x080110d1   Thumb Code     0  errno.o(i.__aeabi_errno_addr)
    __kernel_poly                            0x080110d9   Thumb Code   170  poly.o(i.__kernel_poly)
    __mathlib_dbl_underflow                  0x08011185   Thumb Code    10  dunder.o(i.__mathlib_dbl_underflow)
    __scatterload_copy                       0x08011195   Thumb Code    14  handlers.o(i.__scatterload_copy)
    __scatterload_null                       0x080111a3   Thumb Code     2  handlers.o(i.__scatterload_null)
    __scatterload_zeroinit                   0x080111a5   Thumb Code    14  handlers.o(i.__scatterload_zeroinit)
    __set_errno                              0x080111b5   Thumb Code     6  errno.o(i.__set_errno)
    log                                      0x08011ecd   Thumb Code   822  log.o(i.log)
    pow                                      0x0801223d   Thumb Code  2510  pow.o(i.pow)
    sqrt                                     0x08012c1d   Thumb Code    78  sqrt.o(i.sqrt)
    ascii_char                               0x08012c6a   Data        2048  showtext.o(.constdata)
    S90638_INIT_CODE                         0x0801346a   Data       11520  user.o(.constdata)
    Joystick_DeviceDescriptor                0x0801616e   Data          18  usb_desc.o(.constdata)
    Joystick_ConfigDescriptor                0x08016180   Data          41  usb_desc.o(.constdata)
    Joystick_ReportDescriptor                0x080161a9   Data          33  usb_desc.o(.constdata)
    Joystick_StringLangID                    0x080161ca   Data           4  usb_desc.o(.constdata)
    Joystick_StringVendor                    0x080161ce   Data          20  usb_desc.o(.constdata)
    Joystick_StringProduct                   0x080161e2   Data          18  usb_desc.o(.constdata)
    memtblsize                               0x08016244   Data           4  malloc.o(.constdata)
    memblksize                               0x08016248   Data           4  malloc.o(.constdata)
    memsize                                  0x0801624c   Data           4  malloc.o(.constdata)
    __mathlib_zero                           0x08016310   Data           8  qnan.o(.constdata)
    __ctype_table                            0x08016318   Data         129  ctype_o.o(.constdata)
    Region$$Table$$Base                      0x0801694c   Number         0  anon$$obj.o(Region$$Table)
    Region$$Table$$Limit                     0x0801696c   Number         0  anon$$obj.o(Region$$Table)
    loadpic                                  0x20000000   Data         480  main.o(.data)
    dip_on                                   0x200001e0   Data           4  main.o(.data)
    auto_mode                                0x200001e4   Data           4  main.o(.data)
    frame                                    0x200001e8   Data           4  main.o(.data)
    frame_delay_cnt                          0x200001ec   Data           4  main.o(.data)
    MsgCmd                                   0x200001f0   Data           1  main.o(.data)
    hidr                                     0x200001f1   Data           1  main.o(.data)
    frame_max                                0x200001f4   Data           4  main.o(.data)
    _1ms_ok                                  0x200001f8   Data           4  systick.o(.data)
    _20ms_ok                                 0x200001fc   Data           4  systick.o(.data)
    mode                                     0x20000210   Data           4  ssd2828.o(.data)
    VCOM                                     0x20000214   Data           3  ssd2828.o(.data)
    Dsi_LANE                                 0x20000218   Data           4  gxnussd2828.o(.data)
    Dsi_mbps                                 0x2000021c   Data           4  gxnussd2828.o(.data)
    Lcd_PCLK                                 0x20000220   Data           4  gxnussd2828.o(.data)
    Lcd_fps                                  0x20000224   Data           4  gxnussd2828.o(.data)
    StopCondition                            0x20000230   Data           4  bsp_sdio_sdcard.o(.data)
    TransferError                            0x20000234   Data           1  bsp_sdio_sdcard.o(.data)
    TransferEnd                              0x20000238   Data           4  bsp_sdio_sdcard.o(.data)
    SDTransferError                          0x20000250   Data           1  sdcard.o(.data)
    SDTransferEnd                            0x20000254   Data           4  sdcard.o(.data)
    SDNumberOfBytes                          0x20000258   Data           4  sdcard.o(.data)
    SrcBuffer                                0x2000025c   Data           4  sdcard.o(.data)
    DestBuffer                               0x20000260   Data           4  sdcard.o(.data)
    S90638_INIT_PCS                          0x20000264   Data           4  user.o(.data)
    usbnum                                   0x20000268   Data           4  user.o(.data)
    uTimerH                                  0x2000026c   Data           4  user.o(.data)
    uPreTimerH                               0x20000270   Data           4  user.o(.data)
    uTimerL                                  0x20000274   Data           4  user.o(.data)
    uTimerPicH                               0x20000278   Data           4  user.o(.data)
    uTimerPicL                               0x2000027c   Data           4  user.o(.data)
    BurnStart                                0x20000280   Data           1  user.o(.data)
    picDisBeforeBurn                         0x20000281   Data           1  user.o(.data)
    u8PicIndex                               0x20000282   Data           1  user.o(.data)
    SStatus                                  0x20000283   Data           1  user.o(.data)
    USART_RX_STA                             0x20000284   Data           2  gxnu.o(.data)
    commd                                    0x20000286   Data           1  gxnu.o(.data)
    Data_Mul_MaxPacketSize                   0x200002a6   Data           1  usb_core.o(.data)
    StatusInfo                               0x200002a8   Data           2  usb_core.o(.data)
    EPindex                                  0x200002ac   Data           1  usb_init.o(.data)
    pInformation                             0x200002b0   Data           4  usb_init.o(.data)
    pProperty                                0x200002b4   Data           4  usb_init.o(.data)
    SaveState                                0x200002b8   Data           2  usb_init.o(.data)
    wInterrupt_Mask                          0x200002ba   Data           2  usb_init.o(.data)
    pUser_Standard_Requests                  0x200002bc   Data           4  usb_init.o(.data)
    SaveRState                               0x200002c0   Data           2  usb_int.o(.data)
    SaveTState                               0x200002c2   Data           2  usb_int.o(.data)
    Joystick_StringSerial                    0x200002c4   Data          26  usb_desc.o(.data)
    USB_ReceiveFlg                           0x200002de   Data           1  usb_endp.o(.data)
    bIntPackSOF                              0x200002e0   Data           1  usb_istr.o(.data)
    esof_counter                             0x200002e4   Data           4  usb_istr.o(.data)
    wCNTR                                    0x200002e8   Data           4  usb_istr.o(.data)
    pEpInt_IN                                0x200002ec   Data          28  usb_istr.o(.data)
    pEpInt_OUT                               0x20000308   Data          28  usb_istr.o(.data)
    wIstr                                    0x20000324   Data           2  usb_istr.o(.data)
    Device_Table                             0x20000328   Data           2  usb_prop.o(.data)
    Device_Property                          0x2000032c   Data          48  usb_prop.o(.data)
    User_Standard_Requests                   0x2000035c   Data          36  usb_prop.o(.data)
    Device_Descriptor                        0x20000380   Data           8  usb_prop.o(.data)
    Config_Descriptor                        0x20000388   Data           8  usb_prop.o(.data)
    Joystick_Report_Descriptor               0x20000390   Data           8  usb_prop.o(.data)
    Mouse_Hid_Descriptor                     0x20000398   Data           8  usb_prop.o(.data)
    String_Descriptor                        0x200003a0   Data          32  usb_prop.o(.data)
    ProtocolValue                            0x200003c0   Data           4  usb_prop.o(.data)
    bDeviceState                             0x200003c4   Data           4  usb_pwr.o(.data)
    fSuspendEnabled                          0x200003c8   Data           1  usb_pwr.o(.data)
    remotewakeupon                           0x200003cc   Data           4  usb_pwr.o(.data)
    ResumeS                                  0x200003d0   Data           2  usb_pwr.o(.data)
    sys_cmd_tab                              0x200003d4   Data          28  usmart.o(.data)
    usmart_nametab                           0x200003f0   Data         184  usmart_config.o(.data)
    usmart_dev                               0x200004a8   Data         244  usmart_config.o(.data)
    mallco_dev                               0x2000059c   Data          20  malloc.o(.data)
    key_config                               0x200005c0   Data           1  key.o(.data)
    KeyTrg                                   0x200005c4   Data           4  key.o(.data)
    KeyCont                                  0x200005c8   Data           4  key.o(.data)
    MCU_Tsu                                  0x200005cc   Data           4  lcd_drv.o(.data)
    Lcd_DCLK                                 0x200005d0   Data           4  lcd_drv.o(.data)
    Lcd_LCDH                                 0x200005d4   Data           4  lcd_drv.o(.data)
    Lcd_LCDV                                 0x200005d8   Data           4  lcd_drv.o(.data)
    Lcd_HBPD                                 0x200005dc   Data           4  lcd_drv.o(.data)
    Lcd_HFPD                                 0x200005e0   Data           4  lcd_drv.o(.data)
    Lcd_HSPW                                 0x200005e4   Data           4  lcd_drv.o(.data)
    Lcd_VBPD                                 0x200005e8   Data           4  lcd_drv.o(.data)
    Lcd_VFPD                                 0x200005ec   Data           4  lcd_drv.o(.data)
    Lcd_VSPW                                 0x200005f0   Data           4  lcd_drv.o(.data)
    Lcd_DCLK_EDGE                            0x200005f4   Data           4  lcd_drv.o(.data)
    Lcd_HSYNC_POLARITY                       0x200005f8   Data           4  lcd_drv.o(.data)
    Lcd_VSYNC_POLARITY                       0x200005fc   Data           4  lcd_drv.o(.data)
    Lcd_DE_POLARITY                          0x20000600   Data           4  lcd_drv.o(.data)
    Lcd_VGACLK_DIV                           0x20000604   Data           4  lcd_drv.o(.data)
    Lcd_MODE                                 0x20000608   Data           4  lcd_drv.o(.data)
    lcd_lcdh                                 0x2000060c   Data           4  lcd_drv.o(.data)
    __stdout                                 0x20000610   Data           4  stdout.o(.data)
    frame_delay_ms                           0x20000618   Data         128  main.o(.bss)
    task_time_ms                             0x20000698   Data          16  systick.o(.bss)
    SDCardInfo                               0x200006d8   Data          80  bsp_sdio_sdcard.o(.bss)
    SDIO_InitStructure                       0x20000728   Data          24  bsp_sdio_sdcard.o(.bss)
    SDIO_CmdInitStructure                    0x20000740   Data          20  bsp_sdio_sdcard.o(.bss)
    SDIO_DataInitStructure                   0x20000754   Data          24  bsp_sdio_sdcard.o(.bss)
    buffer1                                  0x2000078c   Data         513  user.o(.bss)
    fb_buffer                                0x2000098d   Data         256  user.o(.bss)
    lbuffer                                  0x20000a8d   Data          64  user.o(.bss)
    SSDCardInfo                              0x20000ad0   Data          80  user.o(.bss)
    TBuffer                                  0x20000b20   Data          22  user.o(.bss)
    USART_RX_BUF                             0x20000b36   Data         256  gxnu.o(.bss)
    mbuffer                                  0x20000c36   Data         128  gxnu.o(.bss)
    cmd                                      0x20000cb6   Data         129  gxnu.o(.bss)
    Device_Info                              0x20000d38   Data          28  usb_init.o(.bss)
    Receive_Buffer                           0x20000d54   Data          22  usb_endp.o(.bss)
    Transi_Buffer                            0x20000d6a   Data          22  usb_endp.o(.bss)
    mem1base                                 0x20000d80   Data       40960  malloc.o(.bss)
    mem1mapbase                              0x2000ad80   Data        2560  malloc.o(.bss)
    __initial_sp                             0x2000bb80   Data           0  startup_stm32f10x_hd.o(STACK)



==============================================================================

Memory Map of the image

  Image Entry point : 0x08000131

  Load Region LR_IROM1 (Base: 0x08000000, Size: 0x00016f84, Max: 0x00040000, ABSOLUTE, COMPRESSED[0x00016b24])

    Execution Region ER_IROM1 (Base: 0x08000000, Size: 0x0001696c, Max: 0x00040000, ABSOLUTE)

    Base Addr    Size         Type   Attr      Idx    E Section Name        Object

    0x08000000   0x00000130   Data   RO            3    RESET               startup_stm32f10x_hd.o
    0x08000130   0x00000000   Code   RO         1212  * .ARM.Collect$$$$00000000  mc_w.l(entry.o)
    0x08000130   0x00000004   Code   RO         1505    .ARM.Collect$$$$00000001  mc_w.l(entry2.o)
    0x08000134   0x00000004   Code   RO         1508    .ARM.Collect$$$$00000004  mc_w.l(entry5.o)
    0x08000138   0x00000000   Code   RO         1510    .ARM.Collect$$$$00000008  mc_w.l(entry7b.o)
    0x08000138   0x00000000   Code   RO         1512    .ARM.Collect$$$$0000000A  mc_w.l(entry8b.o)
    0x08000138   0x00000008   Code   RO         1513    .ARM.Collect$$$$0000000B  mc_w.l(entry9a.o)
    0x08000140   0x00000000   Code   RO         1515    .ARM.Collect$$$$0000000D  mc_w.l(entry10a.o)
    0x08000140   0x00000000   Code   RO         1517    .ARM.Collect$$$$0000000F  mc_w.l(entry11a.o)
    0x08000140   0x00000004   Code   RO         1506    .ARM.Collect$$$$00002712  mc_w.l(entry2.o)
    0x08000144   0x00000024   Code   RO            4    .text               startup_stm32f10x_hd.o
    0x08000168   0x00000464   Code   RO           10    .text               main.o
    0x080005cc   0x0000003a   Code   RO          200    .text               stm32f10x_it.o
    0x08000606   0x00000002   PAD
    0x08000608   0x00000124   Code   RO          225    .text               systick.o
    0x0800072c   0x00000d3c   Code   RO          247    .text               ssd2828.o
    0x08001468   0x00001b68   Code   RO          266    .text               in_img.o
    0x08002fd0   0x0000020c   Code   RO          278    .text               showtext.o
    0x080031dc   0x000003b8   Code   RO          294    .text               gxnussd2828.o
    0x08003594   0x00001690   Code   RO          318    .text               bsp_sdio_sdcard.o
    0x08004c24   0x000000c0   Code   RO          337    .text               bsp_usart1.o
    0x08004ce4   0x000021a8   Code   RO          352    .text               sdcard.o
    0x08006e8c   0x00001134   Code   RO          369    .text               user.o
    0x08007fc0   0x000001c8   Code   RO          390    .text               gxnu.o
    0x08008188   0x000000c0   Code   RO          409    .text               delay.o
    0x08008248   0x00000610   Code   RO          427    .text               stm32f10x_fsmc.o
    0x08008858   0x0000032c   Code   RO          439    .text               stm32f10x_gpio.o
    0x08008b84   0x000001cc   Code   RO          451    .text               stm32f10x_sdio.o
    0x08008d50   0x00000370   Code   RO          463    .text               stm32f10x_usart.o
    0x080090c0   0x0000023c   Code   RO          475    .text               stm32f10x_dma.o
    0x080092fc   0x000000dc   Code   RO          487    .text               misc.o
    0x080093d8   0x00000bc6   Code   RO          499    .text               stm32f10x_tim.o
    0x08009f9e   0x00000002   PAD
    0x08009fa0   0x000003e4   Code   RO          526    .text               stm32f10x_i2c.o
    0x0800a384   0x000003a0   Code   RO          538    .text               stm32f10x_rcc.o
    0x0800a724   0x00000124   Code   RO          564    .text               stm32f10x_exti.o
    0x0800a848   0x00000138   Code   RO          589    .text               system_stm32f10x.o
    0x0800a980   0x00000076   Code   RO          618    .text               diskio.o
    0x0800a9f6   0x00000002   PAD
    0x0800a9f8   0x00001d14   Code   RO          639    .text               ff.o
    0x0800c70c   0x00000af8   Code   RO          663    .text               usb_core.o
    0x0800d204   0x0000003c   Code   RO          678    .text               usb_init.o
    0x0800d240   0x00000300   Code   RO          701    .text               usb_int.o
    0x0800d540   0x0000005c   Code   RO          725    .text               usb_mem.o
    0x0800d59c   0x00000790   Code   RO          737    .text               usb_regs.o
    0x0800dd2c   0x00000080   Code   RO          749    .text               usb_sil.o
    0x0800ddac   0x00000134   Code   RO          761    .text               hw_config.o
    0x0800dee0   0x0000014c   Code   RO          803    .text               usb_endp.o
    0x0800e02c   0x000001bc   Code   RO          862    .text               usb_istr.o
    0x0800e1e8   0x00000238   Code   RO          883    .text               usb_prop.o
    0x0800e420   0x00000158   Code   RO          906    .text               usb_pwr.o
    0x0800e578   0x00000224   Code   RO          924    .text               pc_com.o
    0x0800e79c   0x00000a28   Code   RO          937    .text               usmart.o
    0x0800f1c4   0x00000528   Code   RO          974    .text               usmart_str.o
    0x0800f6ec   0x0000014c   Code   RO          998    .text               yt55f96a6.o
    0x0800f838   0x00000228   Code   RO         1016    .text               malloc.o
    0x0800fa60   0x00000558   Code   RO         1036    .text               key.lib(key.o)
    0x0800ffb8   0x0000048e   Code   RO         1104    .text               lcd_drv.lib(lcd_drv.o)
    0x08010446   0x00000002   PAD
    0x08010448   0x00000384   Code   RO         1172    .text               lcd_drv.lib(i2c_clk.o)
    0x080107cc   0x0000000e   Code   RO         1215    .text               mc_w.l(strlen.o)
    0x080107da   0x0000001a   Code   RO         1478    .text               mc_w.l(atoi.o)
    0x080107f4   0x000000e4   Code   RO         1480    .text               mf_w.l(dmul.o)
    0x080108d8   0x000000de   Code   RO         1482    .text               mf_w.l(ddiv.o)
    0x080109b6   0x0000001a   Code   RO         1484    .text               mf_w.l(dfltui.o)
    0x080109d0   0x0000003e   Code   RO         1486    .text               mf_w.l(dfixi.o)
    0x08010a0e   0x00000032   Code   RO         1488    .text               mf_w.l(dfixui.o)
    0x08010a40   0x0000002c   Code   RO         1520    .text               mc_w.l(uidiv.o)
    0x08010a6c   0x00000062   Code   RO         1522    .text               mc_w.l(uldiv.o)
    0x08010ace   0x00000020   Code   RO         1524    .text               mc_w.l(llushr.o)
    0x08010aee   0x00000070   Code   RO         1533    .text               mc_w.l(strtol.o)
    0x08010b5e   0x00000000   Code   RO         1535    .text               mc_w.l(iusefp.o)
    0x08010b5e   0x000000be   Code   RO         1536    .text               mf_w.l(depilogue.o)
    0x08010c1c   0x0000014e   Code   RO         1538    .text               mf_w.l(dadd.o)
    0x08010d6a   0x0000002e   Code   RO         1540    .text               mf_w.l(dscalb.o)
    0x08010d98   0x00000022   Code   RO         1542    .text               mf_w.l(dflti.o)
    0x08010dba   0x00000030   Code   RO         1544    .text               mf_w.l(dfixul.o)
    0x08010dea   0x00000002   PAD
    0x08010dec   0x00000028   Code   RO         1546    .text               mf_w.l(cdcmple.o)
    0x08010e14   0x00000028   Code   RO         1548    .text               mf_w.l(cdrcmple.o)
    0x08010e3c   0x00000024   Code   RO         1550    .text               mc_w.l(init.o)
    0x08010e60   0x0000001e   Code   RO         1552    .text               mc_w.l(llshl.o)
    0x08010e7e   0x00000024   Code   RO         1554    .text               mc_w.l(llsshr.o)
    0x08010ea2   0x00000002   PAD
    0x08010ea4   0x00000008   Code   RO         1556    .text               mc_w.l(ctype_o.o)
    0x08010eac   0x0000009e   Code   RO         1584    .text               mc_w.l(_strtoul.o)
    0x08010f4a   0x000000a2   Code   RO         1586    .text               mf_w.l(dsqrt.o)
    0x08010fec   0x0000001c   Code   RO         1588    .text               mc_w.l(_chval.o)
    0x08011008   0x0000005c   Code   RO         1598    .text               mc_w.l(__dczerorl2.o)
    0x08011064   0x00000020   Code   RO         1424    i.__0printf$8       mc_w.l(printf8.o)
    0x08011084   0x00000024   Code   RO         1456    i.__0vsprintf       mc_w.l(printfa.o)
    0x080110a8   0x00000028   Code   RO         1492    i.__ARM_fpclassify  m_ws.l(fpclassify.o)
    0x080110d0   0x00000008   Code   RO         1526    i.__aeabi_errno_addr  mc_w.l(errno.o)
    0x080110d8   0x000000aa   Code   RO         1494    i.__kernel_poly     m_ws.l(poly.o)
    0x08011182   0x00000002   PAD
    0x08011184   0x00000010   Code   RO         1490    i.__mathlib_dbl_underflow  m_ws.l(dunder.o)
    0x08011194   0x0000000e   Code   RO         1592    i.__scatterload_copy  mc_w.l(handlers.o)
    0x080111a2   0x00000002   Code   RO         1593    i.__scatterload_null  mc_w.l(handlers.o)
    0x080111a4   0x0000000e   Code   RO         1594    i.__scatterload_zeroinit  mc_w.l(handlers.o)
    0x080111b2   0x00000002   PAD
    0x080111b4   0x0000000c   Code   RO         1528    i.__set_errno       mc_w.l(errno.o)
    0x080111c0   0x0000015c   Code   RO         1457    i._fp_digits        mc_w.l(printfa.o)
    0x0801131c   0x00000408   Code   RO         1431    i._printf_core      mc_w.l(printf8.o)
    0x08011724   0x000006f0   Code   RO         1458    i._printf_core      mc_w.l(printfa.o)
    0x08011e14   0x00000026   Code   RO         1432    i._printf_post_padding  mc_w.l(printf8.o)
    0x08011e3a   0x00000026   Code   RO         1459    i._printf_post_padding  mc_w.l(printfa.o)
    0x08011e60   0x00000030   Code   RO         1433    i._printf_pre_padding  mc_w.l(printf8.o)
    0x08011e90   0x00000030   Code   RO         1460    i._printf_pre_padding  mc_w.l(printfa.o)
    0x08011ec0   0x0000000a   Code   RO         1462    i._sputc            mc_w.l(printfa.o)
    0x08011eca   0x00000002   PAD
    0x08011ecc   0x00000370   Code   RO         1193    i.log               m_ws.l(log.o)
    0x0801223c   0x000009e0   Code   RO         1203    i.pow               m_ws.l(pow.o)
    0x08012c1c   0x0000004e   Code   RO         1498    i.sqrt              m_ws.l(sqrt.o)
    0x08012c6a   0x00000800   Data   RO          279    .constdata          showtext.o
    0x0801346a   0x00002d00   Data   RO          371    .constdata          user.o
    0x0801616a   0x00000004   Data   RO          640    .constdata          ff.o
    0x0801616e   0x00000086   Data   RO          790    .constdata          usb_desc.o
    0x080161f4   0x0000004d   Data   RO          938    .constdata          usmart.o
    0x08016241   0x00000003   PAD
    0x08016244   0x0000000c   Data   RO         1018    .constdata          malloc.o
    0x08016250   0x00000038   Data   RO         1194    .constdata          m_ws.l(log.o)
    0x08016288   0x00000088   Data   RO         1204    .constdata          m_ws.l(pow.o)
    0x08016310   0x00000008   Data   RO         1496    .constdata          m_ws.l(qnan.o)
    0x08016318   0x00000081   Data   RO         1557    .constdata          mc_w.l(ctype_o.o)
    0x08016399   0x00000003   PAD
    0x0801639c   0x00000004   Data   RO         1558    .constdata          mc_w.l(ctype_o.o)
    0x080163a0   0x0000001f   Data   RO          939    .conststring        usmart.o
    0x080163bf   0x0000058d   Data   RO          961    .conststring        usmart_config.o
    0x0801694c   0x00000020   Data   RO         1590    Region$$Table       anon$$obj.o


    Execution Region RW_IRAM1 (Base: 0x20000000, Size: 0x0000bb80, Max: 0x0000c000, ABSOLUTE, COMPRESSED[0x000001b8])

    Base Addr    Size         Type   Attr      Idx    E Section Name        Object

    0x20000000   0x000001f8   Data   RW           12    .data               main.o
    0x200001f8   0x00000018   Data   RW          227    .data               systick.o
    0x20000210   0x00000007   Data   RW          248    .data               ssd2828.o
    0x20000217   0x00000001   PAD
    0x20000218   0x00000010   Data   RW          295    .data               gxnussd2828.o
    0x20000228   0x00000014   Data   RW          320    .data               bsp_sdio_sdcard.o
    0x2000023c   0x00000028   Data   RW          354    .data               sdcard.o
    0x20000264   0x00000020   Data   RW          372    .data               user.o
    0x20000284   0x00000003   Data   RW          392    .data               gxnu.o
    0x20000287   0x00000001   PAD
    0x20000288   0x00000004   Data   RW          410    .data               delay.o
    0x2000028c   0x00000014   Data   RW          539    .data               stm32f10x_rcc.o
    0x200002a0   0x00000006   Data   RW          641    .data               ff.o
    0x200002a6   0x00000004   Data   RW          664    .data               usb_core.o
    0x200002aa   0x00000002   PAD
    0x200002ac   0x00000014   Data   RW          680    .data               usb_init.o
    0x200002c0   0x00000004   Data   RW          702    .data               usb_int.o
    0x200002c4   0x0000001a   Data   RW          791    .data               usb_desc.o
    0x200002de   0x00000001   Data   RW          805    .data               usb_endp.o
    0x200002df   0x00000001   PAD
    0x200002e0   0x00000046   Data   RW          863    .data               usb_istr.o
    0x20000326   0x00000002   PAD
    0x20000328   0x0000009c   Data   RW          884    .data               usb_prop.o
    0x200003c4   0x0000000e   Data   RW          907    .data               usb_pwr.o
    0x200003d2   0x00000002   PAD
    0x200003d4   0x0000001c   Data   RW          940    .data               usmart.o
    0x200003f0   0x000001ac   Data   RW          962    .data               usmart_config.o
    0x2000059c   0x00000014   Data   RW         1019    .data               malloc.o
    0x200005b0   0x0000001c   Data   RW         1037    .data               key.lib(key.o)
    0x200005cc   0x00000044   Data   RW         1105    .data               lcd_drv.lib(lcd_drv.o)
    0x20000610   0x00000004   Data   RW         1519    .data               mc_w.l(stdout.o)
    0x20000614   0x00000004   Data   RW         1529    .data               mc_w.l(errno.o)
    0x20000618   0x00000080   Zero   RW           11    .bss                main.o
    0x20000698   0x00000010   Zero   RW          226    .bss                systick.o
    0x200006a8   0x000000c4   Zero   RW          319    .bss                bsp_sdio_sdcard.o
    0x2000076c   0x00000020   Zero   RW          353    .bss                sdcard.o
    0x2000078c   0x000003aa   Zero   RW          370    .bss                user.o
    0x20000b36   0x00000201   Zero   RW          391    .bss                gxnu.o
    0x20000d37   0x00000001   PAD
    0x20000d38   0x0000001c   Zero   RW          679    .bss                usb_init.o
    0x20000d54   0x0000002c   Zero   RW          804    .bss                usb_endp.o
    0x20000d80   0x0000aa00   Zero   RW         1017    .bss                malloc.o
    0x2000b780   0x00000400   Zero   RW            1    STACK               startup_stm32f10x_hd.o


==============================================================================

Image component sizes


      Code (inc. data)   RO Data    RW Data    ZI Data      Debug   Object Name

      5776        212          0         20        196      22783   bsp_sdio_sdcard.o
       192         10          0          0          0        952   bsp_usart1.o
       192          8          0          4          0       1094   delay.o
       118          0          0          0          0       2966   diskio.o
      7444         36          4          6          0      22473   ff.o
       456        130          0          3        513       2951   gxnu.o
       952        332          0         16          0       1790   gxnussd2828.o
       308         16          0          0          0       2215   hw_config.o
      7016         64          0          0          0       9241   in_img.o
      1124        186          0        504        128     309093   main.o
       552         18         12         20      43520       4035   malloc.o
       220         20          0          0          0       1605   misc.o
       548         72          0          0          0       2504   pc_com.o
      8616        382          0         40         32      19593   sdcard.o
       524          6       2048          0          0       2282   showtext.o
      3388         68          0          7          0      14147   ssd2828.o
        36          8        304          0       1024        764   startup_stm32f10x_hd.o
       572         16          0          0          0       3319   stm32f10x_dma.o
       292         10          0          0          0       4011   stm32f10x_exti.o
      1552         52          0          0          0       5147   stm32f10x_fsmc.o
       812         18          0          0          0       4971   stm32f10x_gpio.o
       996         18          0          0          0       8628   stm32f10x_i2c.o
        58          0          0          0          0       2927   stm32f10x_it.o
       928         44          0         20          0       8536   stm32f10x_rcc.o
       460         36          0          0          0       6788   stm32f10x_sdio.o
      3014         16          0          0          0      23676   stm32f10x_tim.o
       880         12          0          0          0       7583   stm32f10x_usart.o
       312         18          0          0          0       1065   system_stm32f10x.o
       292         38          0         24         16       6307   systick.o
      2808        104          0          4          0       7887   usb_core.o
         0          0        134         26          0        877   usb_desc.o
       332         94          0          1         44       1638   usb_endp.o
        60         24          0         20         28       3858   usb_init.o
       768         30          0          4          0       1695   usb_int.o
       444         34          0         70          0       1347   usb_istr.o
        92          6          0          0          0       1274   usb_mem.o
       568         46          0        156          0       7238   usb_prop.o
       344         26          0         14          0       2312   usb_pwr.o
      1936         16          0          0          0      11413   usb_regs.o
       128          8          0          0          0       1302   usb_sil.o
      4404        650      11520         32        938       9416   user.o
      2600       1196        108         28          0       3326   usmart.o
         0          0       1421        428          0       1412   usmart_config.o
      1320         12          0          0          0       4933   usmart_str.o
       332         88          0          0          0        595   yt55f96a6.o

    ----------------------------------------------------------------------
     63772       4180      15586       1456      46440     563969   Object Totals
         0          0         32          0          0          0   (incl. Generated)
         6          0          3          9          1          0   (incl. Padding)

    ----------------------------------------------------------------------

      Code (inc. data)   RO Data    RW Data    ZI Data      Debug   Library Member Name

      1368         44          0         28          0     212346   key.o
       900         24          0          0          0       1931   i2c_clk.o
      1166         76          0         68          0      26420   lcd_drv.o
        16          6          0          0          0         68   dunder.o
        40          0          0          0          0         68   fpclassify.o
       880         58         56          0          0        276   log.o
       170          0          0          0          0         96   poly.o
      2528        190        136          0          0        316   pow.o
         0          0          8          0          0          0   qnan.o
        78          0          0          0          0         84   sqrt.o
        92          0          0          0          0          0   __dczerorl2.o
        28          0          0          0          0         68   _chval.o
       158          0          0          0          0         92   _strtoul.o
        26          0          0          0          0         80   atoi.o
         8          4        133          0          0         68   ctype_o.o
         0          0          0          0          0          0   entry.o
         0          0          0          0          0          0   entry10a.o
         0          0          0          0          0          0   entry11a.o
         8          4          0          0          0          0   entry2.o
         4          0          0          0          0          0   entry5.o
         0          0          0          0          0          0   entry7b.o
         0          0          0          0          0          0   entry8b.o
         8          4          0          0          0          0   entry9a.o
        20         10          0          4          0        136   errno.o
        30          0          0          0          0          0   handlers.o
        36          8          0          0          0         68   init.o
         0          0          0          0          0          0   iusefp.o
        30          0          0          0          0         68   llshl.o
        36          0          0          0          0         68   llsshr.o
        32          0          0          0          0         68   llushr.o
      1150         54          0          0          0        352   printf8.o
      2256         86          0          0          0        508   printfa.o
         0          0          0          4          0          0   stdout.o
        14          0          0          0          0         68   strlen.o
       112          0          0          0          0         88   strtol.o
        44          0          0          0          0         80   uidiv.o
        98          0          0          0          0         92   uldiv.o
        40          2          0          0          0         68   cdcmple.o
        40          2          0          0          0         68   cdrcmple.o
       334          0          0          0          0        144   dadd.o
       222          0          0          0          0        100   ddiv.o
       190          0          0          0          0        176   depilogue.o
        62          0          0          0          0         80   dfixi.o
        50          0          0          0          0         76   dfixui.o
        48          0          0          0          0         68   dfixul.o
        34          0          0          0          0         76   dflti.o
        26          0          0          0          0         76   dfltui.o
       228          0          0          0          0         92   dmul.o
        46          0          0          0          0         80   dscalb.o
       162          0          0          0          0        100   dsqrt.o

    ----------------------------------------------------------------------
     12830        572        336        104          0     244713   Library Totals
        12          0          3          0          0          0   (incl. Padding)

    ----------------------------------------------------------------------

      Code (inc. data)   RO Data    RW Data    ZI Data      Debug   Library Name

      1368         44          0         28          0     212346   key.lib
      2066        100          0         68          0      28351   lcd_drv.lib
      3712        254        200          0          0        908   m_ws.l
      4190        170        133          8          0       1904   mc_w.l
      1482          4          0          0          0       1204   mf_w.l

    ----------------------------------------------------------------------
     12830        572        336        104          0     244713   Library Totals

    ----------------------------------------------------------------------

==============================================================================


      Code (inc. data)   RO Data    RW Data    ZI Data      Debug   

     76602       4752      15922       1560      46440     801766   Grand Totals
     76602       4752      15922        440      46440     801766   ELF Image Totals (compressed)
     76602       4752      15922        440          0          0   ROM Totals

==============================================================================

    Total RO  Size (Code + RO Data)                92524 (  90.36kB)
    Total RW  Size (RW Data + ZI Data)             48000 (  46.88kB)
    Total ROM Size (Code + RO Data + RW Data)      92964 (  90.79kB)

==============================================================================

