ARM Linker, 4.1 [Build 791] [Professional (MDK + RL-ARM)]

==============================================================================

Section Cross References

    startup_stm32f10x_hd.o(RESET) refers to startup_stm32f10x_hd.o(STACK) for __initial_sp
    startup_stm32f10x_hd.o(RESET) refers to startup_stm32f10x_hd.o(.text) for Reset_Handler
    startup_stm32f10x_hd.o(RESET) refers to stm32f10x_it.o(.text) for NMI_Handler
    startup_stm32f10x_hd.o(RESET) refers to user.o(.text) for TIM3_IRQHandler
    startup_stm32f10x_hd.o(.text) refers to system_stm32f10x.o(.text) for SystemInit
    startup_stm32f10x_hd.o(.text) refers to entry.o(.ARM.Collect$$$$00000000) for __main
    main.o(.text) refers to printf8.o(i.__0printf$8) for __2printf
    main.o(.text) refers to lcd_drv.o(.text) for LcdDrvSetFrame
    main.o(.text) refers to in_img.o(.text) for Img_Full
    main.o(.text) refers to user.o(.text) for OutPutSdCardFileRollingover
    main.o(.text) refers to key.o(.text) for Key_Read
    main.o(.text) refers to system_stm32f10x.o(.text) for SystemInit
    main.o(.text) refers to malloc.o(.text) for my_mem_init
    main.o(.text) refers to bsp_sdio_sdcard.o(.text) for NVIC_Configuration
    main.o(.text) refers to delay.o(.text) for delay_init
    main.o(.text) refers to yt55f96a6.o(.text) for LCD_SSD_SET
    main.o(.text) refers to ssd2828.o(.text) for ssd_rdata
    main.o(.text) refers to main.o(.data) for loadpic
    main.o(.text) refers to main.o(.bss) for frame_delay_ms
    main.o(.text) refers to key.o(.data) for KeyTrg
    main.o(.text) refers to user.o(.data) for uTimerH
    main.o(.text) refers to systick.o(.data) for _1ms_ok
    main.o(.text) refers to usmart_config.o(.data) for usmart_dev
    stm32f10x_it.o(.text) refers to systick.o(.text) for TimingDelay_Decrement
    stm32f10x_it.o(.text) refers to sdcard.o(.text) for MISD_ProcessIRQSrc
    stm32f10x_it.o(.text) refers to usb_istr.o(.text) for USB_Istr
    stm32f10x_it.o(.text) refers to usb_int.o(.text) for CTR_HP
    systick.o(.text) refers to systick.o(.data) for TimingDelay
    systick.o(.text) refers to systick.o(.bss) for task_time_ms
    ssd2828.o(.text) refers to delay.o(.text) for Delay_10us
    ssd2828.o(.text) refers to stm32f10x_rcc.o(.text) for RCC_APB2PeriphClockCmd
    ssd2828.o(.text) refers to stm32f10x_gpio.o(.text) for GPIO_Init
    ssd2828.o(.text) refers to ssd2828.o(.data) for mode
    ssd2828.o(.text) refers to lcd_drv.o(.data) for Lcd_HSPW
    in_img.o(.text) refers to lcd_drv.o(.text) for LcdDrvWriteData
    in_img.o(.text) refers to lcd_drv.o(.data) for Lcd_LCDH
    showtext.o(.text) refers to delay.o(.text) for Delay_10us
    showtext.o(.text) refers to lcd_drv.o(.text) for LcdDrvGotoXy
    showtext.o(.text) refers to showtext.o(.constdata) for ascii_char
    gxnussd2828.o(.text) refers to ssd2828.o(.text) for Write_SSPI_REG
    gxnussd2828.o(.text) refers to printf8.o(i.__0printf$8) for __2printf
    gxnussd2828.o(.text) refers to delay.o(.text) for Delay_ms
    gxnussd2828.o(.text) refers to lcd_drv.o(.data) for Lcd_LCDH
    gxnussd2828.o(.text) refers to gxnussd2828.o(.data) for Lcd_fps
    bsp_sdio_sdcard.o(.text) refers to stm32f10x_sdio.o(.text) for SDIO_ClockCmd
    bsp_sdio_sdcard.o(.text) refers to stm32f10x_rcc.o(.text) for RCC_AHBPeriphClockCmd
    bsp_sdio_sdcard.o(.text) refers to stm32f10x_gpio.o(.text) for GPIO_Init
    bsp_sdio_sdcard.o(.text) refers to misc.o(.text) for NVIC_PriorityGroupConfig
    bsp_sdio_sdcard.o(.text) refers to stm32f10x_dma.o(.text) for DMA_GetFlagStatus
    bsp_sdio_sdcard.o(.text) refers to bsp_sdio_sdcard.o(.bss) for SDIO_CmdInitStructure
    bsp_sdio_sdcard.o(.text) refers to bsp_sdio_sdcard.o(.data) for RCA
    bsp_usart1.o(.text) refers to stm32f10x_rcc.o(.text) for RCC_APB2PeriphClockCmd
    bsp_usart1.o(.text) refers to stm32f10x_gpio.o(.text) for GPIO_Init
    bsp_usart1.o(.text) refers to stm32f10x_usart.o(.text) for USART_Init
    sdcard.o(.text) refers to stm32f10x_sdio.o(.text) for SDIO_ClearFlag
    sdcard.o(.text) refers to sdcard.o(.data) for CardType
    sdcard.o(.text) refers to bsp_sdio_sdcard.o(.bss) for SDIO_CmdInitStructure
    sdcard.o(.text) refers to sdcard.o(.bss) for CID_Tab
    sdcard.o(.text) refers to stm32f10x_rcc.o(.text) for RCC_APB2PeriphClockCmd
    sdcard.o(.text) refers to stm32f10x_gpio.o(.text) for GPIO_Init
    sdcard.o(.text) refers to stm32f10x_dma.o(.text) for DMA_ClearFlag
    user.o(.text) refers to lcd_drv.o(.text) for LcdDrvInit
    user.o(.text) refers to ssd2828.o(.text) for GP_LP
    user.o(.text) refers to stm32f10x_rcc.o(.text) for RCC_APB2PeriphClockCmd
    user.o(.text) refers to stm32f10x_usart.o(.text) for USART_DeInit
    user.o(.text) refers to stm32f10x_gpio.o(.text) for GPIO_Init
    user.o(.text) refers to misc.o(.text) for NVIC_Init
    user.o(.text) refers to stm32f10x_tim.o(.text) for TIM_TimeBaseInit
    user.o(.text) refers to lcd_drv.o(.data) for Lcd_MODE
[...]
    SD_PowerOFF                              0x080048b9   Thumb Code    16  bsp_sdio_sdcard.o(.text)
    SD_SendSDStatus                          0x080048c9   Thumb Code   412  bsp_sdio_sdcard.o(.text)
    SD_GetCardStatus                         0x08004a65   Thumb Code   212  bsp_sdio_sdcard.o(.text)
    SD_ReadBlock                             0x08004b39   Thumb Code   218  bsp_sdio_sdcard.o(.text)
    SD_ReadMultiBlocks                       0x08004c13   Thumb Code   232  bsp_sdio_sdcard.o(.text)
    SD_WaitReadOperation                     0x08004cfb   Thumb Code    44  bsp_sdio_sdcard.o(.text)
    SD_WriteBlock                            0x08004d27   Thumb Code   214  bsp_sdio_sdcard.o(.text)
    SD_WriteMultiBlocks                      0x08004dfd   Thumb Code   376  bsp_sdio_sdcard.o(.text)
    SD_WaitWriteOperation                    0x08004f75   Thumb Code    52  bsp_sdio_sdcard.o(.text)
    SD_GetTransferState                      0x08004fa9   Thumb Code    18  bsp_sdio_sdcard.o(.text)
    SD_StopTransfer                          0x08004fbb   Thumb Code    32  bsp_sdio_sdcard.o(.text)
    SD_Erase                                 0x08005143   Thumb Code   326  bsp_sdio_sdcard.o(.text)
    SD_ProcessIRQSrc                         0x08005289   Thumb Code   124  bsp_sdio_sdcard.o(.text)
    convert_from_bytes_to_power_of_two       0x08005305   Thumb Code    24  bsp_sdio_sdcard.o(.text)
    USART1_Config                            0x08005325   Thumb Code   136  bsp_usart1.o(.text)
    fputc                                    0x080053ad   Thumb Code    32  bsp_usart1.o(.text)
    fgetc                                    0x080053cd   Thumb Code    26  bsp_usart1.o(.text)
    MISD_InitializeCards                     0x080054d7   Thumb Code   332  sdcard.o(.text)
    MISD_PowerON                             0x0800582f   Thumb Code   444  sdcard.o(.text)
    MISD_Init                                0x08005a27   Thumb Code    90  sdcard.o(.text)
    MISD_PowerOFF                            0x08005a81   Thumb Code    18  sdcard.o(.text)
    MISD_GetCardInfo                         0x08005a93   Thumb Code   878  sdcard.o(.text)
    MISD_EnableWideBusOperation              0x0800611d   Thumb Code   160  sdcard.o(.text)
    MISD_SetDeviceMode                       0x080061bd   Thumb Code    28  sdcard.o(.text)
    MISD_SelectDeselect                      0x080061d9   Thumb Code    56  sdcard.o(.text)
    MISD_ReadBlock                           0x0800628f   Thumb Code   666  sdcard.o(.text)
    MISD_ReadMultiBlocks                     0x08006529   Thumb Code   760  sdcard.o(.text)
    MISD_WriteBlock                          0x08006a25   Thumb Code   982  sdcard.o(.text)
    MISD_WriteMultiBlocks                    0x08006dfb   Thumb Code  1120  sdcard.o(.text)
    MISD_GetTransferState                    0x0800725b   Thumb Code    18  sdcard.o(.text)
    MISD_StopTransfer                        0x0800726d   Thumb Code    56  sdcard.o(.text)
    MISD_Erase                               0x080072a5   Thumb Code   340  sdcard.o(.text)
    MISD_SendStatus                          0x080073f9   Thumb Code    88  sdcard.o(.text)
    MISD_SendSDStatus                        0x08007451   Thumb Code   530  sdcard.o(.text)
    MISD_ProcessIRQSrc                       0x08007663   Thumb Code   620  sdcard.o(.text)
    LCD_SSD_SETT                             0x080078f1   Thumb Code   190  user.o(.text)
    LCD_INITT                                0x080079af   Thumb Code   102  user.o(.text)
    Usart_Init                               0x08007a15   Thumb Code   176  user.o(.text)
    LCDGPIO_Configuration                    0x08007ac5   Thumb Code   324  user.o(.text)
    LCM_RST_1                                0x08007c09   Thumb Code    36  user.o(.text)
    LCM_RST_0                                0x08007c2d   Thumb Code    36  user.o(.text)
    POWER_ON                                 0x08007c51   Thumb Code    12  user.o(.text)
    POWER_OFF                                0x08007c5d   Thumb Code    12  user.o(.text)
    LCM_BIST_1                               0x08007c69   Thumb Code    12  user.o(.text)
    LCM_BIST_0                               0x08007c75   Thumb Code    12  user.o(.text)
    TIM3_Int_Init                            0x08007c81   Thumb Code   208  user.o(.text)
    TIM3_IRQHandler                          0x08007d51   Thumb Code   112  user.o(.text)
    ReadVCOM                                 0x08007dc1   Thumb Code    62  user.o(.text)
    printfk                                  0x08007dff   Thumb Code   144  user.o(.text)
    USB_SendString                           0x08007e8f   Thumb Code    72  user.o(.text)
    hid_printf                               0x08007ed7   Thumb Code   144  user.o(.text)
    usb_port_set                             0x08007f67   Thumb Code    72  user.o(.text)
    InitMipi_PanelInit                       0x08007faf   Thumb Code    96  user.o(.text)
    DisplayON_PanelInit                      0x0800800f   Thumb Code   122  user.o(.text)
    exit_sleep                               0x08008089   Thumb Code    22  user.o(.text)
    sleep                                    0x0800809f   Thumb Code    40  user.o(.text)
    DisplayOFF                               0x080080c7   Thumb Code    96  user.o(.text)
    InitMipi_PanelInitr                      0x08008127   Thumb Code   442  user.o(.text)
    InitMipi_PanelInitTTTT                   0x080082e1   Thumb Code    68  user.o(.text)
    OutPutSdCardFileRollingover              0x08008325   Thumb Code   588  user.o(.text)
    OutPutSdCardFileOverturn                 0x08008571   Thumb Code   812  user.o(.text)
    OutPutSdCardFile                         0x0800889d   Thumb Code   340  user.o(.text)
    usb_hid_mass_init                        0x080089f1   Thumb Code    28  user.o(.text)
    SDcard_init                              0x08008a0d   Thumb Code    90  user.o(.text)
    led_set                                  0x08008ad5   Thumb Code    74  gxnu.o(.text)
    test_fun                                 0x08008b1f   Thumb Code    12  gxnu.o(.text)
    readline                                 0x08008b2b   Thumb Code   116  gxnu.o(.text)
    strcmp                                   0x08008b9f   Thumb Code    32  gxnu.o(.text)
    commd_fun                                0x08008bbf   Thumb Code    90  gxnu.o(.text)
    strlenn                                  0x08008c19   Thumb Code    20  gxnu.o(.text)
    delay_init                               0x08008cad   Thumb Code    50  delay.o(.text)
    Delay_ms                                 0x08008cdf   Thumb Code    62  delay.o(.text)
    delay_us                                 0x08008d1d   Thumb Code    62  delay.o(.text)
    Delay_10us                               0x08008d5b   Thumb Code    22  delay.o(.text)
    FSMC_NORSRAMDeInit                       0x08008d79   Thumb Code    58  stm32f10x_fsmc.o(.text)
    FSMC_NANDDeInit                          0x08008db3   Thumb Code    68  stm32f10x_fsmc.o(.text)
    FSMC_PCCARDDeInit                        0x08008df7   Thumb Code    42  stm32f10x_fsmc.o(.text)
    FSMC_NORSRAMInit                         0x08008e21   Thumb Code   246  stm32f10x_fsmc.o(.text)
    FSMC_NANDInit                            0x08008f17   Thumb Code   138  stm32f10x_fsmc.o(.text)
    FSMC_PCCARDInit                          0x08008fa1   Thumb Code   124  stm32f10x_fsmc.o(.text)
    FSMC_NORSRAMStructInit                   0x0800901d   Thumb Code   138  stm32f10x_fsmc.o(.text)
    FSMC_NANDStructInit                      0x080090a7   Thumb Code    60  stm32f10x_fsmc.o(.text)
    FSMC_PCCARDStructInit                    0x080090e3   Thumb Code    64  stm32f10x_fsmc.o(.text)
    FSMC_NORSRAMCmd                          0x08009123   Thumb Code    48  stm32f10x_fsmc.o(.text)
    FSMC_NANDCmd                             0x08009153   Thumb Code    86  stm32f10x_fsmc.o(.text)
    FSMC_PCCARDCmd                           0x080091a9   Thumb Code    72  stm32f10x_fsmc.o(.text)
    FSMC_NANDECCCmd                          0x080091f1   Thumb Code    86  stm32f10x_fsmc.o(.text)
    FSMC_GetECC                              0x08009247   Thumb Code    24  stm32f10x_fsmc.o(.text)
    FSMC_ITConfig                            0x0800925f   Thumb Code   132  stm32f10x_fsmc.o(.text)
    FSMC_GetFlagStatus                       0x080092e3   Thumb Code    54  stm32f10x_fsmc.o(.text)
    FSMC_ClearFlag                           0x08009319   Thumb Code    64  stm32f10x_fsmc.o(.text)
    FSMC_GetITStatus                         0x08009359   Thumb Code    66  stm32f10x_fsmc.o(.text)
    FSMC_ClearITPendingBit                   0x0800939b   Thumb Code    64  stm32f10x_fsmc.o(.text)
    GPIO_DeInit                              0x080093f9   Thumb Code   190  stm32f10x_gpio.o(.text)
    GPIO_AFIODeInit                          0x080094b7   Thumb Code    20  stm32f10x_gpio.o(.text)
    GPIO_Init                                0x080094cb   Thumb Code   292  stm32f10x_gpio.o(.text)
    GPIO_StructInit                          0x080095ef   Thumb Code    20  stm32f10x_gpio.o(.text)
    GPIO_ReadInputDataBit                    0x08009603   Thumb Code    24  stm32f10x_gpio.o(.text)
    GPIO_ReadInputData                       0x0800961b   Thumb Code     8  stm32f10x_gpio.o(.text)
    GPIO_ReadOutputDataBit                   0x08009623   Thumb Code    24  stm32f10x_gpio.o(.text)
    GPIO_ReadOutputData                      0x0800963b   Thumb Code     8  stm32f10x_gpio.o(.text)
    GPIO_SetBits                             0x08009643   Thumb Code     4  stm32f10x_gpio.o(.text)
    GPIO_ResetBits                           0x08009647   Thumb Code     4  stm32f10x_gpio.o(.text)
    GPIO_WriteBit                            0x0800964b   Thumb Code    10  stm32f10x_gpio.o(.text)
    GPIO_Write                               0x08009655   Thumb Code     4  stm32f10x_gpio.o(.text)
    GPIO_PinLockConfig                       0x08009659   Thumb Code    20  stm32f10x_gpio.o(.text)
    GPIO_EventOutputConfig                   0x0800966d   Thumb Code    32  stm32f10x_gpio.o(.text)
    GPIO_EventOutputCmd                      0x0800968d   Thumb Code     6  stm32f10x_gpio.o(.text)
    GPIO_PinRemapConfig                      0x08009693   Thumb Code   124  stm32f10x_gpio.o(.text)
    GPIO_EXTILineConfig                      0x0800970f   Thumb Code    84  stm32f10x_gpio.o(.text)
    SDIO_DeInit                              0x08009779   Thumb Code    32  stm32f10x_sdio.o(.text)
    SDIO_Init                                0x08009799   Thumb Code    58  stm32f10x_sdio.o(.text)
    SDIO_StructInit                          0x080097d3   Thumb Code    18  stm32f10x_sdio.o(.text)
    SDIO_ClockCmd                            0x080097e5   Thumb Code     6  stm32f10x_sdio.o(.text)
    SDIO_SetPowerState                       0x080097eb   Thumb Code    24  stm32f10x_sdio.o(.text)
    SDIO_GetPowerState                       0x08009803   Thumb Code    10  stm32f10x_sdio.o(.text)
    SDIO_ITConfig                            0x0800980d   Thumb Code    30  stm32f10x_sdio.o(.text)
    SDIO_DMACmd                              0x0800982b   Thumb Code     6  stm32f10x_sdio.o(.text)
    SDIO_SendCommand                         0x08009831   Thumb Code    48  stm32f10x_sdio.o(.text)
    SDIO_CmdStructInit                       0x08009861   Thumb Code    16  stm32f10x_sdio.o(.text)
    SDIO_GetCommandResponse                  0x08009871   Thumb Code     8  stm32f10x_sdio.o(.text)
    SDIO_GetResponse                         0x08009879   Thumb Code    10  stm32f10x_sdio.o(.text)
    SDIO_DataConfig                          0x08009883   Thumb Code    52  stm32f10x_sdio.o(.text)
    SDIO_DataStructInit                      0x080098b7   Thumb Code    22  stm32f10x_sdio.o(.text)
    SDIO_GetDataCounter                      0x080098cd   Thumb Code     6  stm32f10x_sdio.o(.text)
    SDIO_ReadData                            0x080098d3   Thumb Code     6  stm32f10x_sdio.o(.text)
    SDIO_WriteData                           0x080098d9   Thumb Code     6  stm32f10x_sdio.o(.text)
    SDIO_GetFIFOCount                        0x080098df   Thumb Code     6  stm32f10x_sdio.o(.text)
    SDIO_StartSDIOReadWait                   0x080098e5   Thumb Code     6  stm32f10x_sdio.o(.text)
    SDIO_StopSDIOReadWait                    0x080098eb   Thumb Code     6  stm32f10x_sdio.o(.text)
    SDIO_SetSDIOReadWaitMode                 0x080098f1   Thumb Code     6  stm32f10x_sdio.o(.text)
    SDIO_SetSDIOOperation                    0x080098f7   Thumb Code     6  stm32f10x_sdio.o(.text)
    SDIO_SendSDIOSuspendCmd                  0x080098fd   Thumb Code     6  stm32f10x_sdio.o(.text)
    SDIO_CommandCompletionCmd                0x08009903   Thumb Code     6  stm32f10x_sdio.o(.text)
    SDIO_CEATAITCmd                          0x08009909   Thumb Code    14  stm32f10x_sdio.o(.text)
    SDIO_SendCEATACmd                        0x08009917   Thumb Code     6  stm32f10x_sdio.o(.text)
    SDIO_GetFlagStatus                       0x0800991d   Thumb Code    26  stm32f10x_sdio.o(.text)
    SDIO_ClearFlag                           0x08009937   Thumb Code     6  stm32f10x_sdio.o(.text)
    SDIO_GetITStatus                         0x0800993d   Thumb Code    26  stm32f10x_sdio.o(.text)
    SDIO_ClearITPendingBit                   0x08009957   Thumb Code     6  stm32f10x_sdio.o(.text)
    USART_DeInit                             0x08009991   Thumb Code   148  stm32f10x_usart.o(.text)
    USART_Init                               0x08009a25   Thumb Code   182  stm32f10x_usart.o(.text)
    USART_StructInit                         0x08009adb   Thumb Code    30  stm32f10x_usart.o(.text)
    USART_ClockInit                          0x08009af9   Thumb Code    46  stm32f10x_usart.o(.text)
    USART_ClockStructInit                    0x08009b27   Thumb Code    14  stm32f10x_usart.o(.text)
    USART_Cmd                                0x08009b35   Thumb Code    26  stm32f10x_usart.o(.text)
    USART_ITConfig                           0x08009b4f   Thumb Code    78  stm32f10x_usart.o(.text)
    USART_DMACmd                             0x08009b9d   Thumb Code    30  stm32f10x_usart.o(.text)
    USART_SetAddress                         0x08009bbb   Thumb Code    22  stm32f10x_usart.o(.text)
    USART_WakeUpConfig                       0x08009bd1   Thumb Code    22  stm32f10x_usart.o(.text)
    USART_ReceiverWakeUpCmd                  0x08009be7   Thumb Code    26  stm32f10x_usart.o(.text)
    USART_LINBreakDetectLengthConfig         0x08009c01   Thumb Code    22  stm32f10x_usart.o(.text)
    USART_LINCmd                             0x08009c17   Thumb Code    26  stm32f10x_usart.o(.text)
    USART_SendData                           0x08009c31   Thumb Code     8  stm32f10x_usart.o(.text)
    USART_ReceiveData                        0x08009c39   Thumb Code    10  stm32f10x_usart.o(.text)
    USART_SendBreak                          0x08009c43   Thumb Code    10  stm32f10x_usart.o(.text)
    USART_SetGuardTime                       0x08009c4d   Thumb Code    16  stm32f10x_usart.o(.text)
    USART_SetPrescaler                       0x08009c5d   Thumb Code    18  stm32f10x_usart.o(.text)
    USART_SmartCardCmd                       0x08009c6f   Thumb Code    26  stm32f10x_usart.o(.text)
    USART_SmartCardNACKCmd                   0x08009c89   Thumb Code    26  stm32f10x_usart.o(.text)
    USART_HalfDuplexCmd                      0x08009ca3   Thumb Code    26  stm32f10x_usart.o(.text)
    USART_IrDAConfig                         0x08009cbd   Thumb Code    22  stm32f10x_usart.o(.text)
    USART_IrDACmd                            0x08009cd3   Thumb Code    26  stm32f10x_usart.o(.text)
    USART_GetFlagStatus                      0x08009ced   Thumb Code    24  stm32f10x_usart.o(.text)
    USART_ClearFlag                          0x08009d05   Thumb Code     8  stm32f10x_usart.o(.text)
    USART_GetITStatus                        0x08009d0d   Thumb Code    96  stm32f10x_usart.o(.text)
    USART_ClearITPendingBit                  0x08009d6d   Thumb Code    44  stm32f10x_usart.o(.text)
    DMA_DeInit                               0x08009d99   Thumb Code   280  stm32f10x_dma.o(.text)
    DMA_Init                                 0x08009eb1   Thumb Code    80  stm32f10x_dma.o(.text)
    DMA_StructInit                           0x08009f01   Thumb Code    28  stm32f10x_dma.o(.text)
    DMA_Cmd                                  0x08009f1d   Thumb Code    22  stm32f10x_dma.o(.text)
    DMA_ITConfig                             0x08009f33   Thumb Code    22  stm32f10x_dma.o(.text)
    DMA_GetCurrDataCounter                   0x08009f49   Thumb Code     8  stm32f10x_dma.o(.text)
    DMA_GetFlagStatus                        0x08009f51   Thumb Code    40  stm32f10x_dma.o(.text)
    DMA_ClearFlag                            0x08009f79   Thumb Code    18  stm32f10x_dma.o(.text)
    DMA_GetITStatus                          0x08009f8b   Thumb Code    40  stm32f10x_dma.o(.text)
    DMA_ClearITPendingBit                    0x08009fb3   Thumb Code    18  stm32f10x_dma.o(.text)
    NVIC_PriorityGroupConfig                 0x08009fdd   Thumb Code    12  misc.o(.text)
    NVIC_Init                                0x08009fe9   Thumb Code   128  misc.o(.text)
    NVIC_SetVectorTable                      0x0800a069   Thumb Code    16  misc.o(.text)
    NVIC_SystemLPConfig                      0x0800a079   Thumb Code    30  misc.o(.text)
    SysTick_CLKSourceConfig                  0x0800a097   Thumb Code    40  misc.o(.text)
    TIM_DeInit                               0x0800a0dd   Thumb Code   216  stm32f10x_tim.o(.text)
    TIM_TimeBaseInit                         0x0800a1b5   Thumb Code    56  stm32f10x_tim.o(.text)
    TIM_OC1Init                              0x0800a1ed   Thumb Code   142  stm32f10x_tim.o(.text)
    TIM_OC2Init                              0x0800a27b   Thumb Code   170  stm32f10x_tim.o(.text)
    TIM_OC3Init                              0x0800a325   Thumb Code   166  stm32f10x_tim.o(.text)
    TIM_OC4Init                              0x0800a3cb   Thumb Code   114  stm32f10x_tim.o(.text)
    TIM_SetIC4Prescaler                      0x0800a43d   Thumb Code    26  stm32f10x_tim.o(.text)
    TIM_SetIC3Prescaler                      0x0800a4af   Thumb Code    38  stm32f10x_tim.o(.text)
    TIM_SetIC2Prescaler                      0x0800a525   Thumb Code    26  stm32f10x_tim.o(.text)
    TIM_SetIC1Prescaler                      0x0800a593   Thumb Code    22  stm32f10x_tim.o(.text)
    TIM_ICInit                               0x0800a5ef   Thumb Code   110  stm32f10x_tim.o(.text)
    TIM_PWMIConfig                           0x0800a65d   Thumb Code   136  stm32f10x_tim.o(.text)
    TIM_BDTRConfig                           0x0800a6e5   Thumb Code    44  stm32f10x_tim.o(.text)
    TIM_TimeBaseStructInit                   0x0800a711   Thumb Code    20  stm32f10x_tim.o(.text)
    TIM_OCStructInit                         0x0800a725   Thumb Code    22  stm32f10x_tim.o(.text)
    TIM_ICStructInit                         0x0800a73b   Thumb Code    24  stm32f10x_tim.o(.text)
    TIM_BDTRStructInit                       0x0800a753   Thumb Code    20  stm32f10x_tim.o(.text)
    TIM_Cmd                                  0x0800a767   Thumb Code    26  stm32f10x_tim.o(.text)
    TIM_CtrlPWMOutputs                       0x0800a781   Thumb Code    30  stm32f10x_tim.o(.text)
    TIM_ITConfig                             0x0800a79f   Thumb Code    30  stm32f10x_tim.o(.text)
    TIM_GenerateEvent                        0x0800a7bd   Thumb Code     4  stm32f10x_tim.o(.text)
    TIM_DMAConfig                            0x0800a7c1   Thumb Code    10  stm32f10x_tim.o(.text)
    TIM_DMACmd                               0x0800a7cb   Thumb Code    30  stm32f10x_tim.o(.text)
    TIM_InternalClockConfig                  0x0800a7e9   Thumb Code    14  stm32f10x_tim.o(.text)
    TIM_SelectInputTrigger                   0x0800a7f7   Thumb Code    24  stm32f10x_tim.o(.text)
    TIM_ITRxExternalClockConfig              0x0800a80f   Thumb Code    24  stm32f10x_tim.o(.text)
    TIM_TIxExternalClockConfig               0x0800a827   Thumb Code    62  stm32f10x_tim.o(.text)
    TIM_ETRConfig                            0x0800a865   Thumb Code    32  stm32f10x_tim.o(.text)
    TIM_ETRClockMode1Config                  0x0800a885   Thumb Code    60  stm32f10x_tim.o(.text)
    TIM_ETRClockMode2Config                  0x0800a8c1   Thumb Code    32  stm32f10x_tim.o(.text)
    TIM_PrescalerConfig                      0x0800a8e1   Thumb Code     6  stm32f10x_tim.o(.text)
    TIM_CounterModeConfig                    0x0800a8e7   Thumb Code    24  stm32f10x_tim.o(.text)
    TIM_EncoderInterfaceConfig               0x0800a8ff   Thumb Code    78  stm32f10x_tim.o(.text)
    TIM_ForcedOC1Config                      0x0800a94d   Thumb Code    24  stm32f10x_tim.o(.text)
    TIM_ForcedOC2Config                      0x0800a965   Thumb Code    28  stm32f10x_tim.o(.text)
    TIM_ForcedOC3Config                      0x0800a981   Thumb Code    24  stm32f10x_tim.o(.text)
    TIM_ForcedOC4Config                      0x0800a999   Thumb Code    28  stm32f10x_tim.o(.text)
    TIM_ARRPreloadConfig                     0x0800a9b5   Thumb Code    26  stm32f10x_tim.o(.text)
    TIM_SelectCOM                            0x0800a9cf   Thumb Code    26  stm32f10x_tim.o(.text)
    TIM_SelectCCDMA                          0x0800a9e9   Thumb Code    26  stm32f10x_tim.o(.text)
    TIM_CCPreloadControl                     0x0800aa03   Thumb Code    26  stm32f10x_tim.o(.text)
    TIM_OC1PreloadConfig                     0x0800aa1d   Thumb Code    24  stm32f10x_tim.o(.text)
    TIM_OC2PreloadConfig                     0x0800aa35   Thumb Code    28  stm32f10x_tim.o(.text)
    TIM_OC3PreloadConfig                     0x0800aa51   Thumb Code    24  stm32f10x_tim.o(.text)
    TIM_OC4PreloadConfig                     0x0800aa69   Thumb Code    28  stm32f10x_tim.o(.text)
    TIM_OC1FastConfig                        0x0800aa85   Thumb Code    24  stm32f10x_tim.o(.text)
    TIM_OC2FastConfig                        0x0800aa9d   Thumb Code    28  stm32f10x_tim.o(.text)
    TIM_OC3FastConfig                        0x0800aab9   Thumb Code    24  stm32f10x_tim.o(.text)
    TIM_OC4FastConfig                        0x0800aad1   Thumb Code    28  stm32f10x_tim.o(.text)
    TIM_ClearOC1Ref                          0x0800aaed   Thumb Code    24  stm32f10x_tim.o(.text)
    TIM_ClearOC2Ref                          0x0800ab05   Thumb Code    24  stm32f10x_tim.o(.text)
    TIM_ClearOC3Ref                          0x0800ab1d   Thumb Code    24  stm32f10x_tim.o(.text)
    TIM_ClearOC4Ref                          0x0800ab35   Thumb Code    24  stm32f10x_tim.o(.text)
    TIM_OC1PolarityConfig                    0x0800ab4d   Thumb Code    24  stm32f10x_tim.o(.text)
    TIM_OC1NPolarityConfig                   0x0800ab65   Thumb Code    24  stm32f10x_tim.o(.text)
    TIM_OC2PolarityConfig                    0x0800ab7d   Thumb Code    28  stm32f10x_tim.o(.text)
    TIM_OC2NPolarityConfig                   0x0800ab99   Thumb Code    28  stm32f10x_tim.o(.text)
    TIM_OC3PolarityConfig                    0x0800abb5   Thumb Code    28  stm32f10x_tim.o(.text)
    TIM_OC3NPolarityConfig                   0x0800abd1   Thumb Code    28  stm32f10x_tim.o(.text)
    TIM_OC4PolarityConfig                    0x0800abed   Thumb Code    28  stm32f10x_tim.o(.text)
    TIM_CCxCmd                               0x0800ac09   Thumb Code    40  stm32f10x_tim.o(.text)
    TIM_CCxNCmd                              0x0800ac31   Thumb Code    40  stm32f10x_tim.o(.text)
    TIM_SelectOCxM                           0x0800ac59   Thumb Code   166  stm32f10x_tim.o(.text)
    TIM_UpdateDisableConfig                  0x0800acff   Thumb Code    26  stm32f10x_tim.o(.text)
    TIM_UpdateRequestConfig                  0x0800ad19   Thumb Code    26  stm32f10x_tim.o(.text)
    TIM_SelectHallSensor                     0x0800ad33   Thumb Code    26  stm32f10x_tim.o(.text)
    TIM_SelectOnePulseMode                   0x0800ad4d   Thumb Code    22  stm32f10x_tim.o(.text)
    TIM_SelectOutputTrigger                  0x0800ad63   Thumb Code    22  stm32f10x_tim.o(.text)
    TIM_SelectSlaveMode                      0x0800ad79   Thumb Code    22  stm32f10x_tim.o(.text)
    TIM_SelectMasterSlaveMode                0x0800ad8f   Thumb Code    22  stm32f10x_tim.o(.text)
    TIM_SetCounter                           0x0800ada5   Thumb Code     4  stm32f10x_tim.o(.text)
    TIM_SetAutoreload                        0x0800ada9   Thumb Code     4  stm32f10x_tim.o(.text)
    TIM_SetCompare1                          0x0800adad   Thumb Code     4  stm32f10x_tim.o(.text)
    TIM_SetCompare2                          0x0800adb1   Thumb Code     4  stm32f10x_tim.o(.text)
    TIM_SetCompare3                          0x0800adb5   Thumb Code     4  stm32f10x_tim.o(.text)
    TIM_SetCompare4                          0x0800adb9   Thumb Code     6  stm32f10x_tim.o(.text)
    TIM_SetClockDivision                     0x0800adbf   Thumb Code    16  stm32f10x_tim.o(.text)
    TIM_GetCapture1                          0x0800adcf   Thumb Code     6  stm32f10x_tim.o(.text)
    TIM_GetCapture2                          0x0800add5   Thumb Code     6  stm32f10x_tim.o(.text)
    TIM_GetCapture3                          0x0800addb   Thumb Code     6  stm32f10x_tim.o(.text)
    TIM_GetCapture4                          0x0800ade1   Thumb Code     8  stm32f10x_tim.o(.text)
    TIM_GetCounter                           0x0800ade9   Thumb Code     6  stm32f10x_tim.o(.text)
    TIM_GetPrescaler                         0x0800adef   Thumb Code     6  stm32f10x_tim.o(.text)
    TIM_GetFlagStatus                        0x0800adf5   Thumb Code    24  stm32f10x_tim.o(.text)
    TIM_ClearFlag                            0x0800ae0d   Thumb Code     8  stm32f10x_tim.o(.text)
    TIM_GetITStatus                          0x0800ae15   Thumb Code    40  stm32f10x_tim.o(.text)
    TIM_ClearITPendingBit                    0x0800ae3d   Thumb Code     8  stm32f10x_tim.o(.text)
    I2C_DeInit                               0x0800ae45   Thumb Code    64  stm32f10x_i2c.o(.text)
    I2C_Init                                 0x0800ae85   Thumb Code   250  stm32f10x_i2c.o(.text)
    I2C_StructInit                           0x0800af7f   Thumb Code    34  stm32f10x_i2c.o(.text)
    I2C_Cmd                                  0x0800afa1   Thumb Code    26  stm32f10x_i2c.o(.text)
    I2C_DMACmd                               0x0800afbb   Thumb Code    26  stm32f10x_i2c.o(.text)
    I2C_DMALastTransferCmd                   0x0800afd5   Thumb Code    26  stm32f10x_i2c.o(.text)
    I2C_GenerateSTART                        0x0800afef   Thumb Code    26  stm32f10x_i2c.o(.text)
    I2C_GenerateSTOP                         0x0800b009   Thumb Code    26  stm32f10x_i2c.o(.text)
    I2C_AcknowledgeConfig                    0x0800b023   Thumb Code    26  stm32f10x_i2c.o(.text)
    I2C_OwnAddress2Config                    0x0800b03d   Thumb Code    28  stm32f10x_i2c.o(.text)
    I2C_DualAddressCmd                       0x0800b059   Thumb Code    26  stm32f10x_i2c.o(.text)
    I2C_GeneralCallCmd                       0x0800b073   Thumb Code    26  stm32f10x_i2c.o(.text)
    I2C_ITConfig                             0x0800b08d   Thumb Code    30  stm32f10x_i2c.o(.text)
    I2C_SendData                             0x0800b0ab   Thumb Code     4  stm32f10x_i2c.o(.text)
    I2C_ReceiveData                          0x0800b0af   Thumb Code     8  stm32f10x_i2c.o(.text)
    I2C_Send7bitAddress                      0x0800b0b7   Thumb Code    20  stm32f10x_i2c.o(.text)
    I2C_ReadRegister                         0x0800b0cb   Thumb Code     6  stm32f10x_i2c.o(.text)
    I2C_SoftwareResetCmd                     0x0800b0d1   Thumb Code    22  stm32f10x_i2c.o(.text)
    I2C_SMBusAlertConfig                     0x0800b0e7   Thumb Code    30  stm32f10x_i2c.o(.text)
    I2C_TransmitPEC                          0x0800b105   Thumb Code    26  stm32f10x_i2c.o(.text)
    I2C_PECPositionConfig                    0x0800b11f   Thumb Code    30  stm32f10x_i2c.o(.text)
    I2C_CalculatePEC                         0x0800b13d   Thumb Code    26  stm32f10x_i2c.o(.text)
    I2C_GetPEC                               0x0800b157   Thumb Code    10  stm32f10x_i2c.o(.text)
    I2C_ARPCmd                               0x0800b161   Thumb Code    26  stm32f10x_i2c.o(.text)
    I2C_StretchClockCmd                      0x0800b17b   Thumb Code    26  stm32f10x_i2c.o(.text)
    I2C_FastModeDutyCycleConfig              0x0800b195   Thumb Code    30  stm32f10x_i2c.o(.text)
    I2C_GetLastEvent                         0x0800b1b3   Thumb Code    30  stm32f10x_i2c.o(.text)
    I2C_CheckEvent                           0x0800b1d1   Thumb Code    46  stm32f10x_i2c.o(.text)
    I2C_GetFlagStatus                        0x0800b1ff   Thumb Code    72  stm32f10x_i2c.o(.text)
    I2C_ClearFlag                            0x0800b247   Thumb Code    16  stm32f10x_i2c.o(.text)
    I2C_GetITStatus                          0x0800b257   Thumb Code    44  stm32f10x_i2c.o(.text)
    I2C_ClearITPendingBit                    0x0800b283   Thumb Code    16  stm32f10x_i2c.o(.text)
    RCC_DeInit                               0x0800b295   Thumb Code    68  stm32f10x_rcc.o(.text)
    RCC_HSEConfig                            0x0800b2d9   Thumb Code    70  stm32f10x_rcc.o(.text)
    RCC_GetFlagStatus                        0x0800b31f   Thumb Code    68  stm32f10x_rcc.o(.text)
    RCC_WaitForHSEStartUp                    0x0800b363   Thumb Code    54  stm32f10x_rcc.o(.text)
    RCC_AdjustHSICalibrationValue            0x0800b399   Thumb Code    22  stm32f10x_rcc.o(.text)
    RCC_HSICmd                               0x0800b3af   Thumb Code     6  stm32f10x_rcc.o(.text)
    RCC_PLLConfig                            0x0800b3b5   Thumb Code    28  stm32f10x_rcc.o(.text)
    RCC_PLLCmd                               0x0800b3d1   Thumb Code     6  stm32f10x_rcc.o(.text)
    RCC_SYSCLKConfig                         0x0800b3d7   Thumb Code    22  stm32f10x_rcc.o(.text)
    RCC_GetSYSCLKSource                      0x0800b3ed   Thumb Code    10  stm32f10x_rcc.o(.text)
    RCC_HCLKConfig                           0x0800b3f7   Thumb Code    22  stm32f10x_rcc.o(.text)
    RCC_PCLK1Config                          0x0800b40d   Thumb Code    22  stm32f10x_rcc.o(.text)
    RCC_PCLK2Config                          0x0800b423   Thumb Code    22  stm32f10x_rcc.o(.text)
    RCC_ITConfig                             0x0800b439   Thumb Code    36  stm32f10x_rcc.o(.text)
    RCC_USBCLKConfig                         0x0800b45d   Thumb Code     6  stm32f10x_rcc.o(.text)
    RCC_ADCCLKConfig                         0x0800b463   Thumb Code    22  stm32f10x_rcc.o(.text)
    RCC_LSEConfig                            0x0800b479   Thumb Code    50  stm32f10x_rcc.o(.text)
    RCC_LSICmd                               0x0800b4ab   Thumb Code     6  stm32f10x_rcc.o(.text)
    RCC_RTCCLKConfig                         0x0800b4b1   Thumb Code    14  stm32f10x_rcc.o(.text)
    RCC_RTCCLKCmd                            0x0800b4bf   Thumb Code     6  stm32f10x_rcc.o(.text)
    RCC_GetClocksFreq                        0x0800b4c5   Thumb Code   216  stm32f10x_rcc.o(.text)
    RCC_AHBPeriphClockCmd                    0x0800b59d   Thumb Code    30  stm32f10x_rcc.o(.text)
    RCC_APB2PeriphClockCmd                   0x0800b5bb   Thumb Code    30  stm32f10x_rcc.o(.text)
    RCC_APB1PeriphClockCmd                   0x0800b5d9   Thumb Code    30  stm32f10x_rcc.o(.text)
    RCC_APB2PeriphResetCmd                   0x0800b5f7   Thumb Code    30  stm32f10x_rcc.o(.text)
    RCC_APB1PeriphResetCmd                   0x0800b615   Thumb Code    30  stm32f10x_rcc.o(.text)
    RCC_BackupResetCmd                       0x0800b633   Thumb Code     6  stm32f10x_rcc.o(.text)
    RCC_ClockSecuritySystemCmd               0x0800b639   Thumb Code     6  stm32f10x_rcc.o(.text)
    RCC_MCOConfig                            0x0800b63f   Thumb Code     6  stm32f10x_rcc.o(.text)
    RCC_ClearFlag                            0x0800b645   Thumb Code    14  stm32f10x_rcc.o(.text)
    RCC_GetITStatus                          0x0800b653   Thumb Code    26  stm32f10x_rcc.o(.text)
    RCC_ClearITPendingBit                    0x0800b66d   Thumb Code    60  stm32f10x_rcc.o(.text)
    EXTI_DeInit                              0x0800b6a9   Thumb Code    34  stm32f10x_exti.o(.text)
    EXTI_Init                                0x0800b6cb   Thumb Code   160  stm32f10x_exti.o(.text)
    EXTI_StructInit                          0x0800b76b   Thumb Code    22  stm32f10x_exti.o(.text)
    EXTI_GenerateSWInterrupt                 0x0800b781   Thumb Code    14  stm32f10x_exti.o(.text)
    EXTI_GetFlagStatus                       0x0800b78f   Thumb Code    26  stm32f10x_exti.o(.text)
    EXTI_ClearFlag                           0x0800b7a9   Thumb Code     6  stm32f10x_exti.o(.text)
    EXTI_GetITStatus                         0x0800b7af   Thumb Code    38  stm32f10x_exti.o(.text)
    EXTI_ClearITPendingBit                   0x0800b7d5   Thumb Code     6  stm32f10x_exti.o(.text)
    SystemInit                               0x0800b8cf   Thumb Code    74  system_stm32f10x.o(.text)
    disk_initialize                          0x0800b929   Thumb Code     8  diskio.o(.text)
    disk_status                              0x0800b931   Thumb Code     8  diskio.o(.text)
    disk_read                                0x0800b939   Thumb Code    48  diskio.o(.text)
    disk_write                               0x0800b969   Thumb Code    48  diskio.o(.text)
    disk_ioctl                               0x0800b999   Thumb Code     8  diskio.o(.text)
    get_fattime                              0x0800b9a1   Thumb Code     4  diskio.o(.text)
    f_mount                                  0x0800c8ed   Thumb Code    42  ff.o(.text)
    f_open                                   0x0800c917   Thumb Code   414  ff.o(.text)
    f_read                                   0x0800cab5   Thumb Code   498  ff.o(.text)
    f_write                                  0x0800cca7   Thumb Code   546  ff.o(.text)
    f_sync                                   0x0800cec9   Thumb Code   202  ff.o(.text)
    f_close                                  0x0800cf93   Thumb Code    24  ff.o(.text)
    f_lseek                                  0x0800cfab   Thumb Code   478  ff.o(.text)
    f_opendir                                0x0800d189   Thumb Code   110  ff.o(.text)
    f_readdir                                0x0800d1f7   Thumb Code    92  ff.o(.text)
    f_stat                                   0x0800d253   Thumb Code    62  ff.o(.text)
    f_getfree                                0x0800d291   Thumb Code   294  ff.o(.text)
    f_truncate                               0x0800d3b7   Thumb Code   166  ff.o(.text)
    f_unlink                                 0x0800d45d   Thumb Code   188  ff.o(.text)
    f_mkdir                                  0x0800d519   Thumb Code   444  ff.o(.text)
    f_chmod                                  0x0800d6d5   Thumb Code   100  ff.o(.text)
    f_utime                                  0x0800d739   Thumb Code    96  ff.o(.text)
    f_rename                                 0x0800d799   Thumb Code   298  ff.o(.text)
    Standard_GetConfiguration                0x0800d8c5   Thumb Code    38  usb_core.o(.text)
    Standard_SetConfiguration                0x0800d8eb   Thumb Code    60  usb_core.o(.text)
    Standard_GetInterface                    0x0800d927   Thumb Code    38  usb_core.o(.text)
    Standard_SetInterface                    0x0800d94d   Thumb Code    96  usb_core.o(.text)
    Standard_GetStatus                       0x0800d9ad   Thumb Code   236  usb_core.o(.text)
    Standard_ClearFeature                    0x0800da99   Thumb Code   316  usb_core.o(.text)
    Standard_SetEndPointFeature              0x0800dbd5   Thumb Code   172  usb_core.o(.text)
    Standard_SetDeviceFeature                0x0800dc81   Thumb Code    30  usb_core.o(.text)
    Standard_GetDescriptorData               0x0800dc9f   Thumb Code    64  usb_core.o(.text)
    Post0_Process                            0x0800e237   Thumb Code    58  usb_core.o(.text)
    Setup0_Process                           0x0800e271   Thumb Code   180  usb_core.o(.text)
    SetDeviceAddress                         0x0800e325   Thumb Code    72  usb_core.o(.text)
    In0_Process                              0x0800e36d   Thumb Code   102  usb_core.o(.text)
    Out0_Process                             0x0800e3d3   Thumb Code    76  usb_core.o(.text)
    NOP_Process                              0x0800e41f   Thumb Code     2  usb_core.o(.text)
    USB_Init                                 0x0800e451   Thumb Code    38  usb_init.o(.text)
    CTR_LP                                   0x0800e491   Thumb Code   594  usb_int.o(.text)
    CTR_HP                                   0x0800e6e3   Thumb Code   164  usb_int.o(.text)
    UserToPMABufferCopy                      0x0800e7a9   Thumb Code    60  usb_mem.o(.text)
    PMAToUserBufferCopy                      0x0800e7e5   Thumb Code    40  usb_mem.o(.text)
    SetCNTR                                  0x0800e811   Thumb Code     6  usb_regs.o(.text)
    GetCNTR                                  0x0800e817   Thumb Code     8  usb_regs.o(.text)
    SetISTR                                  0x0800e81f   Thumb Code     6  usb_regs.o(.text)
    GetISTR                                  0x0800e825   Thumb Code     8  usb_regs.o(.text)
    GetFNR                                   0x0800e82d   Thumb Code    10  usb_regs.o(.text)
    SetDADDR                                 0x0800e837   Thumb Code     6  usb_regs.o(.text)
    GetDADDR                                 0x0800e83d   Thumb Code     8  usb_regs.o(.text)
    SetBTABLE                                0x0800e845   Thumb Code    14  usb_regs.o(.text)
    GetBTABLE                                0x0800e853   Thumb Code     8  usb_regs.o(.text)
    SetENDPOINT                              0x0800e85b   Thumb Code     8  usb_regs.o(.text)
    GetENDPOINT                              0x0800e863   Thumb Code    12  usb_regs.o(.text)
    SetEPType                                0x0800e86f   Thumb Code    28  usb_regs.o(.text)
    GetEPType                                0x0800e88b   Thumb Code    14  usb_regs.o(.text)
    SetEPTxStatus                            0x0800e899   Thumb Code    54  usb_regs.o(.text)
    SetEPRxStatus                            0x0800e8cf   Thumb Code    54  usb_regs.o(.text)
    SetDouBleBuffEPStall                     0x0800e905   Thumb Code    46  usb_regs.o(.text)
    GetEPTxStatus                            0x0800e933   Thumb Code    14  usb_regs.o(.text)
    GetEPRxStatus                            0x0800e941   Thumb Code    14  usb_regs.o(.text)
    SetEPTxValid                             0x0800e94f   Thumb Code    40  usb_regs.o(.text)
    SetEPRxValid                             0x0800e977   Thumb Code    40  usb_regs.o(.text)
    SetEP_KIND                               0x0800e99f   Thumb Code    36  usb_regs.o(.text)
    ClearEP_KIND                             0x0800e9c3   Thumb Code    32  usb_regs.o(.text)
    Clear_Status_Out                         0x0800e9e3   Thumb Code    32  usb_regs.o(.text)
    Set_Status_Out                           0x0800ea03   Thumb Code    36  usb_regs.o(.text)
    SetEPDoubleBuff                          0x0800ea27   Thumb Code    36  usb_regs.o(.text)
    ClearEPDoubleBuff                        0x0800ea4b   Thumb Code    32  usb_regs.o(.text)
    GetTxStallStatus                         0x0800ea6b   Thumb Code    24  usb_regs.o(.text)
    GetRxStallStatus                         0x0800ea83   Thumb Code    26  usb_regs.o(.text)
    ClearEP_CTR_RX                           0x0800ea9d   Thumb Code    26  usb_regs.o(.text)
    ClearEP_CTR_TX                           0x0800eab7   Thumb Code    24  usb_regs.o(.text)
    ToggleDTOG_RX                            0x0800eacf   Thumb Code    32  usb_regs.o(.text)
    ToggleDTOG_TX                            0x0800eaef   Thumb Code    32  usb_regs.o(.text)
    ClearDTOG_RX                             0x0800eb0f   Thumb Code    44  usb_regs.o(.text)
    ClearDTOG_TX                             0x0800eb3b   Thumb Code    44  usb_regs.o(.text)
    SetEPAddress                             0x0800eb67   Thumb Code    36  usb_regs.o(.text)
    GetEPAddress                             0x0800eb8b   Thumb Code    14  usb_regs.o(.text)
    SetEPTxAddr                              0x0800eb99   Thumb Code    28  usb_regs.o(.text)
    SetEPRxAddr                              0x0800ebb5   Thumb Code    32  usb_regs.o(.text)
    GetEPTxAddr                              0x0800ebd5   Thumb Code    22  usb_regs.o(.text)
    GetEPRxAddr                              0x0800ebeb   Thumb Code    50  usb_regs.o(.text)
    SetEPTxCount                             0x0800ec1d   Thumb Code    22  usb_regs.o(.text)
    SetEPCountRxReg                          0x0800ec33   Thumb Code    58  usb_regs.o(.text)
    SetEPRxCount                             0x0800ec6d   Thumb Code    80  usb_regs.o(.text)
    GetEPTxCount                             0x0800ecbd   Thumb Code    28  usb_regs.o(.text)
    GetEPRxCount                             0x0800ecd9   Thumb Code    28  usb_regs.o(.text)
    SetEPDblBuffAddr                         0x0800ecf5   Thumb Code    54  usb_regs.o(.text)
    SetEPDblBuf0Addr                         0x0800ed2b   Thumb Code    28  usb_regs.o(.text)
    SetEPDblBuf1Addr                         0x0800ed47   Thumb Code    32  usb_regs.o(.text)
    GetEPDblBuf0Addr                         0x0800ed67   Thumb Code    22  usb_regs.o(.text)
    GetEPDblBuf1Addr                         0x0800ed7d   Thumb Code    26  usb_regs.o(.text)
    SetEPDblBuffCount                        0x0800ed97   Thumb Code   214  usb_regs.o(.text)
    SetEPDblBuf0Count                        0x0800ee6d   Thumb Code   110  usb_regs.o(.text)
    SetEPDblBuf1Count                        0x0800eedb   Thumb Code   110  usb_regs.o(.text)
    GetEPDblBuf0Count                        0x0800ef49   Thumb Code    28  usb_regs.o(.text)
    GetEPDblBuf1Count                        0x0800ef65   Thumb Code    28  usb_regs.o(.text)
    GetEPDblBufDir                           0x0800ef81   Thumb Code    66  usb_regs.o(.text)
    FreeUserBuffer                           0x0800efc3   Thumb Code    86  usb_regs.o(.text)
    ToWord                                   0x0800f019   Thumb Code     8  usb_regs.o(.text)
    ByteSwap                                 0x0800f021   Thumb Code    14  usb_regs.o(.text)
    USB_SIL_Init                             0x0800f031   Thumb Code    30  usb_sil.o(.text)
    USB_SIL_Write                            0x0800f04f   Thumb Code    46  usb_sil.o(.text)
    USB_SIL_Read                             0x0800f07d   Thumb Code    48  usb_sil.o(.text)
    Set_USBClock                             0x0800f0b9   Thumb Code    18  hw_config.o(.text)
    Enter_LowPowerMode                       0x0800f0cb   Thumb Code    10  hw_config.o(.text)
    Leave_LowPowerMode                       0x0800f0d5   Thumb Code    26  hw_config.o(.text)
    USB_Interrupts_Config                    0x0800f0ef   Thumb Code   108  hw_config.o(.text)
    Joystick_Send                            0x0800f15b   Thumb Code    54  hw_config.o(.text)
    Get_SerialNum                            0x0800f1e1   Thumb Code    46  hw_config.o(.text)
    EP1_OUTT_Callback                        0x0800f221   Thumb Code    88  usb_endp.o(.text)
    EP1_OUT_Callback                         0x0800f279   Thumb Code   120  usb_endp.o(.text)
    EP2_IN_Callback                          0x0800f2f1   Thumb Code    62  usb_endp.o(.text)
    USB_Istr                                 0x0800f38d   Thumb Code   422  usb_istr.o(.text)
    Joystick_init                            0x0800f55d   Thumb Code    34  usb_prop.o(.text)
    Joystick_Reset                           0x0800f57f   Thumb Code   184  usb_prop.o(.text)
    Joystick_SetConfiguration                0x0800f637   Thumb Code    16  usb_prop.o(.text)
    Joystick_SetDeviceAddress                0x0800f647   Thumb Code    10  usb_prop.o(.text)
    Joystick_Status_In                       0x0800f651   Thumb Code     2  usb_prop.o(.text)
    Joystick_Status_Out                      0x0800f653   Thumb Code     2  usb_prop.o(.text)
    Joystick_GetProtocolValue                0x0800f655   Thumb Code    24  usb_prop.o(.text)
    Joystick_GetHIDDescriptor                0x0800f66d   Thumb Code    14  usb_prop.o(.text)
    Joystick_GetReportDescriptor             0x0800f67b   Thumb Code    14  usb_prop.o(.text)
    Joystick_Data_Setup                      0x0800f689   Thumb Code   118  usb_prop.o(.text)
    Joystick_SetProtocol                     0x0800f6ff   Thumb Code    14  usb_prop.o(.text)
    Joystick_NoData_Setup                    0x0800f70d   Thumb Code    32  usb_prop.o(.text)
    Joystick_GetDeviceDescriptor             0x0800f72d   Thumb Code    14  usb_prop.o(.text)
    Joystick_GetConfigDescriptor             0x0800f73b   Thumb Code    14  usb_prop.o(.text)
    Joystick_GetStringDescriptor             0x0800f749   Thumb Code    32  usb_prop.o(.text)
    Joystick_Get_Interface_Setting           0x0800f769   Thumb Code    22  usb_prop.o(.text)
    PowerOn                                  0x0800f7ad   Thumb Code    56  usb_pwr.o(.text)
    PowerOff                                 0x0800f7e5   Thumb Code    32  usb_pwr.o(.text)
    Suspend                                  0x0800f805   Thumb Code    34  usb_pwr.o(.text)
    Resume_Init                              0x0800f827   Thumb Code    30  usb_pwr.o(.text)
    Resume                                   0x0800f845   Thumb Code   222  usb_pwr.o(.text)
    pc_ssd_rdata                             0x0800f935   Thumb Code    52  pc_com.o(.text)
    pc_DCS_Short_Read_NP                     0x0800f969   Thumb Code   102  pc_com.o(.text)
    PC_GP_R                                  0x0800f9cf   Thumb Code    80  pc_com.o(.text)
    readlin                                  0x0800fa1f   Thumb Code   118  pc_com.o(.text)
    PC_DCS_Long_Write_FIFO                   0x0800fa95   Thumb Code    88  pc_com.o(.text)
    PC_Generic_Long_Write_FIFO               0x0800faed   Thumb Code    88  pc_com.o(.text)
    usmart_sys_cmd_exe                       0x0800fb8d   Thumb Code  1546  usmart.o(.text)
    usmart_init                              0x08010197   Thumb Code    10  usmart.o(.text)
    usmart_cmd_rec                           0x080101a1   Thumb Code   174  usmart.o(.text)
    usmart_exe                               0x0801024f   Thumb Code   618  usmart.o(.text)
    usmart_scan                              0x080104b9   Thumb Code   164  usmart.o(.text)
    read_addr                                0x0801055d   Thumb Code     6  usmart.o(.text)
    write_addr                               0x08010563   Thumb Code     4  usmart.o(.text)
    usmart_strcmp                            0x080105e1   Thumb Code    38  usmart_str.o(.text)
    usmart_strcopy                           0x08010607   Thumb Code    26  usmart_str.o(.text)
    usmart_strlen                            0x08010621   Thumb Code    30  usmart_str.o(.text)
    usmart_pow                               0x0801063f   Thumb Code    24  usmart_str.o(.text)
    usmart_str2num                           0x08010657   Thumb Code   216  usmart_str.o(.text)
    usmart_get_cmdname                       0x0801072f   Thumb Code    64  usmart_str.o(.text)
    usmart_search_nextc                      0x0801076f   Thumb Code    26  usmart_str.o(.text)
    usmart_get_fname                         0x08010789   Thumb Code   488  usmart_str.o(.text)
    usmart_get_aparm                         0x08010971   Thumb Code   226  usmart_str.o(.text)
    usmart_get_parmpos                       0x08010a53   Thumb Code    30  usmart_str.o(.text)
    usmart_get_fparam                        0x08010a71   Thumb Code   296  usmart_str.o(.text)
    LCD_SSD_SET                              0x08010ba5   Thumb Code   190  yt55f96a6.o(.text)
    LCD_INIT                                 0x08010c63   Thumb Code  1626  yt55f96a6.o(.text)
    mymemcpy                                 0x080112cd   Thumb Code    26  malloc.o(.text)
    mymemset                                 0x080112e7   Thumb Code    20  malloc.o(.text)
    my_mem_init                              0x080112fb   Thumb Code    62  malloc.o(.text)
    my_mem_perused                           0x08011339   Thumb Code    60  malloc.o(.text)
    my_mem_malloc                            0x08011375   Thumb Code   164  malloc.o(.text)
    my_mem_free                              0x08011419   Thumb Code   104  malloc.o(.text)
    myfree                                   0x08011481   Thumb Code    34  malloc.o(.text)
    mymalloc                                 0x080114a3   Thumb Code    34  malloc.o(.text)
    myrealloc                                0x080114c5   Thumb Code    66  malloc.o(.text)
    KeyLED6_OFF                              0x080115a1   Thumb Code    22  key.o(.text)
    KeyLED5_OFF                              0x080115b7   Thumb Code    22  key.o(.text)
    Key_Init                                 0x080115cd   Thumb Code    94  key.o(.text)
    Key_Read                                 0x080116bd   Thumb Code   432  key.o(.text)
    Encoder_Read                             0x0801186d   Thumb Code   228  key.o(.text)
    KeyLED1_ON                               0x08011951   Thumb Code    22  key.o(.text)
    KeyLED1_OFF                              0x08011967   Thumb Code    22  key.o(.text)
    KeyLED2_ON                               0x0801197d   Thumb Code    22  key.o(.text)
    KeyLED2_OFF                              0x08011993   Thumb Code    22  key.o(.text)
    KeyLED3_ON                               0x080119a9   Thumb Code    22  key.o(.text)
    KeyLED3_OFF                              0x080119bf   Thumb Code    22  key.o(.text)
    KeyLED4_ON                               0x080119d5   Thumb Code    22  key.o(.text)
    KeyLED4_OFF                              0x080119eb   Thumb Code    22  key.o(.text)
    KeyLED5_ON                               0x08011a01   Thumb Code    30  key.o(.text)
    KeyLED6_ON                               0x08011a1f   Thumb Code    30  key.o(.text)
    KeyLED7_ON                               0x08011a3d   Thumb Code    22  key.o(.text)
    KeyLED7_OFF                              0x08011a53   Thumb Code    22  key.o(.text)
    LcdDrvGPIOConfig                         0x08011a71   Thumb Code   102  lcd_drv.o(.text)
    LcdDrvFSMCInit                           0x08011ad7   Thumb Code    92  lcd_drv.o(.text)
    LcdDrvWriteData                          0x08011b33   Thumb Code     6  lcd_drv.o(.text)
    LcdDrvWriteCmd                           0x08011b39   Thumb Code    26  lcd_drv.o(.text)
    LcdDrvReadData                           0x08011b53   Thumb Code     6  lcd_drv.o(.text)
    BurstLength                              0x08011b59   Thumb Code    38  lcd_drv.o(.text)
    LcdDrvGotoXy                             0x08011b7f   Thumb Code   110  lcd_drv.o(.text)
    LcdDrvWriteRgb                           0x08011bed   Thumb Code    28  lcd_drv.o(.text)
    LcdDrvWriteRamBlock                      0x08011c09   Thumb Code    78  lcd_drv.o(.text)
    LcdDrvSetFrame                           0x08011c57   Thumb Code    12  lcd_drv.o(.text)
    LcdDrvMapRamBlock                        0x08011c63   Thumb Code    54  lcd_drv.o(.text)
    LcdDrvDisplayFrame                       0x08011c99   Thumb Code    12  lcd_drv.o(.text)
    LcdDrv_RGB_ON                            0x08011ca5   Thumb Code    16  lcd_drv.o(.text)
    LcdDrv_RGB_OFF                           0x08011cb5   Thumb Code    16  lcd_drv.o(.text)
    LcdDrvInit                               0x08011cc5   Thumb Code   570  lcd_drv.o(.text)
    CDCE913_WrReg                            0x08011fad   Thumb Code   112  i2c_clk.o(.text)
    CDCE913_RdReg                            0x0801201d   Thumb Code   210  i2c_clk.o(.text)
    CDCE913_Init                             0x080120ef   Thumb Code    52  i2c_clk.o(.text)
    CDCE913_Y2F                              0x08012123   Thumb Code   330  i2c_clk.o(.text)
    strlen                                   0x08012285   Thumb Code    16  strlen.o(.text)
    atoi                                     0x08012295   Thumb Code    26  atoi.o(.text)
    __aeabi_dmul                             0x080122af   Thumb Code   224  dmul.o(.text)
    __aeabi_ddiv                             0x0801238f   Thumb Code   222  ddiv.o(.text)
    __aeabi_ui2d                             0x0801246d   Thumb Code    26  dfltui.o(.text)
    __aeabi_d2iz                             0x08012487   Thumb Code    62  dfixi.o(.text)
    __aeabi_d2uiz                            0x080124c5   Thumb Code    46  dfixui.o(.text)
    __aeabi_uidiv                            0x080124f3   Thumb Code     0  uidiv.o(.text)
    __aeabi_uidivmod                         0x080124f3   Thumb Code    44  uidiv.o(.text)
    __aeabi_uldivmod                         0x0801251f   Thumb Code    98  uldiv.o(.text)
    __aeabi_llsr                             0x08012581   Thumb Code    32  llushr.o(.text)
    _ll_ushift_r                             0x08012581   Thumb Code     0  llushr.o(.text)
    strtol                                   0x080125a1   Thumb Code   112  strtol.o(.text)
    __I$use$fp                               0x08012611   Thumb Code     0  iusefp.o(.text)
    _double_round                            0x08012611   Thumb Code    26  depilogue.o(.text)
    _double_epilogue                         0x0801262b   Thumb Code   164  depilogue.o(.text)
    __aeabi_dadd                             0x080126cf   Thumb Code   320  dadd.o(.text)
    __aeabi_dsub                             0x0801280f   Thumb Code     6  dadd.o(.text)
    __aeabi_drsub                            0x08012815   Thumb Code     6  dadd.o(.text)
    __ARM_scalbn                             0x0801281b   Thumb Code    46  dscalb.o(.text)
    scalbn                                   0x0801281b   Thumb Code     0  dscalb.o(.text)
    __aeabi_i2d                              0x08012849   Thumb Code    34  dflti.o(.text)
    __aeabi_d2ulz                            0x0801286b   Thumb Code    48  dfixul.o(.text)
    __aeabi_cdcmpeq                          0x0801289d   Thumb Code     0  cdcmple.o(.text)
    __aeabi_cdcmple                          0x0801289d   Thumb Code    38  cdcmple.o(.text)
    __aeabi_cdrcmple                         0x080128c5   Thumb Code    38  cdrcmple.o(.text)
    __scatterload                            0x080128ed   Thumb Code    28  init.o(.text)
    __scatterload_rt2                        0x080128ed   Thumb Code     0  init.o(.text)
    __aeabi_llsl                             0x08012911   Thumb Code    30  llshl.o(.text)
    _ll_shift_l                              0x08012911   Thumb Code     0  llshl.o(.text)
    __aeabi_lasr                             0x0801292f   Thumb Code    36  llsshr.o(.text)
    _ll_sshift_r                             0x0801292f   Thumb Code     0  llsshr.o(.text)
    __rt_ctype_table                         0x08012955   Thumb Code     4  ctype_o.o(.text)
    _strtoul                                 0x0801295d   Thumb Code   158  _strtoul.o(.text)
    _dsqrt                                   0x080129fb   Thumb Code   162  dsqrt.o(.text)
    _chval                                   0x08012a9d   Thumb Code    28  _chval.o(.text)
    __decompress                             0x08012ab9   Thumb Code     0  __dczerorl2.o(.text)
    __decompress1                            0x08012ab9   Thumb Code    92  __dczerorl2.o(.text)
    __0printf$8                              0x08012b15   Thumb Code    22  printf8.o(i.__0printf$8)
    __1printf$8                              0x08012b15   Thumb Code     0  printf8.o(i.__0printf$8)
    __2printf                                0x08012b15   Thumb Code     0  printf8.o(i.__0printf$8)
    __0vsprintf                              0x08012b35   Thumb Code    28  printfa.o(i.__0vsprintf)
    __1vsprintf                              0x08012b35   Thumb Code     0  printfa.o(i.__0vsprintf)
    __2vsprintf                              0x08012b35   Thumb Code     0  printfa.o(i.__0vsprintf)
    __c89vsprintf                            0x08012b35   Thumb Code     0  printfa.o(i.__0vsprintf)
    vsprintf                                 0x08012b35   Thumb Code     0  printfa.o(i.__0vsprintf)
    __ARM_fpclassify                         0x08012b55   Thumb Code    40  fpclassify.o(i.__ARM_fpclassify)
    __aeabi_errno_addr                       0x08012b7d   Thumb Code     4  errno.o(i.__aeabi_errno_addr)
    __rt_errno_addr                          0x08012b7d   Thumb Code     0  errno.o(i.__aeabi_errno_addr)
    __kernel_poly                            0x08012b85   Thumb Code   170  poly.o(i.__kernel_poly)
    __mathlib_dbl_underflow                  0x08012c31   Thumb Code    10  dunder.o(i.__mathlib_dbl_underflow)
    __scatterload_copy                       0x08012c41   Thumb Code    14  handlers.o(i.__scatterload_copy)
    __scatterload_null                       0x08012c4f   Thumb Code     2  handlers.o(i.__scatterload_null)
    __scatterload_zeroinit                   0x08012c51   Thumb Code    14  handlers.o(i.__scatterload_zeroinit)
    __set_errno                              0x08012c61   Thumb Code     6  errno.o(i.__set_errno)
    log                                      0x0801399d   Thumb Code   818  log.o(i.log)
    pow                                      0x08013d09   Thumb Code  2522  pow.o(i.pow)
    sqrt                                     0x080146f5   Thumb Code    76  sqrt.o(i.sqrt)
    ascii_char                               0x08014740   Data        2048  showtext.o(.constdata)
    S90638_INIT_CODE                         0x08014f40   Data       11520  user.o(.constdata)
    Joystick_DeviceDescriptor                0x08017c44   Data          18  usb_desc.o(.constdata)
    Joystick_ConfigDescriptor                0x08017c56   Data          41  usb_desc.o(.constdata)
    Joystick_ReportDescriptor                0x08017c7f   Data          33  usb_desc.o(.constdata)
    Joystick_StringLangID                    0x08017ca0   Data           4  usb_desc.o(.constdata)
    Joystick_StringVendor                    0x08017ca4   Data          20  usb_desc.o(.constdata)
    Joystick_StringProduct                   0x08017cb8   Data          18  usb_desc.o(.constdata)
    memtblsize                               0x08017d1c   Data           4  malloc.o(.constdata)
    memblksize                               0x08017d20   Data           4  malloc.o(.constdata)
    memsize                                  0x08017d24   Data           4  malloc.o(.constdata)
    __mathlib_zero                           0x08017de8   Data           8  qnan.o(.constdata)
    __ctype_table                            0x08017df0   Data         129  ctype_o.o(.constdata)
    Region$$Table$$Base                      0x08018424   Number         0  anon$$obj.o(Region$$Table)
    Region$$Table$$Limit                     0x08018444   Number         0  anon$$obj.o(Region$$Table)
    loadpic                                  0x20000000   Data         384  main.o(.data)
    dip_on                                   0x20000180   Data           4  main.o(.data)
    auto_mode                                0x20000184   Data           4  main.o(.data)
    frame                                    0x20000188   Data           4  main.o(.data)
    frame_delay_cnt                          0x2000018c   Data           4  main.o(.data)
    MsgCmd                                   0x20000190   Data           1  main.o(.data)
    hidr                                     0x20000191   Data           1  main.o(.data)
    frame_max                                0x20000194   Data           4  main.o(.data)
    _1ms_ok                                  0x20000198   Data           4  systick.o(.data)
    _20ms_ok                                 0x2000019c   Data           4  systick.o(.data)
    mode                                     0x200001b0   Data           4  ssd2828.o(.data)
    VCOM                                     0x200001b4   Data           3  ssd2828.o(.data)
    Dsi_LANE                                 0x200001b8   Data           4  gxnussd2828.o(.data)
    Dsi_mbps                                 0x200001bc   Data           4  gxnussd2828.o(.data)
    Lcd_PCLK                                 0x200001c0   Data           4  gxnussd2828.o(.data)
    Lcd_fps                                  0x200001c4   Data           4  gxnussd2828.o(.data)
    StopCondition                            0x200001d0   Data           4  bsp_sdio_sdcard.o(.data)
    TransferError                            0x200001d4   Data           1  bsp_sdio_sdcard.o(.data)
    TransferEnd                              0x200001d8   Data           4  bsp_sdio_sdcard.o(.data)
    SDTransferError                          0x200001f0   Data           1  sdcard.o(.data)
    SDTransferEnd                            0x200001f4   Data           4  sdcard.o(.data)
    SDNumberOfBytes                          0x200001f8   Data           4  sdcard.o(.data)
    SrcBuffer                                0x200001fc   Data           4  sdcard.o(.data)
    DestBuffer                               0x20000200   Data           4  sdcard.o(.data)
    S90638_INIT_PCS                          0x20000204   Data           4  user.o(.data)
    usbnum                                   0x20000208   Data           4  user.o(.data)
    uTimerH                                  0x2000020c   Data           4  user.o(.data)
    uPreTimerH                               0x20000210   Data           4  user.o(.data)
    uTimerL                                  0x20000214   Data           4  user.o(.data)
    uTimerPicH                               0x20000218   Data           4  user.o(.data)
    uTimerPicL                               0x2000021c   Data           4  user.o(.data)
    BurnStart                                0x20000220   Data           1  user.o(.data)
    picDisBeforeBurn                         0x20000221   Data           1  user.o(.data)
    u8PicIndex                               0x20000222   Data           1  user.o(.data)
    SStatus                                  0x20000223   Data           1  user.o(.data)
    USART_RX_STA                             0x20000224   Data           2  gxnu.o(.data)
    commd                                    0x20000226   Data           1  gxnu.o(.data)
    Data_Mul_MaxPacketSize                   0x20000246   Data           1  usb_core.o(.data)
    StatusInfo                               0x20000248   Data           2  usb_core.o(.data)
    EPindex                                  0x2000024c   Data           1  usb_init.o(.data)
    pInformation                             0x20000250   Data           4  usb_init.o(.data)
    pProperty                                0x20000254   Data           4  usb_init.o(.data)
    SaveState                                0x20000258   Data           2  usb_init.o(.data)
    wInterrupt_Mask                          0x2000025a   Data           2  usb_init.o(.data)
    pUser_Standard_Requests                  0x2000025c   Data           4  usb_init.o(.data)
    SaveRState                               0x20000260   Data           2  usb_int.o(.data)
    SaveTState                               0x20000262   Data           2  usb_int.o(.data)
    Joystick_StringSerial                    0x20000264   Data          26  usb_desc.o(.data)
    USB_ReceiveFlg                           0x2000027e   Data           1  usb_endp.o(.data)
    bIntPackSOF                              0x20000280   Data           1  usb_istr.o(.data)
    esof_counter                             0x20000284   Data           4  usb_istr.o(.data)
    wCNTR                                    0x20000288   Data           4  usb_istr.o(.data)
    pEpInt_IN                                0x2000028c   Data          28  usb_istr.o(.data)
    pEpInt_OUT                               0x200002a8   Data          28  usb_istr.o(.data)
    wIstr                                    0x200002c4   Data           2  usb_istr.o(.data)
    Device_Table                             0x200002c8   Data           2  usb_prop.o(.data)
    Device_Property                          0x200002cc   Data          48  usb_prop.o(.data)
    User_Standard_Requests                   0x200002fc   Data          36  usb_prop.o(.data)
    Device_Descriptor                        0x20000320   Data           8  usb_prop.o(.data)
    Config_Descriptor                        0x20000328   Data           8  usb_prop.o(.data)
    Joystick_Report_Descriptor               0x20000330   Data           8  usb_prop.o(.data)
    Mouse_Hid_Descriptor                     0x20000338   Data           8  usb_prop.o(.data)
    String_Descriptor                        0x20000340   Data          32  usb_prop.o(.data)
    ProtocolValue                            0x20000360   Data           4  usb_prop.o(.data)
    bDeviceState                             0x20000364   Data           4  usb_pwr.o(.data)
    fSuspendEnabled                          0x20000368   Data           1  usb_pwr.o(.data)
    remotewakeupon                           0x2000036c   Data           4  usb_pwr.o(.data)
    ResumeS                                  0x20000370   Data           2  usb_pwr.o(.data)
    sys_cmd_tab                              0x20000374   Data          28  usmart.o(.data)
    usmart_nametab                           0x20000390   Data         184  usmart_config.o(.data)
    usmart_dev                               0x20000448   Data         244  usmart_config.o(.data)
    mallco_dev                               0x2000053c   Data          20  malloc.o(.data)
    key_config                               0x20000560   Data           1  key.o(.data)
    KeyTrg                                   0x20000564   Data           4  key.o(.data)
    KeyCont                                  0x20000568   Data           4  key.o(.data)
    MCU_Tsu                                  0x2000056c   Data           4  lcd_drv.o(.data)
    Lcd_DCLK                                 0x20000570   Data           4  lcd_drv.o(.data)
    Lcd_LCDH                                 0x20000574   Data           4  lcd_drv.o(.data)
    Lcd_LCDV                                 0x20000578   Data           4  lcd_drv.o(.data)
    Lcd_HBPD                                 0x2000057c   Data           4  lcd_drv.o(.data)
    Lcd_HFPD                                 0x20000580   Data           4  lcd_drv.o(.data)
    Lcd_HSPW                                 0x20000584   Data           4  lcd_drv.o(.data)
    Lcd_VBPD                                 0x20000588   Data           4  lcd_drv.o(.data)
    Lcd_VFPD                                 0x2000058c   Data           4  lcd_drv.o(.data)
    Lcd_VSPW                                 0x20000590   Data           4  lcd_drv.o(.data)
    Lcd_DCLK_EDGE                            0x20000594   Data           4  lcd_drv.o(.data)
    Lcd_HSYNC_POLARITY                       0x20000598   Data           4  lcd_drv.o(.data)
    Lcd_VSYNC_POLARITY                       0x2000059c   Data           4  lcd_drv.o(.data)
    Lcd_DE_POLARITY                          0x200005a0   Data           4  lcd_drv.o(.data)
    Lcd_VGACLK_DIV                           0x200005a4   Data           4  lcd_drv.o(.data)
    Lcd_MODE                                 0x200005a8   Data           4  lcd_drv.o(.data)
    lcd_lcdh                                 0x200005ac   Data           4  lcd_drv.o(.data)
    __stdout                                 0x200005b0   Data           4  stdout.o(.data)
    frame_delay_ms                           0x200005b8   Data         128  main.o(.bss)
    task_time_ms                             0x20000638   Data          16  systick.o(.bss)
    SDCardInfo                               0x20000678   Data          80  bsp_sdio_sdcard.o(.bss)
    SDIO_InitStructure                       0x200006c8   Data          24  bsp_sdio_sdcard.o(.bss)
    SDIO_CmdInitStructure                    0x200006e0   Data          20  bsp_sdio_sdcard.o(.bss)
    SDIO_DataInitStructure                   0x200006f4   Data          24  bsp_sdio_sdcard.o(.bss)
    buffer1                                  0x2000072c   Data         513  user.o(.bss)
    fb_buffer                                0x2000092d   Data         256  user.o(.bss)
    lbuffer                                  0x20000a2d   Data          64  user.o(.bss)
    SSDCardInfo                              0x20000a70   Data          80  user.o(.bss)
    TBuffer                                  0x20000ac0   Data          22  user.o(.bss)
    USART_RX_BUF                             0x20000ad6   Data         256  gxnu.o(.bss)
    mbuffer                                  0x20000bd6   Data         128  gxnu.o(.bss)
    cmd                                      0x20000c56   Data         129  gxnu.o(.bss)
    Device_Info                              0x20000cd8   Data          28  usb_init.o(.bss)
    Receive_Buffer                           0x20000cf4   Data          22  usb_endp.o(.bss)
    Transi_Buffer                            0x20000d0a   Data          22  usb_endp.o(.bss)
    mem1base                                 0x20000d20   Data       40960  malloc.o(.bss)
    mem1mapbase                              0x2000ad20   Data        2560  malloc.o(.bss)
    __initial_sp                             0x2000bb20   Data           0  startup_stm32f10x_hd.o(STACK)



==============================================================================

Memory Map of the image

  Image Entry point : 0x08000131

  Load Region LR_IROM1 (Base: 0x08000000, Size: 0x000189fc, Max: 0x00040000, ABSOLUTE, COMPRESSED[0x000185f8])

    Execution Region ER_IROM1 (Base: 0x08000000, Size: 0x00018444, Max: 0x00040000, ABSOLUTE)

    Base Addr    Size         Type   Attr      Idx    E Section Name        Object

    0x08000000   0x00000130   Data   RO            3    RESET               startup_stm32f10x_hd.o
    0x08000130   0x00000000   Code   RO         1206  * .ARM.Collect$$$$00000000  mc_w.l(entry.o)
    0x08000130   0x00000004   Code   RO         1499    .ARM.Collect$$$$00000001  mc_w.l(entry2.o)
    0x08000134   0x00000004   Code   RO         1502    .ARM.Collect$$$$00000004  mc_w.l(entry5.o)
    0x08000138   0x00000000   Code   RO         1504    .ARM.Collect$$$$00000008  mc_w.l(entry7b.o)
    0x08000138   0x00000008   Code   RO         1505    .ARM.Collect$$$$00000009  mc_w.l(entry8.o)
    0x08000140   0x00000004   Code   RO         1500    .ARM.Collect$$$$00002712  mc_w.l(entry2.o)
    0x08000144   0x00000024   Code   RO            4    .text               startup_stm32f10x_hd.o
    0x08000168   0x000004f8   Code   RO           10    .text               main.o
    0x08000660   0x0000003a   Code   RO          200    .text               stm32f10x_it.o
    0x0800069a   0x00000002   PAD
    0x0800069c   0x00000158   Code   RO          225    .text               systick.o
    0x080007f4   0x00000dda   Code   RO          247    .text               ssd2828.o
    0x080015ce   0x00000002   PAD
    0x080015d0   0x00001e24   Code   RO          266    .text               in_img.o
    0x080033f4   0x00000230   Code   RO          278    .text               showtext.o
    0x08003624   0x000003fc   Code   RO          294    .text               gxnussd2828.o
    0x08003a20   0x00001904   Code   RO          318    .text               bsp_sdio_sdcard.o
    0x08005324   0x000000cc   Code   RO          337    .text               bsp_usart1.o
    0x080053f0   0x00002500   Code   RO          352    .text               sdcard.o
    0x080078f0   0x000011e4   Code   RO          369    .text               user.o
    0x08008ad4   0x000001d8   Code   RO          390    .text               gxnu.o
    0x08008cac   0x000000cc   Code   RO          409    .text               delay.o
    0x08008d78   0x00000680   Code   RO          427    .text               stm32f10x_fsmc.o
    0x080093f8   0x00000380   Code   RO          439    .text               stm32f10x_gpio.o
    0x08009778   0x00000218   Code   RO          451    .text               stm32f10x_sdio.o
    0x08009990   0x00000408   Code   RO          463    .text               stm32f10x_usart.o
    0x08009d98   0x00000244   Code   RO          475    .text               stm32f10x_dma.o
    0x08009fdc   0x00000100   Code   RO          487    .text               misc.o
    0x0800a0dc   0x00000d68   Code   RO          499    .text               stm32f10x_tim.o
    0x0800ae44   0x0000044e   Code   RO          526    .text               stm32f10x_i2c.o
    0x0800b292   0x00000002   PAD
    0x0800b294   0x00000414   Code   RO          538    .text               stm32f10x_rcc.o
    0x0800b6a8   0x00000150   Code   RO          564    .text               stm32f10x_exti.o
    0x0800b7f8   0x00000130   Code   RO          589    .text               system_stm32f10x.o
    0x0800b928   0x0000007c   Code   RO          618    .text               diskio.o
    0x0800b9a4   0x00001f1e   Code   RO          639    .text               ff.o
    0x0800d8c2   0x00000002   PAD
    0x0800d8c4   0x00000b8c   Code   RO          663    .text               usb_core.o
    0x0800e450   0x00000040   Code   RO          678    .text               usb_init.o
    0x0800e490   0x00000318   Code   RO          701    .text               usb_int.o
    0x0800e7a8   0x00000068   Code   RO          725    .text               usb_mem.o
    0x0800e810   0x0000081e   Code   RO          737    .text               usb_regs.o
    0x0800f02e   0x00000002   PAD
    0x0800f030   0x00000088   Code   RO          749    .text               usb_sil.o
    0x0800f0b8   0x00000168   Code   RO          761    .text               hw_config.o
    0x0800f220   0x0000016c   Code   RO          803    .text               usb_endp.o
    0x0800f38c   0x000001d0   Code   RO          862    .text               usb_istr.o
    0x0800f55c   0x00000250   Code   RO          883    .text               usb_prop.o
    0x0800f7ac   0x00000188   Code   RO          906    .text               usb_pwr.o
    0x0800f934   0x00000258   Code   RO          924    .text               pc_com.o
    0x0800fb8c   0x00000a54   Code   RO          937    .text               usmart.o
    0x080105e0   0x000005c4   Code   RO          974    .text               usmart_str.o
    0x08010ba4   0x00000728   Code   RO          998    .text               yt55f96a6.o
    0x080112cc   0x0000024c   Code   RO         1010    .text               malloc.o
    0x08011518   0x00000558   Code   RO         1030    .text               key.lib(key.o)
    0x08011a70   0x0000048e   Code   RO         1098    .text               lcd_drv.lib(lcd_drv.o)
    0x08011efe   0x00000002   PAD
    0x08011f00   0x00000384   Code   RO         1166    .text               lcd_drv.lib(i2c_clk.o)
    0x08012284   0x00000010   Code   RO         1209    .text               mc_w.l(strlen.o)
    0x08012294   0x0000001a   Code   RO         1472    .text               mc_w.l(atoi.o)
    0x080122ae   0x000000e0   Code   RO         1474    .text               mf_w.l(dmul.o)
    0x0801238e   0x000000de   Code   RO         1476    .text               mf_w.l(ddiv.o)
    0x0801246c   0x0000001a   Code   RO         1478    .text               mf_w.l(dfltui.o)
    0x08012486   0x0000003e   Code   RO         1480    .text               mf_w.l(dfixi.o)
    0x080124c4   0x0000002e   Code   RO         1482    .text               mf_w.l(dfixui.o)
    0x080124f2   0x0000002c   Code   RO         1507    .text               mc_w.l(uidiv.o)
    0x0801251e   0x00000062   Code   RO         1509    .text               mc_w.l(uldiv.o)
    0x08012580   0x00000020   Code   RO         1511    .text               mc_w.l(llushr.o)
    0x080125a0   0x00000070   Code   RO         1520    .text               mc_w.l(strtol.o)
    0x08012610   0x00000000   Code   RO         1522    .text               mc_w.l(iusefp.o)
    0x08012610   0x000000be   Code   RO         1523    .text               mf_w.l(depilogue.o)
    0x080126ce   0x0000014c   Code   RO         1525    .text               mf_w.l(dadd.o)
    0x0801281a   0x0000002e   Code   RO         1527    .text               mf_w.l(dscalb.o)
    0x08012848   0x00000022   Code   RO         1529    .text               mf_w.l(dflti.o)
    0x0801286a   0x00000030   Code   RO         1531    .text               mf_w.l(dfixul.o)
    0x0801289a   0x00000002   PAD
    0x0801289c   0x00000028   Code   RO         1533    .text               mf_w.l(cdcmple.o)
    0x080128c4   0x00000028   Code   RO         1535    .text               mf_w.l(cdrcmple.o)
    0x080128ec   0x00000024   Code   RO         1537    .text               mc_w.l(init.o)
    0x08012910   0x0000001e   Code   RO         1539    .text               mc_w.l(llshl.o)
    0x0801292e   0x00000024   Code   RO         1541    .text               mc_w.l(llsshr.o)
    0x08012952   0x00000002   PAD
    0x08012954   0x00000008   Code   RO         1543    .text               mc_w.l(ctype_o.o)
    0x0801295c   0x0000009e   Code   RO         1571    .text               mc_w.l(_strtoul.o)
    0x080129fa   0x000000a2   Code   RO         1573    .text               mf_w.l(dsqrt.o)
    0x08012a9c   0x0000001c   Code   RO         1575    .text               mc_w.l(_chval.o)
    0x08012ab8   0x0000005c   Code   RO         1585    .text               mc_w.l(__dczerorl2.o)
    0x08012b14   0x00000020   Code   RO         1418    i.__0printf$8       mc_w.l(printf8.o)
    0x08012b34   0x00000020   Code   RO         1450    i.__0vsprintf       mc_w.l(printfa.o)
    0x08012b54   0x00000028   Code   RO         1486    i.__ARM_fpclassify  m_ws.l(fpclassify.o)
    0x08012b7c   0x00000008   Code   RO         1513    i.__aeabi_errno_addr  mc_w.l(errno.o)
    0x08012b84   0x000000aa   Code   RO         1488    i.__kernel_poly     m_ws.l(poly.o)
    0x08012c2e   0x00000002   PAD
    0x08012c30   0x00000010   Code   RO         1484    i.__mathlib_dbl_underflow  m_ws.l(dunder.o)
    0x08012c40   0x0000000e   Code   RO         1579    i.__scatterload_copy  mc_w.l(handlers.o)
    0x08012c4e   0x00000002   Code   RO         1580    i.__scatterload_null  mc_w.l(handlers.o)
    0x08012c50   0x0000000e   Code   RO         1581    i.__scatterload_zeroinit  mc_w.l(handlers.o)
    0x08012c5e   0x00000002   PAD
    0x08012c60   0x0000000c   Code   RO         1515    i.__set_errno       mc_w.l(errno.o)
    0x08012c6c   0x00000154   Code   RO         1451    i._fp_digits        mc_w.l(printfa.o)
    0x08012dc0   0x00000420   Code   RO         1425    i._printf_core      mc_w.l(printf8.o)
    0x080131e0   0x00000704   Code   RO         1452    i._printf_core      mc_w.l(printfa.o)
    0x080138e4   0x00000026   Code   RO         1426    i._printf_post_padding  mc_w.l(printf8.o)
    0x0801390a   0x00000026   Code   RO         1453    i._printf_post_padding  mc_w.l(printfa.o)
    0x08013930   0x00000030   Code   RO         1427    i._printf_pre_padding  mc_w.l(printf8.o)
    0x08013960   0x00000030   Code   RO         1454    i._printf_pre_padding  mc_w.l(printfa.o)
    0x08013990   0x0000000a   Code   RO         1456    i._sputc            mc_w.l(printfa.o)
    0x0801399a   0x00000002   PAD
    0x0801399c   0x0000036c   Code   RO         1187    i.log               m_ws.l(log.o)
    0x08013d08   0x000009ec   Code   RO         1197    i.pow               m_ws.l(pow.o)
    0x080146f4   0x0000004c   Code   RO         1492    i.sqrt              m_ws.l(sqrt.o)
    0x08014740   0x00000800   Data   RO          279    .constdata          showtext.o
    0x08014f40   0x00002d00   Data   RO          371    .constdata          user.o
    0x08017c40   0x00000004   Data   RO          640    .constdata          ff.o
    0x08017c44   0x00000086   Data   RO          790    .constdata          usb_desc.o
    0x08017cca   0x00000002   PAD
    0x08017ccc   0x0000004d   Data   RO          938    .constdata          usmart.o
    0x08017d19   0x00000003   PAD
    0x08017d1c   0x0000000c   Data   RO         1012    .constdata          malloc.o
    0x08017d28   0x00000038   Data   RO         1188    .constdata          m_ws.l(log.o)
    0x08017d60   0x00000088   Data   RO         1198    .constdata          m_ws.l(pow.o)
    0x08017de8   0x00000008   Data   RO         1490    .constdata          m_ws.l(qnan.o)
    0x08017df0   0x00000081   Data   RO         1544    .constdata          mc_w.l(ctype_o.o)
    0x08017e71   0x00000003   PAD
    0x08017e74   0x00000004   Data   RO         1545    .constdata          mc_w.l(ctype_o.o)
    0x08017e78   0x0000001f   Data   RO          939    .conststring        usmart.o
    0x08017e97   0x0000058d   Data   RO          961    .conststring        usmart_config.o
    0x08018424   0x00000020   Data   RO         1577    Region$$Table       anon$$obj.o


    Execution Region RW_IRAM1 (Base: 0x20000000, Size: 0x0000bb20, Max: 0x0000c000, ABSOLUTE, COMPRESSED[0x000001b4])

    Base Addr    Size         Type   Attr      Idx    E Section Name        Object

    0x20000000   0x00000198   Data   RW           12    .data               main.o
    0x20000198   0x00000018   Data   RW          227    .data               systick.o
    0x200001b0   0x00000007   Data   RW          248    .data               ssd2828.o
    0x200001b7   0x00000001   PAD
    0x200001b8   0x00000010   Data   RW          295    .data               gxnussd2828.o
    0x200001c8   0x00000014   Data   RW          320    .data               bsp_sdio_sdcard.o
    0x200001dc   0x00000028   Data   RW          354    .data               sdcard.o
    0x20000204   0x00000020   Data   RW          372    .data               user.o
    0x20000224   0x00000003   Data   RW          392    .data               gxnu.o
    0x20000227   0x00000001   PAD
    0x20000228   0x00000004   Data   RW          410    .data               delay.o
    0x2000022c   0x00000014   Data   RW          539    .data               stm32f10x_rcc.o
    0x20000240   0x00000006   Data   RW          641    .data               ff.o
    0x20000246   0x00000004   Data   RW          664    .data               usb_core.o
    0x2000024a   0x00000002   PAD
    0x2000024c   0x00000014   Data   RW          680    .data               usb_init.o
    0x20000260   0x00000004   Data   RW          702    .data               usb_int.o
    0x20000264   0x0000001a   Data   RW          791    .data               usb_desc.o
    0x2000027e   0x00000001   Data   RW          805    .data               usb_endp.o
    0x2000027f   0x00000001   PAD
    0x20000280   0x00000046   Data   RW          863    .data               usb_istr.o
    0x200002c6   0x00000002   PAD
    0x200002c8   0x0000009c   Data   RW          884    .data               usb_prop.o
    0x20000364   0x0000000e   Data   RW          907    .data               usb_pwr.o
    0x20000372   0x00000002   PAD
    0x20000374   0x0000001c   Data   RW          940    .data               usmart.o
    0x20000390   0x000001ac   Data   RW          962    .data               usmart_config.o
    0x2000053c   0x00000014   Data   RW         1013    .data               malloc.o
    0x20000550   0x0000001c   Data   RW         1031    .data               key.lib(key.o)
    0x2000056c   0x00000044   Data   RW         1099    .data               lcd_drv.lib(lcd_drv.o)
    0x200005b0   0x00000004   Data   RW         1506    .data               mc_w.l(stdout.o)
    0x200005b4   0x00000004   Data   RW         1516    .data               mc_w.l(errno.o)
    0x200005b8   0x00000080   Zero   RW           11    .bss                main.o
    0x20000638   0x00000010   Zero   RW          226    .bss                systick.o
    0x20000648   0x000000c4   Zero   RW          319    .bss                bsp_sdio_sdcard.o
    0x2000070c   0x00000020   Zero   RW          353    .bss                sdcard.o
    0x2000072c   0x000003aa   Zero   RW          370    .bss                user.o
    0x20000ad6   0x00000201   Zero   RW          391    .bss                gxnu.o
    0x20000cd7   0x00000001   PAD
    0x20000cd8   0x0000001c   Zero   RW          679    .bss                usb_init.o
    0x20000cf4   0x0000002c   Zero   RW          804    .bss                usb_endp.o
    0x20000d20   0x0000aa00   Zero   RW         1011    .bss                malloc.o
    0x2000b720   0x00000400   Zero   RW            1    STACK               startup_stm32f10x_hd.o


==============================================================================

Image component sizes


      Code (inc. data)   RO Data    RW Data    ZI Data      Debug   Object Name

      6404        220          0         20        196      23543   bsp_sdio_sdcard.o
       204         10          0          0          0       1008   bsp_usart1.o
       204          8          0          4          0       1146   delay.o
       124          0          0          0          0       3110   diskio.o
      7966         38          4          6          0      23461   ff.o
       472        128          0          3        513       3087   gxnu.o
      1020        332          0         16          0       1874   gxnussd2828.o
       360         18          0          0          0       2291   hw_config.o
      7716         72          0          0          0      10245   in_img.o
      1272        206          0        408        128     309057   main.o
       588         18         12         20      43520       4235   malloc.o
       256         30          0          0          0       1629   misc.o
       600         72          0          0          0       2676   pc_com.o
      9472        396          0         40         32      20373   sdcard.o
       560          6       2048          0          0       2442   showtext.o
      3546         66          0          7          0      15347   ssd2828.o
        36          8        304          0       1024        768   startup_stm32f10x_hd.o
       580         24          0          0          0       3375   stm32f10x_dma.o
       336         30          0          0          0       4067   stm32f10x_exti.o
      1664         62          0          0          0       5211   stm32f10x_fsmc.o
       896         22          0          0          0       5127   stm32f10x_gpio.o
      1102         16          0          0          0       8852   stm32f10x_i2c.o
        58          0          0          0          0       2863   stm32f10x_it.o
      1044         54          0         20          0       8720   stm32f10x_rcc.o
       536         52          0          0          0       6856   stm32f10x_sdio.o
      3432         16          0          0          0      24608   stm32f10x_tim.o
      1032         14          0          0          0       7775   stm32f10x_usart.o
       304         16          0          0          0       1093   system_stm32f10x.o
       344         36          0         24         16       6343   systick.o
      2956        112          0          4          0       8059   usb_core.o
         0          0        134         26          0        893   usb_desc.o
       364         94          0          1         44       1678   usb_endp.o
        64         26          0         20         28       3886   usb_init.o
       792         34          0          4          0       1739   usb_int.o
       464         42          0         70          0       1379   usb_istr.o
       104          4          0          0          0       1318   usb_mem.o
       592         46          0        156          0       7374   usb_prop.o
       392         26          0         14          0       2364   usb_pwr.o
      2078         38          0          0          0      11777   usb_regs.o
       136         12          0          0          0       1378   usb_sil.o
      4580        628      11520         32        938       9688   user.o
      2644       1196        108         28          0       3434   usmart.o
         0          0       1421        428          0       1436   usmart_config.o
      1476         12          0          0          0       5241   usmart_str.o
      1832         88          0          0          0       1359   yt55f96a6.o

    ----------------------------------------------------------------------
     70612       4328      15588       1360      46440     574185   Object Totals
         0          0         32          0          0          0   (incl. Generated)
        10          0          5          9          1          0   (incl. Padding)

    ----------------------------------------------------------------------

      Code (inc. data)   RO Data    RW Data    ZI Data      Debug   Library Member Name

      1368         44          0         28          0     212346   key.o
       900         24          0          0          0       1931   i2c_clk.o
      1166         76          0         68          0      26420   lcd_drv.o
        16          6          0          0          0         68   dunder.o
        40          0          0          0          0         68   fpclassify.o
       876         58         56          0          0        284   log.o
       170          0          0          0          0         96   poly.o
      2540        190        136          0          0        340   pow.o
         0          0          8          0          0          0   qnan.o
        76          0          0          0          0         84   sqrt.o
        92          0          0          0          0          0   __dczerorl2.o
        28          0          0          0          0         68   _chval.o
       158          0          0          0          0         92   _strtoul.o
        26          0          0          0          0         80   atoi.o
         8          4        133          0          0         68   ctype_o.o
         0          0          0          0          0          0   entry.o
         8          4          0          0          0          0   entry2.o
         4          0          0          0          0          0   entry5.o
         0          0          0          0          0          0   entry7b.o
         8          4          0          0          0          0   entry8.o
        20         10          0          4          0        136   errno.o
        30          0          0          0          0          0   handlers.o
        36          8          0          0          0         68   init.o
         0          0          0          0          0          0   iusefp.o
        30          0          0          0          0         68   llshl.o
        36          0          0          0          0         68   llsshr.o
        32          0          0          0          0         68   llushr.o
      1174         56          0          0          0        352   printf8.o
      2264         82          0          0          0        508   printfa.o
         0          0          0          4          0          0   stdout.o
        16          0          0          0          0         68   strlen.o
       112          0          0          0          0         88   strtol.o
        44          0          0          0          0         80   uidiv.o
        98          0          0          0          0         92   uldiv.o
        40          2          0          0          0         68   cdcmple.o
        40          2          0          0          0         68   cdrcmple.o
       332          0          0          0          0        148   dadd.o
       222          0          0          0          0        100   ddiv.o
       190          0          0          0          0        176   depilogue.o
        62          0          0          0          0         80   dfixi.o
        46          0          0          0          0         68   dfixui.o
        48          0          0          0          0         68   dfixul.o
        34          0          0          0          0         76   dflti.o
        26          0          0          0          0         76   dfltui.o
       224          0          0          0          0         96   dmul.o
        46          0          0          0          0         80   dscalb.o
       162          0          0          0          0        100   dsqrt.o

    ----------------------------------------------------------------------
     12860        570        336        104          0     244745   Library Totals
        12          0          3          0          0          0   (incl. Padding)

    ----------------------------------------------------------------------

      Code (inc. data)   RO Data    RW Data    ZI Data      Debug   Library Name

      1368         44          0         28          0     212346   key.lib
      2066        100          0         68          0      28351   lcd_drv.lib
      3718        254        200          0          0        940   m_ws.l
      4224        168        133          8          0       1904   mc_w.l
      1472          4          0          0          0       1204   mf_w.l

    ----------------------------------------------------------------------
     12860        570        336        104          0     244745   Library Totals

    ----------------------------------------------------------------------

==============================================================================


      Code (inc. data)   RO Data    RW Data    ZI Data      Debug   

     83472       4898      15924       1464      46440     811962   Grand Totals
     83472       4898      15924        436      46440     811962   ELF Image Totals (compressed)
     83472       4898      15924        436          0          0   ROM Totals

==============================================================================

    Total RO  Size (Code + RO Data)                99396 (  97.07kB)
    Total RW  Size (RW Data + ZI Data)             47904 (  46.78kB)
    Total ROM Size (Code + RO Data + RW Data)      99832 (  97.49kB)

==============================================================================

